Component: ARM Compiler 6.14 Tool: armlink [5db06800]

==============================================================================

Section Cross References

    main.o(.text.cb_putc) refers to peripheral_uart.o(.text.apUART_Check_TXFIFO_FULL) for apUART_Check_TXFIFO_FULL
    main.o(.text.cb_putc) refers to peripheral_uart.o(.text.UART_SendData) for UART_SendData
    main.o(.ARM.exidx.text.cb_putc) refers to main.o(.text.cb_putc) for [Anonymous Symbol]
    main.o(.text.fputc) refers to main.o(.text.cb_putc) for cb_putc
    main.o(.ARM.exidx.text.fputc) refers to main.o(.text.fputc) for [Anonymous Symbol]
    main.o(.text.config_uart) refers to peripheral_uart.o(.text.apUART_Initialize) for apUART_Initialize
    main.o(.ARM.exidx.text.config_uart) refers to main.o(.text.config_uart) for [Anonymous Symbol]
    main.o(.text.setup_peripherals) refers to main.o(.text.config_uart) for config_uart
    main.o(.text.setup_peripherals) refers to peripheral_sysctrl.o(.text.SYSCTRL_ClearClkGateMulti) for SYSCTRL_ClearClkGateMulti
    main.o(.ARM.exidx.text.setup_peripherals) refers to main.o(.text.setup_peripherals) for [Anonymous Symbol]
    main.o(.ARM.exidx.text.on_lle_init) refers to main.o(.text.on_lle_init) for [Anonymous Symbol]
    main.o(.text.on_deep_sleep_wakeup) refers to main.o(.text.setup_peripherals) for setup_peripherals
    main.o(.ARM.exidx.text.on_deep_sleep_wakeup) refers to main.o(.text.on_deep_sleep_wakeup) for [Anonymous Symbol]
    main.o(.ARM.exidx.text.query_deep_sleep_allowed) refers to main.o(.text.query_deep_sleep_allowed) for [Anonymous Symbol]
    main.o(.text.uart_isr) refers to peripheral_uart.o(.text.apUART_Get_all_raw_int_stat) for apUART_Get_all_raw_int_stat
    main.o(.text.uart_isr) refers to peripheral_uart.o(.text.apUART_Check_RXFIFO_EMPTY) for apUART_Check_RXFIFO_EMPTY
    main.o(.text.uart_isr) refers to uart_console.o(.text.console_rx_data) for console_rx_data
    main.o(.ARM.exidx.text.uart_isr) refers to main.o(.text.uart_isr) for [Anonymous Symbol]
    main.o(.text.app_main) refers to ing_2p4g.o(.ram_code) for ing2p4g_init_dual_mode
    main.o(.text.app_main) refers to main.o(.rodata.evt_cb_table) for evt_cb_table
    main.o(.text.app_main) refers to peripheral_sysctrl.o(.text.SYSCTRL_Init) for SYSCTRL_Init
    main.o(.text.app_main) refers to main.o(.text.setup_peripherals) for setup_peripherals
    main.o(.text.app_main) refers to main.o(.text.uart_isr) for uart_isr
    main.o(.text.app_main) refers to main.o(.bss.trace_ctx) for trace_ctx
    main.o(.text.app_main) refers to trace.o(.text.trace_rtt_init) for trace_rtt_init
    main.o(.text.app_main) refers to noos_impl.o(.text.os_impl_get_driver) for os_impl_get_driver
    main.o(.ARM.exidx.text.app_main) refers to main.o(.text.app_main) for [Anonymous Symbol]
    main.o(.text.cb_hard_fault) refers to main.o(.rodata.str1.1) for .L.str
    main.o(.ARM.exidx.text.cb_hard_fault) refers to main.o(.text.cb_hard_fault) for [Anonymous Symbol]
    main.o(.ARM.exidx.text.cb_assertion) refers to main.o(.text.cb_assertion) for [Anonymous Symbol]
    main.o(.ARM.exidx.text.cb_heap_out_of_mem) refers to main.o(.text.cb_heap_out_of_mem) for [Anonymous Symbol]
    main.o(.rodata.evt_cb_table) refers to main.o(.text.cb_putc) for cb_putc
    main.o(.rodata.evt_cb_table) refers to profile.o(.text.setup_profile) for setup_profile
    main.o(.rodata.evt_cb_table) refers to main.o(.text.on_deep_sleep_wakeup) for on_deep_sleep_wakeup
    main.o(.rodata.evt_cb_table) refers to main.o(.text.query_deep_sleep_allowed) for query_deep_sleep_allowed
    main.o(.rodata.evt_cb_table) refers to main.o(.text.cb_hard_fault) for cb_hard_fault
    main.o(.rodata.evt_cb_table) refers to main.o(.text.cb_assertion) for cb_assertion
    main.o(.rodata.evt_cb_table) refers to main.o(.text.on_lle_init) for on_lle_init
    main.o(.rodata.evt_cb_table) refers to main.o(.text.cb_heap_out_of_mem) for cb_heap_out_of_mem
    main.o(.rodata.evt_cb_table) refers to trace.o(.text.cb_trace_rtt) for cb_trace_rtt
    main.o(.rodata.evt_cb_table) refers to main.o(.bss.trace_ctx) for trace_ctx
    profile.o(.text.mode_switch_to_2p4g_trigger) refers to profile.o(.text.ble_status_get) for ble_status_get
    profile.o(.text.mode_switch_to_2p4g_trigger) refers to profile.o(.bss.bleSta.5) for bleSta.5
    profile.o(.text.mode_switch_to_2p4g_trigger) refers to app_2g4.o(.text.ing24g_test_do_switch_to_2p4g) for ing24g_test_do_switch_to_2p4g
    profile.o(.ARM.exidx.text.mode_switch_to_2p4g_trigger) refers to profile.o(.text.mode_switch_to_2p4g_trigger) for [Anonymous Symbol]
    profile.o(.text.ble_status_get) refers to profile.o(.bss.bleSta.1) for bleSta.1
    profile.o(.ARM.exidx.text.ble_status_get) refers to profile.o(.text.ble_status_get) for [Anonymous Symbol]
    profile.o(.text.ing2p4g_switch_to_ble_mode_start) refers to profile.o(.bss.bleSta.6) for bleSta.6
[...]
    USB_GetTransferSize                      0x0202a591   Thumb Code   184  peripheral_usb.o(.text.USB_GetTransferSize)
    USB_HandleEp0                            0x0202a649   Thumb Code   296  peripheral_usb.o(.text.USB_HandleEp0)
    USB_InitConfig                           0x0202a771   Thumb Code    48  peripheral_usb.o(.text.USB_InitConfig)
    USB_IrqHandler                           0x0202a7a1   Thumb Code   734  peripheral_usb.o(.text.USB_IrqHandler)
    USB_IsEpStall                            0x0202aa81   Thumb Code    76  peripheral_usb.o(.text.USB_IsEpStall)
    USB_NewTransfer                          0x0202aacd   Thumb Code   222  peripheral_usb.o(.text.USB_NewTransfer)
    USB_PCStopPhyClcok                       0x0202abad   Thumb Code    48  peripheral_usb.o(.text.USB_PCStopPhyClcok)
    USB_ReInit                               0x0202abdd   Thumb Code    22  peripheral_usb.o(.text.USB_ReInit)
    USB_RecvData                             0x0202abf5   Thumb Code    76  peripheral_usb.o(.text.USB_RecvData)
    USB_ResetAndConfig                       0x0202ac41   Thumb Code   110  peripheral_usb.o(.text.USB_ResetAndConfig)
    USB_ResetTransfert                       0x0202acb1   Thumb Code    64  peripheral_usb.o(.text.USB_ResetTransfert)
    USB_SendData                             0x0202acf1   Thumb Code   104  peripheral_usb.o(.text.USB_SendData)
    USB_SetEp0Stall                          0x0202ad59   Thumb Code    26  peripheral_usb.o(.text.USB_SetEp0Stall)
    USB_SetStallEp                           0x0202ad75   Thumb Code   128  peripheral_usb.o(.text.USB_SetStallEp)
    USB_SetupDataFifo                        0x0202adf5   Thumb Code    42  peripheral_usb.o(.text.USB_SetupDataFifo)
    USB_StartTransfer                        0x0202ae21   Thumb Code   116  peripheral_usb.o(.text.USB_StartTransfer)
    Usb_OK_Claer                             0x0202ae95   Thumb Code    14  app_2g4.o(.text.Usb_OK_Claer)
    Usb_OK_Set                               0x0202aea5   Thumb Code    20  app_2g4.o(.text.Usb_OK_Set)
    Usb_Suspend_Signal_Abnormal_Claer        0x0202aeb9   Thumb Code    32  app_2g4.o(.text.Usb_Suspend_Signal_Abnormal_Claer)
    Usb_Suspend_Signal_Check_OK              0x0202aed9   Thumb Code    26  app_2g4.o(.text.Usb_Suspend_Signal_Check_OK)
    Usb_Suspend_Signal_Claer                 0x0202aef5   Thumb Code    24  app_2g4.o(.text.Usb_Suspend_Signal_Claer)
    Usb_Suspend_Signal_Set                   0x0202af0d   Thumb Code    26  app_2g4.o(.text.Usb_Suspend_Signal_Set)
    Usb_Systme_Led_Set                       0x0202af29   Thumb Code    24  app_2g4.o(.text.Usb_Systme_Led_Set)
    User_Init_2P4G                           0x0202af41   Thumb Code   142  app_2g4.o(.text.User_Init_2P4G)
    User_Pair_Read_Fucn                      0x0202afd1   Thumb Code   530  app_2g4.o(.text.User_Pair_Read_Fucn)
    User_Return_Connect_Read_Fucn            0x0202b1e5   Thumb Code   356  app_2g4.o(.text.User_Return_Connect_Read_Fucn)
    User_Usb_Send_Report                     0x0202b349   Thumb Code   154  bsp_usb_hid_iap.o(.text.User_Usb_Send_Report)
    apUART_BaudRateSet                       0x0202b56d   Thumb Code    50  peripheral_uart.o(.text.apUART_BaudRateSet)
    apUART_Check_RXFIFO_EMPTY                0x0202b5a1   Thumb Code     8  peripheral_uart.o(.text.apUART_Check_RXFIFO_EMPTY)
    apUART_Check_TXFIFO_FULL                 0x0202b5a9   Thumb Code     8  peripheral_uart.o(.text.apUART_Check_TXFIFO_FULL)
    apUART_Get_all_raw_int_stat              0x0202b5b1   Thumb Code     4  peripheral_uart.o(.text.apUART_Get_all_raw_int_stat)
    apUART_Initialize                        0x0202b5b5   Thumb Code   118  peripheral_uart.o(.text.apUART_Initialize)
    app_2g4_buffer_init                      0x0202b679   Thumb Code    24  app_2g4.o(.text.app_2g4_buffer_init)
    app_2g4_buffer_rev_add                   0x0202b691   Thumb Code    26  app_2g4.o(.text.app_2g4_buffer_rev_add)
    app_2g4_buffer_send_add                  0x0202b6ad   Thumb Code    26  app_2g4.o(.text.app_2g4_buffer_send_add)
    app_2g4_channel_hop                      0x0202b6c9   Thumb Code    52  app_2g4.o(.text.app_2g4_channel_hop)
    app_2g4_channel_hop_begin                0x0202b6fd   Thumb Code    62  app_2g4.o(.text.app_2g4_channel_hop_begin)
    app_2g4_hop_init                         0x0202b73d   Thumb Code    38  app_2g4.o(.text.app_2g4_hop_init)
    app_2g4_loop                             0x0202b765   Thumb Code   122  app_2g4.o(.text.app_2g4_loop)
    app_main                                 0x0202b7e1   Thumb Code    76  main.o(.text.app_main)
    app_mode_loop                            0x0202b82d   Thumb Code   238  app_2g4.o(.text.app_mode_loop)
    app_mode_switch_2G4_trigger              0x0202b91d   Thumb Code    20  app_2g4.o(.text.app_mode_switch_2G4_trigger)
    app_mode_switch_callback                 0x0202b931   Thumb Code    44  app_2g4.o(.text.app_mode_switch_callback)
    app_storage_2g4_addr_read                0x0202b95d   Thumb Code    40  app_storage.o(.text.app_storage_2g4_addr_read)
    app_storage_2g4_addr_write               0x0202b985   Thumb Code    54  app_storage.o(.text.app_storage_2g4_addr_write)
    app_storage_2g4_state_init               0x0202b9bd   Thumb Code    48  app_storage.o(.text.app_storage_2g4_state_init)
    app_storage_2g4_state_read               0x0202b9ed   Thumb Code    38  app_storage.o(.text.app_storage_2g4_state_read)
    app_storage_2g4_state_reset              0x0202ba15   Thumb Code    50  app_storage.o(.text.app_storage_2g4_state_reset)
    app_storage_init                         0x0202ba49   Thumb Code    12  app_storage.o(.text.app_storage_init)
    bsp_usb_device_remote_wakeup             0x0202bbb1   Thumb Code    32  bsp_usb_hid_iap.o(.text.bsp_usb_device_remote_wakeup)
    bsp_usb_disable                          0x0202bbd1   Thumb Code    32  bsp_usb_hid_iap.o(.text.bsp_usb_disable)
    bsp_usb_hid_iap_recv_callback_register   0x0202c209   Thumb Code    12  bsp_usb_hid_iap.o(.text.bsp_usb_hid_iap_recv_callback_register)
    bsp_usb_hid_iap_send                     0x0202c215   Thumb Code    88  bsp_usb_hid_iap.o(.text.bsp_usb_hid_iap_send)
    bsp_usb_hid_ucm_recv_callback_register   0x0202c385   Thumb Code    12  bsp_usb_hid_iap.o(.text.bsp_usb_hid_ucm_recv_callback_register)
    bsp_usb_hid_ucm_send                     0x0202c391   Thumb Code    88  bsp_usb_hid_iap.o(.text.bsp_usb_hid_ucm_send)
    bsp_usb_init                             0x0202c3e9   Thumb Code   116  bsp_usb_hid_iap.o(.text.bsp_usb_init)
    cb_putc                                  0x0202c611   Thumb Code    34  main.o(.text.cb_putc)
    cb_trace_rtt                             0x0202c635   Thumb Code    84  trace.o(.text.cb_trace_rtt)
    cmd_2g4_bond_clear                       0x0202c689   Thumb Code     8  uart_console.o(.text.cmd_2g4_bond_clear)
    cmd_2g4_bond_init                        0x0202c691   Thumb Code     8  uart_console.o(.text.cmd_2g4_bond_init)
    cmd_2g4_bond_read                        0x0202c699   Thumb Code    12  uart_console.o(.text.cmd_2g4_bond_read)
    cmd_2g4_bond_write                       0x0202c6a5   Thumb Code    16  uart_console.o(.text.cmd_2g4_bond_write)
    cmd_ack_one_packet                       0x0202c6b5   Thumb Code    10  uart_console.o(.text.cmd_ack_one_packet)
    cmd_get_2g4_state                        0x0202c6c1   Thumb Code    16  uart_console.o(.text.cmd_get_2g4_state)
    cmd_get_2g4_work_mode                    0x0202c6d1   Thumb Code    16  uart_console.o(.text.cmd_get_2g4_work_mode)
    cmd_help                                 0x0202c6e1   Thumb Code    20  uart_console.o(.text.cmd_help)
    cmd_rx_continus                          0x0202c6f5   Thumb Code    24  uart_console.o(.text.cmd_rx_continus)
    cmd_rx_one_packet                        0x0202c70d   Thumb Code    32  uart_console.o(.text.cmd_rx_one_packet)
    cmd_shutdown                             0x0202c72d   Thumb Code    20  uart_console.o(.text.cmd_shutdown)
    cmd_stop_continus                        0x0202c741   Thumb Code     8  uart_console.o(.text.cmd_stop_continus)
    cmd_test_inst                            0x0202c749   Thumb Code   252  uart_console.o(.text.cmd_test_inst)
    comm_2p4g_start                          0x0202c845   Thumb Code   120  ing_2p4g.o(.text.comm_2p4g_start)
    config_uart                              0x0202c8bd   Thumb Code    60  main.o(.text.config_uart)
    console_rx_data                          0x0202c8f9   Thumb Code   156  uart_console.o(.text.console_rx_data)
    custom_main_loop                         0x0202c9f1   Thumb Code    20  cust_main.o(.text.custom_main_loop)
    erase_flash_sector                       0x0202ca31   Thumb Code    22  eflash.o(.text.erase_flash_sector)
    flash_enable_write_protection            0x0202ca49   Thumb Code    74  eflash.o(.text.flash_enable_write_protection)
    flash_get_factory_calib_data             0x0202ca95   Thumb Code    24  eflash.o(.text.flash_get_factory_calib_data)
    flash_prepare_factory_data               0x0202caad   Thumb Code   160  eflash.o(.text.flash_prepare_factory_data)
    flash_write_protection_set               0x0202cbed   Thumb Code   100  iap_flash_wp.o(.text.flash_write_protection_set)
    fputc                                    0x0202cc51   Thumb Code    20  main.o(.text.fputc)
    getCRC16                                 0x0202cc65   Thumb Code    26  crc16.o(.text.getCRC16)
    handle_command                           0x0202cc8d   Thumb Code    96  uart_console.o(.text.handle_command)
    hci_cmd_cmpl_user_handler                0x0202cced   Thumb Code    86  profile.o(.text.hci_cmd_cmpl_user_handler)
    ing24g_init                              0x0202cef5   Thumb Code    50  app_2g4.o(.text.ing24g_init)
    ing24g_test_do_switch_to_2p4g            0x0202cf29   Thumb Code   152  app_2g4.o(.text.ing24g_test_do_switch_to_2p4g)
    ing2p4g_get_2g4_work_mode                0x0202cfc1   Thumb Code    34  ing_2p4g.o(.text.ing2p4g_get_2g4_work_mode)
    ing2p4g_get_state                        0x0202cfe5   Thumb Code    34  ing_2p4g.o(.text.ing2p4g_get_state)
    ing2p4g_lle_set_parameter                0x0202d009   Thumb Code    54  ing_2p4g.o(.text.ing2p4g_lle_set_parameter)
    ing2p4g_set_2g4_work_mode                0x0202d0a5   Thumb Code    58  ing_2p4g.o(.text.ing2p4g_set_2g4_work_mode)
    ing2p4g_set_access_address               0x0202d0e1   Thumb Code    70  ing_2p4g.o(.text.ing2p4g_set_access_address)
    ing2p4g_set_channel                      0x0202d129   Thumb Code    84  ing_2p4g.o(.text.ing2p4g_set_channel)
    ing2p4g_set_irq_callback                 0x0202d17d   Thumb Code    60  ing_2p4g.o(.text.ing2p4g_set_irq_callback)
    ing2p4g_set_rx_timeout                   0x0202d1c9   Thumb Code    88  ing_2p4g.o(.text.ing2p4g_set_rx_timeout)
    ing2p4g_start_2p4g_rx                    0x0202d221   Thumb Code    82  ing_2p4g.o(.text.ing2p4g_start_2p4g_rx)
    ing2p4g_switch_to_2G4                    0x0202d275   Thumb Code    50  ing_2p4g.o(.text.ing2p4g_switch_to_2G4)
    ing_2p4g_config_init                     0x0202d2b1   Thumb Code    58  app_2g4.o(.text.ing_2p4g_config_init)
    kv_impl_init                             0x0202d50d   Thumb Code    72  kv_impl.o(.text.kv_impl_init)
    loop_uart_console                        0x0202d695   Thumb Code    42  uart_console.o(.text.loop_uart_console)
    mode_switch_to_2p4g_trigger              0x0202d6c1   Thumb Code    28  profile.o(.text.mode_switch_to_2p4g_trigger)
    noos_start                               0x0202d6e9   Thumb Code    44  noos_impl.o(.text.noos_start)
    on_deep_sleep_wakeup                     0x0202d725   Thumb Code    10  main.o(.text.on_deep_sleep_wakeup)
    on_lle_init                              0x0202d731   Thumb Code     4  main.o(.text.on_lle_init)
    os_impl_get_driver                       0x0202d735   Thumb Code    10  noos_impl.o(.text.os_impl_get_driver)
    pendsv_isr                               0x0202d741   Thumb Code     2  noos_impl.o(.text.pendsv_isr)
    program_flash                            0x0202d745   Thumb Code    10  eflash.o(.text.program_flash)
    program_fota_metadata                    0x0202d751   Thumb Code   116  iap_bootloader.o(.text.program_fota_metadata)
    query_deep_sleep_allowed                 0x0202d7c5   Thumb Code     4  main.o(.text.query_deep_sleep_allowed)
    read_flash_security                      0x0202d849   Thumb Code    60  eflash.o(.text.read_flash_security)
    rom_crc16_large                          0x0202d8c9   Thumb Code    72  crc16.o(.text.rom_crc16_large)
    setup_peripherals                        0x0202da65   Thumb Code    30  main.o(.text.setup_peripherals)
    setup_profile                            0x0202da85   Thumb Code    66  profile.o(.text.setup_profile)
    svc_isr                                  0x0202dbc5   Thumb Code     2  noos_impl.o(.text.svc_isr)
    tick_isr                                 0x0202dbf1   Thumb Code     2  noos_impl.o(.text.tick_isr)
    trace_rtt_init                           0x0202dd1d   Thumb Code     8  trace.o(.text.trace_rtt_init)
    uart_isr                                 0x0202dd69   Thumb Code    72  main.o(.text.uart_isr)
    ucm_init                                 0x0202ddb1   Thumb Code    18  ctrl.o(.text.ucm_init)
    usb_remote_wakeup                        0x0202ddc5   Thumb Code     8  app_2g4.o(.text.usb_remote_wakeup)
    write_flash                              0x0202de89   Thumb Code    38  eflash.o(.text.write_flash)
    write_flash0                             0x0202deb1   Thumb Code   134  eflash.o(.text.write_flash0)
    Long Thumb to Thumb Veneer to platform_init_controller 0x0202df57   Thumb Code    10  anon$$obj.o(Veneer$$Code)
    Long Thumb to Thumb Veneer to platform_controller_run 0x0202df61   Thumb Code    10  anon$$obj.o(Veneer$$Code)
    __0printf$8                              0x0202df6d   Thumb Code    22  printf8.o(i.__0printf$8)
    __1printf$8                              0x0202df6d   Thumb Code     0  printf8.o(i.__0printf$8)
    __2printf                                0x0202df6d   Thumb Code     0  printf8.o(i.__0printf$8)
    __scatterload_copy                       0x0202df8d   Thumb Code    14  handlers.o(i.__scatterload_copy)
    __scatterload_null                       0x0202df9b   Thumb Code     2  handlers.o(i.__scatterload_null)
    __scatterload_zeroinit                   0x0202df9d   Thumb Code    14  handlers.o(i.__scatterload_zeroinit)
    free                                     0x0202e411   Thumb Code    76  malloc.o(i.free)
    malloc                                   0x0202e461   Thumb Code    92  malloc.o(i.malloc)
    puts                                     0x0202e4cd   Thumb Code    30  puts.o(i.puts)
    ConfigDescriptor                         0x0202e4f0   Data          98  bsp_usb_hid_iap.o(.rodata.ConfigDescriptor)
    DeviceDescriptor                         0x0202e554   Data          18  bsp_usb_hid_iap.o(.rodata.DeviceDescriptor)
    ReportCtlDescriptor                      0x0202e568   Data         211  bsp_usb_hid_iap.o(.rodata.ReportCtlDescriptor)
    ReportKeyDescriptor                      0x0202e63c   Data          68  bsp_usb_hid_iap.o(.rodata.ReportKeyDescriptor)
    ReportViaDescriptor                      0x0202e680   Data          34  bsp_usb_hid_iap.o(.rodata.ReportViaDescriptor)
    StringDescriptor_0                       0x0202e6a4   Data           4  bsp_usb_hid_iap.o(.rodata.StringDescriptor_0)
    StringDescriptor_1                       0x0202e6a8   Data          18  bsp_usb_hid_iap.o(.rodata.StringDescriptor_1)
    StringDescriptor_2                       0x0202e6bc   Data          42  bsp_usb_hid_iap.o(.rodata.StringDescriptor_2)
    StringDescriptor_3                       0x0202e6e8   Data          18  bsp_usb_hid_iap.o(.rodata.StringDescriptor_3)
    auchCRCHi                                0x0202e715   Data         256  crc16.o(.rodata.auchCRCHi)
    auchCRCLo                                0x0202e815   Data         256  crc16.o(.rodata.auchCRCLo)
    io_output_source_map                     0x0202ed21   Data         798  peripheral_pinctrl.o(.rodata.io_output_source_map)
    Region$$Table$$Base                      0x0202f64c   Number         0  anon$$obj.o(Region$$Table)
    Region$$Table$$Limit                     0x0202f66c   Number         0  anon$$obj.o(Region$$Table)
    platform_init_controller                 0x20000145   Thumb Code     0  symdefs.m ABSOLUTE
    platform_controller_run                  0x2000015b   Thumb Code     0  symdefs.m ABSOLUTE
    platform_pre_suppress_ticks_and_sleep_processing 0x200003d5   Thumb Code     0  symdefs.m ABSOLUTE
    platform_pre_sleep_processing            0x200003d9   Thumb Code     0  symdefs.m ABSOLUTE
    platform_post_sleep_processing           0x200003df   Thumb Code     0  symdefs.m ABSOLUTE
    platform_os_idle_resumed_hook            0x200003e5   Thumb Code     0  symdefs.m ABSOLUTE
    __stdout                                 0x20004360   Data           4  stdout.o(.data)
    __microlib_freelist                      0x20004364   Data           4  mvars.o(.data)
    __microlib_freelist_initialised          0x20004368   Data           4  mvars.o(.data)
    Test_Count                               0x2000436c   Data           1  app_2g4.o(.data.Test_Count)
    sw_timers                                0x200043f4   Data         160  noos_impl.o(.data.sw_timers)
    CtlReport                                0x20004498   Data           3  bsp_usb_hid_iap.o(.bss.CtlReport)
    DataRecvBuf                              0x2000449c   Data          64  bsp_usb_hid_iap.o(.bss.DataRecvBuf)
    DataSendBuf                              0x200044dc   Data          64  bsp_usb_hid_iap.o(.bss.DataSendBuf)
    DynamicDescriptor                        0x2000451c   Data          64  bsp_usb_hid_iap.o(.bss.DynamicDescriptor)
    ING2P4G_Config                           0x2000455c   Data          28  ing_2p4g.o(.bss.ING2P4G_Config)
    KeybReport                               0x2000457c   Data          56  bsp_usb_hid_iap.o(.bss.KeybReport)
    RxPkt                                    0x200045c4   Data         268  ing_2p4g.o(.bss.RxPkt)
    Test_Complete_Start                      0x200047e8   Data           1  app_2g4.o(.bss.Test_Complete_Start)
    Test_Complete_data                       0x200047e9   Data          32  app_2g4.o(.bss.Test_Complete_data)
    Test_Piar_Start                          0x20004809   Data           1  app_2g4.o(.bss.Test_Piar_Start)
    Test_Piar_data                           0x2000480a   Data          32  app_2g4.o(.bss.Test_Piar_data)
    Test_Power_Start                         0x2000482a   Data           1  app_2g4.o(.bss.Test_Power_Start)
    TxPacketBuffer                           0x20004834   Data          20  ing_2p4g.o(.bss.TxPacketBuffer)
    UcmReport                                0x20004848   Data           3  bsp_usb_hid_iap.o(.bss.UcmReport)
    UsbVar                                   0x2000484c   Data           4  bsp_usb_hid_iap.o(.bss.UsbVar)
    _SEGGER_RTT                              0x20004854   Data          72  trace.o(.bss._SEGGER_RTT)
    g_UsbVar                                 0x20006e18   Data         264  peripheral_usb.o(.bss.g_UsbVar)
    hci_cmd_cmpl_user_handler_map_len        0x20006f24   Data           2  profile.o(.bss.hci_cmd_cmpl_user_handler_map_len)
    hci_cmd_complete_user_handler_map        0x20006f28   Data          80  profile.o(.bss.hci_cmd_complete_user_handler_map)
    ing2p4g_callback                         0x20006f8c   Data          16  ing_2p4g.o(.bss.ing2p4g_callback)
    ing2p4g_state                            0x20006f9c   Data           1  ing_2p4g.o(.bss.ing2p4g_state)
    input                                    0x20006fbc   Data          60  uart_console.o(.bss.input)
    kv_cache                                 0x20007000   Data         400  kv_impl.o(.bss.kv_cache)
    output                                   0x20007196   Data          60  uart_console.o(.bss.output)
    p_ecpt                                   0x200071d4   Data           4  ing_2p4g.o(.bss.p_ecpt)
    p_rxcont                                 0x200071d8   Data           4  ing_2p4g.o(.bss.p_rxcont)
    p_txcont                                 0x200071dc   Data           4  ing_2p4g.o(.bss.p_txcont)
    trace_ctx                                0x20007377   Data           1  main.o(.bss.trace_ctx)
    __heap_base                              0x200073c0   Data           0  startup_ing91600.o(HEAP)
    __heap_limit                             0x200097a8   Data           0  startup_ing91600.o(HEAP)
    __initial_sp                             0x20009ba8   Data           0  startup_ing91600.o(STACK)



==============================================================================

Memory Map of the image

  Image Entry point : 0x02027121

  Load Region LR_IROM1 (Base: 0x02027000, Size: 0x000087a8, Max: 0x00059000, ABSOLUTE, COMPRESSED[0x000086e8])

    Execution Region ER_IROM1 (Exec base: 0x02027000, Load base: 0x02027000, Size: 0x0000866c, Max: 0x00059000, ABSOLUTE)

    Exec Addr    Load Addr    Size         Type   Attr      Idx    E Section Name        Object

    0x02027000   0x02027000   0x00000120   Data   RO          257    RESET               startup_ing91600.o
    0x02027120   0x02027120   0x00000000   Code   RO         2528  * .ARM.Collect$$$$00000000  mc_w.l(entry.o)
    0x02027120   0x02027120   0x00000004   Code   RO         2858    .ARM.Collect$$$$00000001  mc_w.l(entry2.o)
    0x02027124   0x02027124   0x00000004   Code   RO         2861    .ARM.Collect$$$$00000004  mc_w.l(entry5.o)
    0x02027128   0x02027128   0x00000000   Code   RO         2863    .ARM.Collect$$$$00000008  mc_w.l(entry7b.o)
    0x02027128   0x02027128   0x00000000   Code   RO         2865    .ARM.Collect$$$$0000000A  mc_w.l(entry8b.o)
    0x02027128   0x02027128   0x00000008   Code   RO         2866    .ARM.Collect$$$$0000000B  mc_w.l(entry9a.o)
    0x02027130   0x02027130   0x00000000   Code   RO         2868    .ARM.Collect$$$$0000000D  mc_w.l(entry10a.o)
    0x02027130   0x02027130   0x00000000   Code   RO         2870    .ARM.Collect$$$$0000000F  mc_w.l(entry11a.o)
    0x02027130   0x02027130   0x00000004   Code   RO         2859    .ARM.Collect$$$$00002712  mc_w.l(entry2.o)
    0x02027134   0x02027134   0x0000002a   Code   RO          183    .ram_code           my_irq.o
    0x0202715e   0x0202715e   0x00000002   PAD
    0x02027160   0x02027160   0x0000012c   Code   RO         1714    .ram_code           app_2g4.o
    0x0202728c   0x0202728c   0x00000712   Code   RO         2135    .ram_code           BLE_2P4G_Switch.lib(ing_2p4g.o)
    0x0202799e   0x0202799e   0x00000002   PAD
    0x020279a0   0x020279a0   0x00000050   Code   RO          258    .text               startup_ing91600.o
    0x020279f0   0x020279f0   0x00000024   Code   RO         2529    .text               mc_w.l(init.o)
    0x02027a14   0x02027a14   0x00000062   Code   RO         2539    .text               mc_w.l(uldiv.o)
    0x02027a76   0x02027a76   0x00000040   Code   RO         2545    .text               mc_w.l(memmovea.o)
    0x02027ab6   0x02027ab6   0x00000024   Code   RO         2547    .text               mc_w.l(memseta.o)
    0x02027ada   0x02027ada   0x0000001a   Code   RO         2551    .text               mc_w.l(memcmp.o)
    0x02027af4   0x02027af4   0x0000002a   Code   RO         2557    .text               mc_w.l(strcasecmp.o)
    0x02027b1e   0x02027b1e   0x0000001e   Code   RO         2875    .text               mc_w.l(llshl.o)
    0x02027b3c   0x02027b3c   0x00000020   Code   RO         2877    .text               mc_w.l(llushr.o)
    0x02027b5c   0x02027b5c   0x0000000c   Code   RO         2881    .text               mc_w.l(tolower.o)
    0x02027b68   0x02027b68   0x0000003a   Code   RO         2904    .text               mc_w.l(__dczerorl.o)
    0x02027ba2   0x02027ba2   0x00000002   PAD
    0x02027ba4   0x02027ba4   0x00000008   Code   RO          220    .text.AAA_Usb_Suspend_Signal_Set  uart_console.o
    0x02027bac   0x02027bac   0x0000002c   Code   RO         1634    .text.Colse_Test    app_2g4.o
    0x02027bd8   0x02027bd8   0x0000000e   Code   RO         1923    .text.CtlReport_Claer_Func  bsp_usb_hid_iap.o
    0x02027be6   0x02027be6   0x00000002   PAD
    0x02027be8   0x02027be8   0x0000000e   Code   RO         1921    .text.CtlReport_Set_Func  bsp_usb_hid_iap.o
    0x02027bf6   0x02027bf6   0x00000002   PAD
    0x02027bf8   0x02027bf8   0x00000060   Code   RO          457    .text.GIO_EnableRetentionGroupB  peripheral_gpio.o
    0x02027c58   0x02027c58   0x0000001c   Code   RO          425    .text.GIO_MaskedWrite  peripheral_gpio.o
    0x02027c74   0x02027c74   0x0000000c   Code   RO         1644    .text.Get_Usb_Status  app_2g4.o
    0x02027c80   0x02027c80   0x0000000c   Code   RO         1648    .text.Get_Usb_Suspend_Signal_Check  app_2g4.o
    0x02027c8c   0x02027c8c   0x0000000c   Code   RO         1656    .text.Get_Usb_Suspend_Status  app_2g4.o
    0x02027c98   0x02027c98   0x00000090   Code   RO         1805    .text.IAP_APP_AddPayloadData  iap_application.o
    0x02027d28   0x02027d28   0x0000001e   Code   RO         1797    .text.IAP_APP_PreparePayloadDataStart  iap_application.o
    0x02027d46   0x02027d46   0x00000002   PAD
    0x02027d48   0x02027d48   0x00000054   Code   RO         1793    .text.IAP_APP_SendACK  iap_application.o
    0x02027d9c   0x02027d9c   0x00000036   Code   RO         1821    .text.IAP_APP_VersionFormatValidCheck  iap_application.o
    0x02027dd2   0x02027dd2   0x00000002   PAD
    0x02027dd4   0x02027dd4   0x00000144   Code   RO         1791    .text.IAP_APP_cmd_dispatch  iap_application.o
    0x02027f18   0x02027f18   0x00000034   Code   RO         1789    .text.IAP_APP_recv_cmd_callback  iap_application.o
    0x02027f4c   0x02027f4c   0x00000010   Code   RO         1787    .text.IAP_Application_Init  iap_application.o
    0x02027f5c   0x02027f5c   0x0000007c   Code   RO         1803    .text.IAP_CMD_FlashRead_handler  iap_application.o
    0x02027fd8   0x02027fd8   0x000001f0   Code   RO         1801    .text.IAP_CMD_FlashWrite_handler  iap_application.o
    0x020281c8   0x020281c8   0x00000084   Code   RO         1807    .text.IAP_CMD_Reboot_handler  iap_application.o
    0x0202824c   0x0202824c   0x000000b4   Code   RO         1799    .text.IAP_CMD_Start_handler  iap_application.o
    0x02028300   0x02028300   0x00000090   Code   RO         1809    .text.IAP_CMD_SwitchApp_handler  iap_application.o
    0x02028390   0x02028390   0x00000020   Code   RO         1813    .text.IAP_CtlInit   iap_application.o
    0x020283b0   0x020283b0   0x0000006c   Code   RO         1839    .text.IAP_DoUpdate_Delay_Timeout_Callback  iap_application.o
    0x0202841c   0x0202841c   0x0000007a   Code   RO         1817    .text.IAP_Fill_header_info  iap_application.o
    0x02028496   0x02028496   0x00000002   PAD
    0x02028498   0x02028498   0x000000b8   Code   RO         1815    .text.IAP_Flash_Erase  iap_application.o
    0x02028550   0x02028550   0x0000000a   Code   RO         1833    .text.IAP_Flash_StartAddr_Get  iap_application.o
    0x0202855a   0x0202855a   0x00000002   PAD
    0x0202855c   0x0202855c   0x00000026   Code   RO         1869    .text.IAP_Flash_Unlock  iap_flash_wp.o
    0x02028582   0x02028582   0x00000002   PAD
    0x02028584   0x02028584   0x00000008   Code   RO         1873    .text.IAP_Flash_WP_Init  iap_flash_wp.o
    0x0202858c   0x0202858c   0x0000003c   Code   RO         1831    .text.IAP_Flash_Write  iap_application.o
    0x020285c8   0x020285c8   0x0000002c   Code   RO         1835    .text.IAP_Flash_offsetAddr_valid_check  iap_application.o
    0x020285f4   0x020285f4   0x0000000a   Code   RO         1785    .text.IAP_GetAppBuffer  iap_application.o
    0x020285fe   0x020285fe   0x00000002   PAD
    0x02028600   0x02028600   0x000001cc   Code   RO         1811    .text.IAP_Header_Check  iap_application.o
    0x020287cc   0x020287cc   0x00000018   Code   RO         1777    .text.IAP_Init      iap_916.o
    0x020287e4   0x020287e4   0x0000000a   Code   RO         1837    .text.IAP_Reboot_Delay_Timeout_Callback  iap_application.o
    0x020287ee   0x020287ee   0x00000002   PAD
    0x020287f0   0x020287f0   0x00000034   Code   RO         1903    .text.IAP_TransportAttachData  iap_transport.o
    0x02028824   0x02028824   0x0000005c   Code   RO         1901    .text.IAP_TransportCheckBCC  iap_transport.o
    0x02028880   0x02028880   0x0000001e   Code   RO         1891    .text.IAP_TransportClearRecvData  iap_transport.o
    0x0202889e   0x0202889e   0x00000002   PAD
    0x020288a0   0x020288a0   0x0000001e   Code   RO         1885    .text.IAP_TransportGetBCC  iap_transport.o
    0x020288be   0x020288be   0x00000002   PAD
    0x020288c0   0x020288c0   0x00000016   Code   RO         1889    .text.IAP_TransportRecvGotoIdle  iap_transport.o
    0x020288d6   0x020288d6   0x00000002   PAD
    0x020288d8   0x020288d8   0x000001fc   Code   RO         1897    .text.IAP_Transport_Dispatch  iap_transport.o
    0x02028ad4   0x02028ad4   0x00000018   Code   RO         1887    .text.IAP_Transport_Init  iap_transport.o
    0x02028aec   0x02028aec   0x00000034   Code   RO         1899    .text.IAP_Transport_Send_ACK  iap_transport.o
    0x02028b20   0x02028b20   0x00000020   Code   RO         1905    .text.IAP_Transport_Send_Dummy  iap_transport.o
    0x02028b40   0x02028b40   0x0000000c   Code   RO         1895    .text.IAP_Transport_recv_cmd_callback_register  iap_transport.o
    0x02028b4c   0x02028b4c   0x0000005c   Code   RO         1883    .text.IAP_Transport_send_single_pack  iap_transport.o
    0x02028ba8   0x02028ba8   0x0000002a   Code   RO         2163    .text.Initialize    BLE_2P4G_Switch.lib(ing_2p4g.o)
    0x02028bd2   0x02028bd2   0x00000002   PAD
    0x02028bd4   0x02028bd4   0x0000005c   Code   RO         1795    .text.IsAppCrcValid  iap_application.o
    0x02028c30   0x02028c30   0x00000038   Code   RO         1827    .text.IsBlockInfoValid  iap_application.o
    0x02028c68   0x02028c68   0x00000016   Code   RO         1823    .text.IsCheckInfoValid  iap_application.o
    0x02028c7e   0x02028c7e   0x00000002   PAD
    0x02028c80   0x02028c80   0x0000000a   Code   RO         1829    .text.IsEncryptInfoValid  iap_application.o
    0x02028c8a   0x02028c8a   0x00000002   PAD
    0x02028c8c   0x02028c8c   0x0000000c   Code   RO         1825    .text.IsUpgradeTypeValid  iap_application.o
    0x02028c98   0x02028c98   0x0000003e   Code   RO         1696    .text.Key_Break_All  app_2g4.o
    0x02028cd6   0x02028cd6   0x00000002   PAD
    0x02028cd8   0x02028cd8   0x00000024   Code   RO         2193    .text.LLE_SPI_READ  BLE_2P4G_Switch.lib(ing_2p4g.o)
    0x02028cfc   0x02028cfc   0x0000002e   Code   RO         1632    .text.Open_Test     app_2g4.o
    0x02028d2a   0x02028d2a   0x00000002   PAD
    0x02028d2c   0x02028d2c   0x00000038   Code   RO          575    .text.PINCTRL_EnableAnalog  peripheral_pinctrl.o
    0x02028d64   0x02028d64   0x0000004e   Code   RO          551    .text.PINCTRL_Pull  peripheral_pinctrl.o
    0x02028db2   0x02028db2   0x00000002   PAD
    0x02028db4   0x02028db4   0x00000044   Code   RO          573    .text.PINCTRL_SelUSB  peripheral_pinctrl.o
    0x02028df8   0x02028df8   0x000000fe   Code   RO          533    .text.PINCTRL_SetPadMux  peripheral_pinctrl.o
    0x02028ef6   0x02028ef6   0x00000002   PAD
    0x02028ef8   0x02028ef8   0x00000002   Code   RO         1718    .text.Printf_2P4G_Status_Func  app_2g4.o
    0x02028efa   0x02028efa   0x00000002   PAD
    0x02028efc   0x02028efc   0x0000000c   Code   RO          222    .text.Printf_Dongle_Status  uart_console.o
    0x02028f08   0x02028f08   0x00000002   Code   RO         1927    .text.Printf_Usb_Status_Fucn  bsp_usb_hid_iap.o
    0x02028f0a   0x02028f0a   0x00000002   PAD
    0x02028f0c   0x02028f0c   0x000000a8   Code   RO         2197    .text.RSSI_LISTEN   BLE_2P4G_Switch.lib(ing_2p4g.o)
    0x02028fb4   0x02028fb4   0x000002c2   Code   RO         1708    .text.Read_2P4G_Data_Change_Usb_Data  app_2g4.o
    0x02029276   0x02029276   0x00000002   PAD
    0x02029278   0x02029278   0x00000190   Code   RO         1712    .text.Read_2P4G_Data_Low_Power_Com  app_2g4.o
    0x02029408   0x02029408   0x000000c0   Code   RO         1939    .text.Read_Spi_To_2P4G_Data_Callback_Func  bsp_usb_hid_iap.o
    0x020294c8   0x020294c8   0x00000014   Code   RO         1698    .text.Read_Spi_To_2P4G_Data_Callback_User  app_2g4.o
    0x020294dc   0x020294dc   0x0000000c   Code   RO         1694    .text.Read_Spi_To_2P4G_Data_Callback_register  app_2g4.o
    0x020294e8   0x020294e8   0x00000008   Code   RO         1716    .text.RxPktIrqCallBack  app_2g4.o
    0x020294f0   0x020294f0   0x0000001a   Code   RO         1558    .text.SEGGER_RTT_GetAvailWriteSpace  trace.o
    0x0202950a   0x0202950a   0x00000002   PAD
    0x0202950c   0x0202950c   0x00000008   Code   RO         1550    .text.SEGGER_RTT_Init  trace.o
    0x02029514   0x02029514   0x0000003a   Code   RO         1514    .text.SEGGER_RTT_Write  trace.o
    0x0202954e   0x0202954e   0x00000002   PAD
    0x02029550   0x02029550   0x0000005c   Code   RO         1510    .text.SEGGER_RTT_WriteNoLock  trace.o
    0x020295ac   0x020295ac   0x0000004e   Code   RO          929    .text.SYSCTRL_CacheControl0  peripheral_sysctrl.o
    0x020295fa   0x020295fa   0x00000002   PAD
    0x020295fc   0x020295fc   0x0000000a   Code   RO          795    .text.SYSCTRL_ClearClkGate  peripheral_sysctrl.o
    0x02029606   0x02029606   0x00000002   PAD
    0x02029608   0x02029608   0x00000020   Code   RO          799    .text.SYSCTRL_ClearClkGateMulti  peripheral_sysctrl.o
    0x02029628   0x02029628   0x000002c6   Code   RO          793    .text.SYSCTRL_ClkGateCtrl  peripheral_sysctrl.o
    0x020298ee   0x020298ee   0x00000002   PAD
    0x020298f0   0x020298f0   0x00000042   Code   RO          855    .text.SYSCTRL_GetPLLClk  peripheral_sysctrl.o
    0x02029932   0x02029932   0x00000002   PAD
    0x02029934   0x02029934   0x00000074   Code   RO          839    .text.SYSCTRL_GetSlowClk  peripheral_sysctrl.o
    0x020299a8   0x020299a8   0x00000012   Code   RO          931    .text.SYSCTRL_ICacheControl  peripheral_sysctrl.o
    0x020299ba   0x020299ba   0x00000002   PAD
    0x020299bc   0x020299bc   0x000000a2   Code   RO          937    .text.SYSCTRL_Init  peripheral_sysctrl.o
    0x02029a5e   0x02029a5e   0x00000002   PAD
    0x02029a60   0x02029a60   0x00000020   Code   RO          827    .text.SYSCTRL_SelectUSBClk  peripheral_sysctrl.o
    0x02029a80   0x02029a80   0x0000000a   Code   RO          791    .text.SYSCTRL_SetClkGate  peripheral_sysctrl.o
    0x02029a8a   0x02029a8a   0x00000002   PAD
    0x02029a8c   0x02029a8c   0x00000020   Code   RO          797    .text.SYSCTRL_SetClkGateMulti  peripheral_sysctrl.o
    0x02029aac   0x02029aac   0x00000018   Code   RO          903    .text.SYSCTRL_SetLDOOutput  peripheral_sysctrl.o
    0x02029ac4   0x02029ac4   0x0000001a   Code   RO          915    .text.SYSCTRL_USBPhyConfig  peripheral_sysctrl.o
    0x02029ade   0x02029ade   0x00000002   PAD
    0x02029ae0   0x02029ae0   0x00000018   Code   RO         1925    .text.SendBusy_Claer_Func  bsp_usb_hid_iap.o
    0x02029af8   0x02029af8   0x00000046   Code   RO         1690    .text.Set_Bond_Mac_Addr_Pir_Init  app_2g4.o
    0x02029b3e   0x02029b3e   0x00000002   PAD
    0x02029b40   0x02029b40   0x00000028   Code   RO         1692    .text.Set_Return_Back_Init  app_2g4.o
    0x02029b68   0x02029b68   0x00000032   Code   RO         1636    .text.Test_Send_Data  app_2g4.o
    0x02029b9a   0x02029b9a   0x00000002   PAD
    0x02029b9c   0x02029b9c   0x00000004   Code   RO         1031    .text.UART_SendData  peripheral_uart.o
    0x02029ba0   0x02029ba0   0x00000016   Code   RO         2011    .text.UCM_Command_Dispatch  ctrl.o
    0x02029bb6   0x02029bb6   0x00000002   PAD
    0x02029bb8   0x02029bb8   0x000000a0   Code   RO         2013    .text.UCM_Command_Dispatch_Modify_USB_Info  ctrl.o
    0x02029c58   0x02029c58   0x0000001e   Code   RO         2001    .text.UCM_Dispatch  ctrl.o
    0x02029c76   0x02029c76   0x00000002   PAD
    0x02029c78   0x02029c78   0x0000017c   Code   RO         2003    .text.UCM_Packaging_Dispatch  ctrl.o
    0x02029df4   0x02029df4   0x00000016   Code   RO         2009    .text.UCM_Packaging_Set_Idle  ctrl.o
    0x02029e0a   0x02029e0a   0x00000002   PAD
    0x02029e0c   0x02029e0c   0x00000038   Code   RO         1415    .text.USB_CancelTransfert  peripheral_usb.o
    0x02029e44   0x02029e44   0x0000003a   Code   RO         1451    .text.USB_CheckAutoSendZeroPktFlag  peripheral_usb.o
    0x02029e7e   0x02029e7e   0x00000002   PAD
    0x02029e80   0x02029e80   0x0000007e   Code   RO         1417    .text.USB_CheckTransferCondition  peripheral_usb.o
    0x02029efe   0x02029efe   0x00000002   PAD
    0x02029f00   0x02029f00   0x0000009e   Code   RO         1447    .text.USB_CheckTransferZeroPktCondition  peripheral_usb.o
    0x02029f9e   0x02029f9e   0x00000002   PAD
    0x02029fa0   0x02029fa0   0x00000030   Code   RO         1473    .text.USB_Close     peripheral_usb.o
    0x02029fd0   0x02029fd0   0x0000005a   Code   RO         1411    .text.USB_ClrConfig  peripheral_usb.o
    0x0202a02a   0x0202a02a   0x00000002   PAD
    0x0202a02c   0x0202a02c   0x00000054   Code   RO         1441    .text.USB_ConfigureEp  peripheral_usb.o
    0x0202a080   0x0202a080   0x000000a0   Code   RO         1437    .text.USB_ContinueTransfer  peripheral_usb.o
    0x0202a120   0x0202a120   0x00000028   Code   RO         1391    .text.USB_CoreReset  peripheral_usb.o
    0x0202a148   0x0202a148   0x00000066   Code   RO         1401    .text.USB_DeviceInitialization  peripheral_usb.o
    0x0202a1ae   0x0202a1ae   0x00000002   PAD
    0x0202a1b0   0x0202a1b0   0x00000038   Code   RO         1467    .text.USB_DeviceSetRemoteWakeupBit  peripheral_usb.o
    0x0202a1e8   0x0202a1e8   0x00000062   Code   RO         1403    .text.USB_DeviceSetThreshold  peripheral_usb.o
    0x0202a24a   0x0202a24a   0x00000002   PAD
    0x0202a24c   0x0202a24c   0x0000010e   Code   RO         1421    .text.USB_DisableEp  peripheral_usb.o
    0x0202a35a   0x0202a35a   0x00000002   PAD
    0x0202a35c   0x0202a35c   0x00000026   Code   RO         1455    .text.USB_EP0StatusIn  peripheral_usb.o
    0x0202a382   0x0202a382   0x00000002   PAD
    0x0202a384   0x0202a384   0x00000022   Code   RO         1457    .text.USB_EP0StatusOut  peripheral_usb.o
    0x0202a3a6   0x0202a3a6   0x00000002   PAD
    0x0202a3a8   0x0202a3a8   0x00000108   Code   RO         1439    .text.USB_EnableEp  peripheral_usb.o
    0x0202a4b0   0x0202a4b0   0x00000034   Code   RO         1399    .text.USB_FlushRXFifo  peripheral_usb.o
    0x0202a4e4   0x0202a4e4   0x0000004c   Code   RO         1397    .text.USB_FlushTXFifo  peripheral_usb.o
    0x0202a530   0x0202a530   0x0000000a   Code   RO         1459    .text.USB_GetEp0SetupData  peripheral_usb.o
    0x0202a53a   0x0202a53a   0x00000002   PAD
    0x0202a53c   0x0202a53c   0x00000016   Code   RO         1429    .text.USB_GetMaxPacketSize  peripheral_usb.o
    0x0202a552   0x0202a552   0x00000002   PAD
    0x0202a554   0x0202a554   0x00000016   Code   RO         1427    .text.USB_GetMaxTransferSize  peripheral_usb.o
    0x0202a56a   0x0202a56a   0x00000002   PAD
    0x0202a56c   0x0202a56c   0x00000024   Code   RO         1425    .text.USB_GetSetupPacket  peripheral_usb.o
    0x0202a590   0x0202a590   0x000000b8   Code   RO         1431    .text.USB_GetTransferSize  peripheral_usb.o
    0x0202a648   0x0202a648   0x00000128   Code   RO         1463    .text.USB_HandleEp0  peripheral_usb.o
    0x0202a770   0x0202a770   0x00000030   Code   RO         1413    .text.USB_InitConfig  peripheral_usb.o
    0x0202a7a0   0x0202a7a0   0x000002de   Code   RO         1465    .text.USB_IrqHandler  peripheral_usb.o
    0x0202aa7e   0x0202aa7e   0x00000002   PAD
    0x0202aa80   0x0202aa80   0x0000004c   Code   RO         1443    .text.USB_IsEpStall  peripheral_usb.o
    0x0202aacc   0x0202aacc   0x000000de   Code   RO         1433    .text.USB_NewTransfer  peripheral_usb.o
    0x0202abaa   0x0202abaa   0x00000002   PAD
    0x0202abac   0x0202abac   0x00000030   Code   RO         1445    .text.USB_PCStopPhyClcok  peripheral_usb.o
    0x0202abdc   0x0202abdc   0x00000016   Code   RO         1409    .text.USB_ReInit    peripheral_usb.o
    0x0202abf2   0x0202abf2   0x00000002   PAD
    0x0202abf4   0x0202abf4   0x0000004c   Code   RO         1453    .text.USB_RecvData  peripheral_usb.o
    0x0202ac40   0x0202ac40   0x0000006e   Code   RO         1405    .text.USB_ResetAndConfig  peripheral_usb.o
    0x0202acae   0x0202acae   0x00000002   PAD
    0x0202acb0   0x0202acb0   0x00000040   Code   RO         1407    .text.USB_ResetTransfert  peripheral_usb.o
    0x0202acf0   0x0202acf0   0x00000068   Code   RO         1449    .text.USB_SendData  peripheral_usb.o
    0x0202ad58   0x0202ad58   0x0000001a   Code   RO         1461    .text.USB_SetEp0Stall  peripheral_usb.o
    0x0202ad72   0x0202ad72   0x00000002   PAD
    0x0202ad74   0x0202ad74   0x00000080   Code   RO         1423    .text.USB_SetStallEp  peripheral_usb.o
    0x0202adf4   0x0202adf4   0x0000002a   Code   RO         1395    .text.USB_SetupDataFifo  peripheral_usb.o
    0x0202ae1e   0x0202ae1e   0x00000002   PAD
    0x0202ae20   0x0202ae20   0x00000074   Code   RO         1435    .text.USB_StartTransfer  peripheral_usb.o
    0x0202ae94   0x0202ae94   0x0000000e   Code   RO         1642    .text.Usb_OK_Claer  app_2g4.o
    0x0202aea2   0x0202aea2   0x00000002   PAD
    0x0202aea4   0x0202aea4   0x00000014   Code   RO         1640    .text.Usb_OK_Set    app_2g4.o
    0x0202aeb8   0x0202aeb8   0x00000020   Code   RO         1654    .text.Usb_Suspend_Signal_Abnormal_Claer  app_2g4.o
    0x0202aed8   0x0202aed8   0x0000001a   Code   RO         1646    .text.Usb_Suspend_Signal_Check_OK  app_2g4.o
    0x0202aef2   0x0202aef2   0x00000002   PAD
    0x0202aef4   0x0202aef4   0x00000018   Code   RO         1652    .text.Usb_Suspend_Signal_Claer  app_2g4.o
    0x0202af0c   0x0202af0c   0x0000001a   Code   RO         1650    .text.Usb_Suspend_Signal_Set  app_2g4.o
    0x0202af26   0x0202af26   0x00000002   PAD
    0x0202af28   0x0202af28   0x00000018   Code   RO         1638    .text.Usb_Systme_Led_Set  app_2g4.o
    0x0202af40   0x0202af40   0x0000008e   Code   RO         1688    .text.User_Init_2P4G  app_2g4.o
    0x0202afce   0x0202afce   0x00000002   PAD
    0x0202afd0   0x0202afd0   0x00000212   Code   RO         1700    .text.User_Pair_Read_Fucn  app_2g4.o
    0x0202b1e2   0x0202b1e2   0x00000002   PAD
    0x0202b1e4   0x0202b1e4   0x00000164   Code   RO         1702    .text.User_Return_Connect_Read_Fucn  app_2g4.o
    0x0202b348   0x0202b348   0x0000009a   Code   RO         1929    .text.User_Usb_Send_Report  bsp_usb_hid_iap.o
    0x0202b3e2   0x0202b3e2   0x00000002   PAD
    0x0202b3e4   0x0202b3e4   0x0000007e   Code   RO         1492    .text._DoInit       trace.o
    0x0202b462   0x0202b462   0x00000002   PAD
    0x0202b464   0x0202b464   0x00000014   Code   RO         1504    .text._GetAvailWriteSpace  trace.o
    0x0202b478   0x0202b478   0x0000006a   Code   RO         1508    .text._WriteBlocking  trace.o
    0x0202b4e2   0x0202b4e2   0x00000002   PAD
    0x0202b4e4   0x0202b4e4   0x0000004e   Code   RO         1506    .text._WriteNoCheck  trace.o
    0x0202b532   0x0202b532   0x00000002   PAD
    0x0202b534   0x0202b534   0x00000010   Code   RO         2139    .text.__NVIC_ClearPendingIRQ  BLE_2P4G_Switch.lib(ing_2p4g.o)
    0x0202b544   0x0202b544   0x00000018   Code   RO         2137    .text.__NVIC_DisableIRQ  BLE_2P4G_Switch.lib(ing_2p4g.o)
    0x0202b55c   0x0202b55c   0x00000010   Code   RO         2141    .text.__NVIC_EnableIRQ  BLE_2P4G_Switch.lib(ing_2p4g.o)
    0x0202b56c   0x0202b56c   0x00000032   Code   RO          985    .text.apUART_BaudRateSet  peripheral_uart.o
    0x0202b59e   0x0202b59e   0x00000002   PAD
    0x0202b5a0   0x0202b5a0   0x00000008   Code   RO          991    .text.apUART_Check_RXFIFO_EMPTY  peripheral_uart.o
    0x0202b5a8   0x0202b5a8   0x00000008   Code   RO          997    .text.apUART_Check_TXFIFO_FULL  peripheral_uart.o
    0x0202b5b0   0x0202b5b0   0x00000004   Code   RO         1015    .text.apUART_Get_all_raw_int_stat  peripheral_uart.o
    0x0202b5b4   0x0202b5b4   0x00000076   Code   RO         1029    .text.apUART_Initialize  peripheral_uart.o
    0x0202b62a   0x0202b62a   0x00000002   PAD
    0x0202b62c   0x0202b62c   0x0000001e   Code   RO         1706    .text.app_2g4_buffer_empty  app_2g4.o
    0x0202b64a   0x0202b64a   0x00000002   PAD
    0x0202b64c   0x0202b64c   0x0000002a   Code   RO         1710    .text.app_2g4_buffer_full  app_2g4.o
    0x0202b676   0x0202b676   0x00000002   PAD
    0x0202b678   0x0202b678   0x00000018   Code   RO         1670    .text.app_2g4_buffer_init  app_2g4.o
    0x0202b690   0x0202b690   0x0000001a   Code   RO         1666    .text.app_2g4_buffer_rev_add  app_2g4.o
    0x0202b6aa   0x0202b6aa   0x00000002   PAD
    0x0202b6ac   0x0202b6ac   0x0000001a   Code   RO         1668    .text.app_2g4_buffer_send_add  app_2g4.o
    0x0202b6c6   0x0202b6c6   0x00000002   PAD
    0x0202b6c8   0x0202b6c8   0x00000034   Code   RO         1662    .text.app_2g4_channel_hop  app_2g4.o
    0x0202b6fc   0x0202b6fc   0x0000003e   Code   RO         1664    .text.app_2g4_channel_hop_begin  app_2g4.o
    0x0202b73a   0x0202b73a   0x00000002   PAD
    0x0202b73c   0x0202b73c   0x00000026   Code   RO         1660    .text.app_2g4_hop_init  app_2g4.o
    0x0202b762   0x0202b762   0x00000002   PAD
    0x0202b764   0x0202b764   0x0000007a   Code   RO         1686    .text.app_2g4_loop  app_2g4.o
    0x0202b7de   0x0202b7de   0x00000002   PAD
    0x0202b7e0   0x0202b7e0   0x0000004c   Code   RO           18    .text.app_main      main.o
    0x0202b82c   0x0202b82c   0x000000ee   Code   RO         1704    .text.app_mode_loop  app_2g4.o
    0x0202b91a   0x0202b91a   0x00000002   PAD
    0x0202b91c   0x0202b91c   0x00000014   Code   RO         1680    .text.app_mode_switch_2G4_trigger  app_2g4.o
    0x0202b930   0x0202b930   0x0000002c   Code   RO         1676    .text.app_mode_switch_callback  app_2g4.o
    0x0202b95c   0x0202b95c   0x00000028   Code   RO         2037    .text.app_storage_2g4_addr_read  app_storage.o
    0x0202b984   0x0202b984   0x00000036   Code   RO         2039    .text.app_storage_2g4_addr_write  app_storage.o
    0x0202b9ba   0x0202b9ba   0x00000002   PAD
    0x0202b9bc   0x0202b9bc   0x00000030   Code   RO         2033    .text.app_storage_2g4_state_init  app_storage.o
    0x0202b9ec   0x0202b9ec   0x00000026   Code   RO         2035    .text.app_storage_2g4_state_read  app_storage.o
    0x0202ba12   0x0202ba12   0x00000002   PAD
    0x0202ba14   0x0202ba14   0x00000032   Code   RO         2041    .text.app_storage_2g4_state_reset  app_storage.o
    0x0202ba46   0x0202ba46   0x00000002   PAD
    0x0202ba48   0x0202ba48   0x0000000c   Code   RO         2049    .text.app_storage_init  app_storage.o
    0x0202ba54   0x0202ba54   0x00000026   Code   RO          234    .text.append_data   uart_console.o
    0x0202ba7a   0x0202ba7a   0x00000002   PAD
    0x0202ba7c   0x0202ba7c   0x00000004   Code   RO           51    .text.att_read_callback  profile.o
    0x0202ba80   0x0202ba80   0x00000004   Code   RO           53    .text.att_write_callback  profile.o
    0x0202ba84   0x0202ba84   0x00000026   Code   RO           81    .text.ble_adv_set   profile.o
    0x0202baaa   0x0202baaa   0x00000002   PAD
    0x0202baac   0x0202baac   0x0000001c   Code   RO           65    .text.ble_adv_set_complete_handler  profile.o
    0x0202bac8   0x0202bac8   0x0000000a   Code   RO           83    .text.ble_adv_startted_handler  profile.o
    0x0202bad2   0x0202bad2   0x00000002   PAD
    0x0202bad4   0x0202bad4   0x0000000e   Code   RO           71    .text.ble_adv_stopped_handler  profile.o
    0x0202bae2   0x0202bae2   0x00000002   PAD
    0x0202bae4   0x0202bae4   0x00000016   Code   RO           69    .text.ble_connect_handler  profile.o
    0x0202bafa   0x0202bafa   0x00000002   PAD
    0x0202bafc   0x0202bafc   0x00000028   Code   RO           85    .text.ble_disconn_trigger  profile.o
    0x0202bb24   0x0202bb24   0x00000020   Code   RO           75    .text.ble_disconnect_handler  profile.o
    0x0202bb44   0x0202bb44   0x0000001c   Code   RO           63    .text.ble_hci_reset_handler  profile.o
    0x0202bb60   0x0202bb60   0x00000012   Code   RO           73    .text.ble_status_clear  profile.o
    0x0202bb72   0x0202bb72   0x00000002   PAD
    0x0202bb74   0x0202bb74   0x0000000c   Code   RO           39    .text.ble_status_get  profile.o
    0x0202bb80   0x0202bb80   0x00000014   Code   RO           61    .text.ble_status_set  profile.o
    0x0202bb94   0x0202bb94   0x0000001c   Code   RO           87    .text.ble_switch_to_2p4g_check  profile.o
    0x0202bbb0   0x0202bbb0   0x00000020   Code   RO         1943    .text.bsp_usb_device_remote_wakeup  bsp_usb_hid_iap.o
    0x0202bbd0   0x0202bbd0   0x00000020   Code   RO         1941    .text.bsp_usb_disable  bsp_usb_hid_iap.o
    0x0202bbf0   0x0202bbf0   0x000005d8   Code   RO         1937    .text.bsp_usb_event_handler  bsp_usb_hid_iap.o
    0x0202c1c8   0x0202c1c8   0x00000022   Code   RO         1959    .text.bsp_usb_hid_iap_push_rx_data_to_user  bsp_usb_hid_iap.o
    0x0202c1ea   0x0202c1ea   0x00000002   PAD
    0x0202c1ec   0x0202c1ec   0x0000001a   Code   RO         1893    .text.bsp_usb_hid_iap_recv_callback  iap_transport.o
    0x0202c206   0x0202c206   0x00000002   PAD
    0x0202c208   0x0202c208   0x0000000c   Code   RO         1953    .text.bsp_usb_hid_iap_recv_callback_register  bsp_usb_hid_iap.o
    0x0202c214   0x0202c214   0x00000058   Code   RO         1945    .text.bsp_usb_hid_iap_send  bsp_usb_hid_iap.o
    0x0202c26c   0x0202c26c   0x00000030   Code   RO         1931    .text.bsp_usb_hid_keyboard_basic_report_start  bsp_usb_hid_iap.o
    0x0202c29c   0x0202c29c   0x00000058   Code   RO         1933    .text.bsp_usb_hid_report_send  bsp_usb_hid_iap.o
    0x0202c2f4   0x0202c2f4   0x00000020   Code   RO         1963    .text.bsp_usb_hid_ucm_push_rx_data_to_user  bsp_usb_hid_iap.o
    0x0202c314   0x0202c314   0x00000070   Code   RO         1999    .text.bsp_usb_hid_ucm_recv_callback  ctrl.o
    0x0202c384   0x0202c384   0x0000000c   Code   RO         1955    .text.bsp_usb_hid_ucm_recv_callback_register  bsp_usb_hid_iap.o
    0x0202c390   0x0202c390   0x00000058   Code   RO         1949    .text.bsp_usb_hid_ucm_send  bsp_usb_hid_iap.o
    0x0202c3e8   0x0202c3e8   0x00000074   Code   RO         1935    .text.bsp_usb_init  bsp_usb_hid_iap.o
    0x0202c45c   0x0202c45c   0x00000042   Code   RO         2005    .text.bsp_usb_ucm_normal_send_result  ctrl.o
    0x0202c49e   0x0202c49e   0x00000002   PAD
    0x0202c4a0   0x0202c4a0   0x00000020   Code   RO         1961    .text.bsp_usp_hid_ctl_rx_data_trigger  bsp_usb_hid_iap.o
    0x0202c4c0   0x0202c4c0   0x00000030   Code   RO         1957    .text.bsp_usp_hid_ctl_tx_data_trigger  bsp_usb_hid_iap.o
    0x0202c4f0   0x0202c4f0   0x00000028   Code   RO         1947    .text.bsp_usp_hid_iap_tx_data_trigger  bsp_usb_hid_iap.o
    0x0202c518   0x0202c518   0x00000020   Code   RO         1965    .text.bsp_usp_hid_ucm_rx_data_trigger  bsp_usb_hid_iap.o
    0x0202c538   0x0202c538   0x00000022   Code   RO         1951    .text.bsp_usp_hid_ucm_tx_data_trigger  bsp_usb_hid_iap.o
    0x0202c55a   0x0202c55a   0x00000002   PAD
    0x0202c55c   0x0202c55c   0x00000004   Code   RO           59    .text.btstack_event_state_get_state  profile.o
    0x0202c560   0x0202c560   0x0000001c   Code   RO          303    .text.calc_checksum_32  eflash.o
    0x0202c57c   0x0202c57c   0x00000008   Code   RO          301    .text.calc_ft_sum   eflash.o
    0x0202c584   0x0202c584   0x00000018   Code   RO         2007    .text.calc_sum_8    ctrl.o
    0x0202c59c   0x0202c59c   0x0000002c   Code   RO           22    .text.cb_assertion  main.o
    0x0202c5c8   0x0202c5c8   0x0000002e   Code   RO           20    .text.cb_hard_fault  main.o
    0x0202c5f6   0x0202c5f6   0x00000002   PAD
    0x0202c5f8   0x0202c5f8   0x00000018   Code   RO           24    .text.cb_heap_out_of_mem  main.o
    0x0202c610   0x0202c610   0x00000022   Code   RO            2    .text.cb_putc       main.o
    0x0202c632   0x0202c632   0x00000002   PAD
    0x0202c634   0x0202c634   0x00000054   Code   RO         1570    .text.cb_trace_rtt  trace.o
    0x0202c688   0x0202c688   0x00000008   Code   RO          212    .text.cmd_2g4_bond_clear  uart_console.o
    0x0202c690   0x0202c690   0x00000008   Code   RO          214    .text.cmd_2g4_bond_init  uart_console.o
    0x0202c698   0x0202c698   0x0000000c   Code   RO          218    .text.cmd_2g4_bond_read  uart_console.o
    0x0202c6a4   0x0202c6a4   0x00000010   Code   RO          216    .text.cmd_2g4_bond_write  uart_console.o
    0x0202c6b4   0x0202c6b4   0x0000000a   Code   RO          200    .text.cmd_ack_one_packet  uart_console.o
    0x0202c6be   0x0202c6be   0x00000002   PAD
    0x0202c6c0   0x0202c6c0   0x00000010   Code   RO          196    .text.cmd_get_2g4_state  uart_console.o
    0x0202c6d0   0x0202c6d0   0x00000010   Code   RO          198    .text.cmd_get_2g4_work_mode  uart_console.o
    0x0202c6e0   0x0202c6e0   0x00000014   Code   RO          192    .text.cmd_help      uart_console.o
    0x0202c6f4   0x0202c6f4   0x00000018   Code   RO          204    .text.cmd_rx_continus  uart_console.o
    0x0202c70c   0x0202c70c   0x00000020   Code   RO          202    .text.cmd_rx_one_packet  uart_console.o
    0x0202c72c   0x0202c72c   0x00000014   Code   RO          208    .text.cmd_shutdown  uart_console.o
    0x0202c740   0x0202c740   0x00000008   Code   RO          206    .text.cmd_stop_continus  uart_console.o
    0x0202c748   0x0202c748   0x000000fc   Code   RO          210    .text.cmd_test_inst  uart_console.o
    0x0202c844   0x0202c844   0x00000078   Code   RO         2171    .text.comm_2p4g_start  BLE_2P4G_Switch.lib(ing_2p4g.o)
    0x0202c8bc   0x0202c8bc   0x0000003c   Code   RO            6    .text.config_uart   main.o
    0x0202c8f8   0x0202c8f8   0x0000009c   Code   RO          232    .text.console_rx_data  uart_console.o
    0x0202c994   0x0202c994   0x0000005c   Code   RO          287    .text.copy_security_data  eflash.o
    0x0202c9f0   0x0202c9f0   0x00000014   Code   RO         2120    .text.custom_main_loop  cust_main.o
    0x0202ca04   0x0202ca04   0x00000010   Code   RO          167    .text.dummy_event_create  noos_impl.o
    0x0202ca14   0x0202ca14   0x00000002   Code   RO          159    .text.dummy_event_set  noos_impl.o
    0x0202ca16   0x0202ca16   0x00000002   PAD
    0x0202ca18   0x0202ca18   0x00000004   Code   RO          157    .text.dummy_event_wait  noos_impl.o
    0x0202ca1c   0x0202ca1c   0x00000012   Code   RO          161    .text.enter_critical  noos_impl.o
    0x0202ca2e   0x0202ca2e   0x00000002   PAD
    0x0202ca30   0x0202ca30   0x00000016   Code   RO          265    .text.erase_flash_sector  eflash.o
    0x0202ca46   0x0202ca46   0x00000002   PAD
    0x0202ca48   0x0202ca48   0x0000004a   Code   RO          285    .text.flash_enable_write_protection  eflash.o
    0x0202ca92   0x0202ca92   0x00000002   PAD
    0x0202ca94   0x0202ca94   0x00000018   Code   RO          291    .text.flash_get_factory_calib_data  eflash.o
    0x0202caac   0x0202caac   0x000000a0   Code   RO          279    .text.flash_prepare_factory_data  eflash.o
    0x0202cb4c   0x0202cb4c   0x0000003a   Code   RO          283    .text.flash_read_protection_status  eflash.o
    0x0202cb86   0x0202cb86   0x00000002   PAD
    0x0202cb88   0x0202cb88   0x00000026   Code   RO         1871    .text.flash_read_protection_status  iap_flash_wp.o
    0x0202cbae   0x0202cbae   0x00000002   PAD
    0x0202cbb0   0x0202cbb0   0x0000003a   Code   RO         1867    .text.flash_write_protection_config  iap_flash_wp.o
    0x0202cbea   0x0202cbea   0x00000002   PAD
    0x0202cbec   0x0202cbec   0x00000064   Code   RO         1865    .text.flash_write_protection_set  iap_flash_wp.o
    0x0202cc50   0x0202cc50   0x00000014   Code   RO            4    .text.fputc         main.o
    0x0202cc64   0x0202cc64   0x0000001a   Code   RO         1765    .text.getCRC16      crc16.o
    0x0202cc7e   0x0202cc7e   0x00000002   PAD
    0x0202cc80   0x0202cc80   0x0000000c   Code   RO          299    .text.get_ft_sum    eflash.o
    0x0202cc8c   0x0202cc8c   0x00000060   Code   RO          224    .text.handle_command  uart_console.o
    0x0202ccec   0x0202ccec   0x00000056   Code   RO           45    .text.hci_cmd_cmpl_user_handler  profile.o
    0x0202cd42   0x0202cd42   0x00000002   PAD
    0x0202cd44   0x0202cd44   0x00000006   Code   RO           47    .text.hci_event_command_complete_get_command_opcode  profile.o
    0x0202cd4a   0x0202cd4a   0x00000002   PAD
    0x0202cd4c   0x0202cd4c   0x00000004   Code   RO           67    .text.hci_event_le_meta_get_subevent_code  profile.o
    0x0202cd50   0x0202cd50   0x00000004   Code   RO           57    .text.hci_event_packet_get_type  profile.o
    0x0202cd54   0x0202cd54   0x00000008   Code   RO          165    .text.idle_process  noos_impl.o
    0x0202cd5c   0x0202cd5c   0x0000006e   Code   RO         2100    .text.impl_do_kv_visit  kv_impl.o
    0x0202cdca   0x0202cdca   0x00000002   PAD
    0x0202cdcc   0x0202cdcc   0x00000022   Code   RO         2082    .text.impl_kv_get   kv_impl.o
    0x0202cdee   0x0202cdee   0x00000002   PAD
    0x0202cdf0   0x0202cdf0   0x0000003e   Code   RO         2080    .text.impl_kv_put   kv_impl.o
    0x0202ce2e   0x0202ce2e   0x00000002   PAD
    0x0202ce30   0x0202ce30   0x00000048   Code   RO         2078    .text.impl_kv_remove  kv_impl.o
    0x0202ce78   0x0202ce78   0x00000044   Code   RO         2076    .text.impl_kv_remove_all  kv_impl.o
    0x0202cebc   0x0202cebc   0x00000022   Code   RO         2086    .text.impl_kv_value_modified_of_key  kv_impl.o
    0x0202cede   0x0202cede   0x00000002   PAD
    0x0202cee0   0x0202cee0   0x00000014   Code   RO         2084    .text.impl_kv_visit  kv_impl.o
    0x0202cef4   0x0202cef4   0x00000032   Code   RO         1678    .text.ing24g_init   app_2g4.o
    0x0202cf26   0x0202cf26   0x00000002   PAD
    0x0202cf28   0x0202cf28   0x00000098   Code   RO         1684    .text.ing24g_test_do_switch_to_2p4g  app_2g4.o
    0x0202cfc0   0x0202cfc0   0x00000022   Code   RO         2179    .text.ing2p4g_get_2g4_work_mode  BLE_2P4G_Switch.lib(ing_2p4g.o)
    0x0202cfe2   0x0202cfe2   0x00000002   PAD
    0x0202cfe4   0x0202cfe4   0x00000022   Code   RO         2177    .text.ing2p4g_get_state  BLE_2P4G_Switch.lib(ing_2p4g.o)
    0x0202d006   0x0202d006   0x00000002   PAD
    0x0202d008   0x0202d008   0x00000036   Code   RO         2169    .text.ing2p4g_lle_set_parameter  BLE_2P4G_Switch.lib(ing_2p4g.o)
    0x0202d03e   0x0202d03e   0x00000002   PAD
    0x0202d040   0x0202d040   0x00000062   Code   RO         2173    .text.ing2p4g_rst   BLE_2P4G_Switch.lib(ing_2p4g.o)
    0x0202d0a2   0x0202d0a2   0x00000002   PAD
    0x0202d0a4   0x0202d0a4   0x0000003a   Code   RO         2181    .text.ing2p4g_set_2g4_work_mode  BLE_2P4G_Switch.lib(ing_2p4g.o)
    0x0202d0de   0x0202d0de   0x00000002   PAD
    0x0202d0e0   0x0202d0e0   0x00000046   Code   RO         2147    .text.ing2p4g_set_access_address  BLE_2P4G_Switch.lib(ing_2p4g.o)
    0x0202d126   0x0202d126   0x00000002   PAD
    0x0202d128   0x0202d128   0x00000054   Code   RO         2143    .text.ing2p4g_set_channel  BLE_2P4G_Switch.lib(ing_2p4g.o)
    0x0202d17c   0x0202d17c   0x0000004c   Code   RO         2133    .text.ing2p4g_set_irq_callback  BLE_2P4G_Switch.lib(ing_2p4g.o)
    0x0202d1c8   0x0202d1c8   0x00000058   Code   RO         2151    .text.ing2p4g_set_rx_timeout  BLE_2P4G_Switch.lib(ing_2p4g.o)
    0x0202d220   0x0202d220   0x00000052   Code   RO         2155    .text.ing2p4g_start_2p4g_rx  BLE_2P4G_Switch.lib(ing_2p4g.o)
    0x0202d272   0x0202d272   0x00000002   PAD
    0x0202d274   0x0202d274   0x00000032   Code   RO         2189    .text.ing2p4g_switch_to_2G4  BLE_2P4G_Switch.lib(ing_2p4g.o)
    0x0202d2a6   0x0202d2a6   0x00000002   PAD
    0x0202d2a8   0x0202d2a8   0x00000008   Code   RO           77    .text.ing2p4g_switch_to_ble_mode_complete  profile.o
    0x0202d2b0   0x0202d2b0   0x0000003a   Code   RO         1682    .text.ing_2p4g_config_init  app_2g4.o
    0x0202d2ea   0x0202d2ea   0x00000002   PAD
    0x0202d2ec   0x0202d2ec   0x0000003c   Code   RO         1819    .text.isCheckHeaderValid  iap_application.o
    0x0202d328   0x0202d328   0x0000003e   Code   RO          281    .text.is_data_ready  eflash.o
    0x0202d366   0x0202d366   0x00000002   PAD
    0x0202d368   0x0202d368   0x00000072   Code   RO         2088    .text.key_remap_by_type  kv_impl.o
    0x0202d3da   0x0202d3da   0x00000002   PAD
    0x0202d3dc   0x0202d3dc   0x0000006e   Code   RO         2096    .text.kv_do_append_key  kv_impl.o
    0x0202d44a   0x0202d44a   0x00000002   PAD
    0x0202d44c   0x0202d44c   0x0000003a   Code   RO         2070    .text.kv_do_backup  kv_impl.o
    0x0202d486   0x0202d486   0x00000002   PAD
    0x0202d488   0x0202d488   0x00000030   Code   RO         2098    .text.kv_do_gc      kv_impl.o
    0x0202d4b8   0x0202d4b8   0x0000000c   Code   RO         2092    .text.kv_do_remove_key  kv_impl.o
    0x0202d4c4   0x0202d4c4   0x00000046   Code   RO         2068    .text.kv_flash_repair  kv_impl.o
    0x0202d50a   0x0202d50a   0x00000002   PAD
    0x0202d50c   0x0202d50c   0x00000048   Code   RO         2066    .text.kv_impl_init  kv_impl.o
    0x0202d554   0x0202d554   0x0000001c   Code   RO         2072    .text.kv_reset      kv_impl.o
    0x0202d570   0x0202d570   0x0000007a   Code   RO         2104    .text.kv_search     kv_impl.o
    0x0202d5ea   0x0202d5ea   0x00000002   PAD
    0x0202d5ec   0x0202d5ec   0x00000030   Code   RO         2090    .text.kv_search_cache  kv_impl.o
    0x0202d61c   0x0202d61c   0x00000048   Code   RO         2094    .text.kv_search_flash  kv_impl.o
    0x0202d664   0x0202d664   0x00000018   Code   RO         2102    .text.kv_visitor_dump  kv_impl.o
    0x0202d67c   0x0202d67c   0x00000016   Code   RO          163    .text.leave_critical  noos_impl.o
    0x0202d692   0x0202d692   0x00000002   PAD
    0x0202d694   0x0202d694   0x0000002a   Code   RO          230    .text.loop_uart_console  uart_console.o
    0x0202d6be   0x0202d6be   0x00000002   PAD
    0x0202d6c0   0x0202d6c0   0x0000001c   Code   RO           37    .text.mode_switch_to_2p4g_trigger  profile.o
    0x0202d6dc   0x0202d6dc   0x0000000c   Code   RO         2074    .text.next_item     kv_impl.o
    0x0202d6e8   0x0202d6e8   0x0000002c   Code   RO          127    .text.noos_start    noos_impl.o
    0x0202d714   0x0202d714   0x00000010   Code   RO         1393    .text.nop           peripheral_usb.o
    0x0202d724   0x0202d724   0x0000000a   Code   RO           12    .text.on_deep_sleep_wakeup  main.o
    0x0202d72e   0x0202d72e   0x00000002   PAD
    0x0202d730   0x0202d730   0x00000004   Code   RO           10    .text.on_lle_init   main.o
    0x0202d734   0x0202d734   0x0000000a   Code   RO          135    .text.os_impl_get_driver  noos_impl.o
    0x0202d73e   0x0202d73e   0x00000002   PAD
    0x0202d740   0x0202d740   0x00000002   Code   RO          133    .text.pendsv_isr    noos_impl.o
    0x0202d742   0x0202d742   0x00000002   PAD
    0x0202d744   0x0202d744   0x0000000a   Code   RO          267    .text.program_flash  eflash.o
    0x0202d74e   0x0202d74e   0x00000002   PAD
    0x0202d750   0x0202d750   0x00000074   Code   RO         1855    .text.program_fota_metadata  iap_bootloader.o
    0x0202d7c4   0x0202d7c4   0x00000004   Code   RO           14    .text.query_deep_sleep_allowed  main.o
    0x0202d7c8   0x0202d7c8   0x00000018   Code   RO          151    .text.queue_create  noos_impl.o
    0x0202d7e0   0x0202d7e0   0x0000003e   Code   RO          155    .text.queue_recv_msg  noos_impl.o
    0x0202d81e   0x0202d81e   0x00000002   PAD
    0x0202d820   0x0202d820   0x00000028   Code   RO          153    .text.queue_send_msg  noos_impl.o
    0x0202d848   0x0202d848   0x0000003c   Code   RO          275    .text.read_flash_security  eflash.o
    0x0202d884   0x0202d884   0x00000044   Code   RO          277    .text.read_flash_security0  eflash.o
    0x0202d8c8   0x0202d8c8   0x00000048   Code   RO         1763    .text.rom_crc16_large  crc16.o
    0x0202d910   0x0202d910   0x00000006   Code   RO          297    .text.security_page_read  eflash.o
    0x0202d916   0x0202d916   0x00000002   PAD
    0x0202d918   0x0202d918   0x00000080   Code   RO         2015    .text.send_modify_usb_info_result  ctrl.o
    0x0202d998   0x0202d998   0x0000001a   Code   RO          809    .text.set_reg_bit   peripheral_sysctrl.o
    0x0202d9b2   0x0202d9b2   0x00000002   PAD
    0x0202d9b4   0x0202d9b4   0x00000024   Code   RO          565    .text.set_reg_bits  peripheral_pinctrl.o
    0x0202d9d8   0x0202d9d8   0x00000022   Code   RO          811    .text.set_reg_bits  peripheral_sysctrl.o
    0x0202d9fa   0x0202d9fa   0x00000002   PAD
    0x0202d9fc   0x0202d9fc   0x00000068   Code   RO           79    .text.setup_adv     profile.o
    0x0202da64   0x0202da64   0x0000001e   Code   RO            8    .text.setup_peripherals  main.o
    0x0202da82   0x0202da82   0x00000002   PAD
    0x0202da84   0x0202da84   0x00000042   Code   RO           49    .text.setup_profile  profile.o
    0x0202dac6   0x0202dac6   0x00000002   PAD
    0x0202dac8   0x0202dac8   0x0000009c   Code   RO         1720    .text.slave_rx_data_handle  app_2g4.o
    0x0202db64   0x0202db64   0x0000005e   Code   RO          563    .text.source_id_on_pin  peripheral_pinctrl.o
    0x0202dbc2   0x0202dbc2   0x00000002   PAD
    0x0202dbc4   0x0202dbc4   0x00000002   Code   RO          131    .text.svc_isr       noos_impl.o
    0x0202dbc6   0x0202dbc6   0x00000002   PAD
    0x0202dbc8   0x0202dbc8   0x00000028   Code   RO          149    .text.task_create   noos_impl.o
    0x0202dbf0   0x0202dbf0   0x00000002   Code   RO          129    .text.tick_isr      noos_impl.o
    0x0202dbf2   0x0202dbf2   0x00000002   PAD
    0x0202dbf4   0x0202dbf4   0x00000022   Code   RO          139    .text.timer_cb      noos_impl.o
    0x0202dc16   0x0202dc16   0x00000002   PAD
    0x0202dc18   0x0202dc18   0x0000000a   Code   RO          111    .text.timer_cb_0    noos_impl.o
    0x0202dc22   0x0202dc22   0x00000002   PAD
    0x0202dc24   0x0202dc24   0x0000000a   Code   RO          113    .text.timer_cb_1    noos_impl.o
    0x0202dc2e   0x0202dc2e   0x00000002   PAD
    0x0202dc30   0x0202dc30   0x0000000a   Code   RO          115    .text.timer_cb_2    noos_impl.o
    0x0202dc3a   0x0202dc3a   0x00000002   PAD
    0x0202dc3c   0x0202dc3c   0x0000000a   Code   RO          117    .text.timer_cb_3    noos_impl.o
    0x0202dc46   0x0202dc46   0x00000002   PAD
    0x0202dc48   0x0202dc48   0x0000000a   Code   RO          119    .text.timer_cb_4    noos_impl.o
    0x0202dc52   0x0202dc52   0x00000002   PAD
    0x0202dc54   0x0202dc54   0x0000000a   Code   RO          121    .text.timer_cb_5    noos_impl.o
    0x0202dc5e   0x0202dc5e   0x00000002   PAD
    0x0202dc60   0x0202dc60   0x0000000a   Code   RO          123    .text.timer_cb_6    noos_impl.o
    0x0202dc6a   0x0202dc6a   0x00000002   PAD
    0x0202dc6c   0x0202dc6c   0x0000000a   Code   RO          125    .text.timer_cb_7    noos_impl.o
    0x0202dc76   0x0202dc76   0x00000002   PAD
    0x0202dc78   0x0202dc78   0x00000074   Code   RO          141    .text.timer_create  noos_impl.o
    0x0202dcec   0x0202dcec   0x00000012   Code   RO          147    .text.timer_delete  noos_impl.o
    0x0202dcfe   0x0202dcfe   0x00000002   PAD
    0x0202dd00   0x0202dd00   0x0000000e   Code   RO          143    .text.timer_start   noos_impl.o
    0x0202dd0e   0x0202dd0e   0x00000002   PAD
    0x0202dd10   0x0202dd10   0x0000000c   Code   RO          145    .text.timer_stop    noos_impl.o
    0x0202dd1c   0x0202dd1c   0x00000008   Code   RO         1584    .text.trace_rtt_init  trace.o
    0x0202dd24   0x0202dd24   0x00000042   Code   RO          194    .text.tx_data       uart_console.o
    0x0202dd66   0x0202dd66   0x00000002   PAD
    0x0202dd68   0x0202dd68   0x00000048   Code   RO           16    .text.uart_isr      main.o
    0x0202ddb0   0x0202ddb0   0x00000012   Code   RO         1997    .text.ucm_init      ctrl.o
    0x0202ddc2   0x0202ddc2   0x00000002   PAD
    0x0202ddc4   0x0202ddc4   0x00000008   Code   RO         1658    .text.usb_remote_wakeup  app_2g4.o
    0x0202ddcc   0x0202ddcc   0x000000ba   Code   RO           55    .text.user_packet_handler  profile.o
    0x0202de86   0x0202de86   0x00000002   PAD
    0x0202de88   0x0202de88   0x00000026   Code   RO          271    .text.write_flash   eflash.o
    0x0202deae   0x0202deae   0x00000002   PAD
    0x0202deb0   0x0202deb0   0x00000086   Code   RO          269    .text.write_flash0  eflash.o
    0x0202df36   0x0202df36   0x00000002   PAD
    0x0202df38   0x0202df38   0x0000001e   Code   RO          305    .text.write_ft_sum  eflash.o
    0x0202df56   0x0202df56   0x0000000a   Ven    RO         2906    Veneer$$Code        anon$$obj.o
    0x0202df60   0x0202df60   0x0000000a   Ven    RO         2907    Veneer$$Code        anon$$obj.o
    0x0202df6a   0x0202df6a   0x00000002   PAD
    0x0202df6c   0x0202df6c   0x00000020   Code   RO         2766    i.__0printf$8       mc_w.l(printf8.o)
    0x0202df8c   0x0202df8c   0x0000000e   Code   RO         2898    i.__scatterload_copy  mc_w.l(handlers.o)
    0x0202df9a   0x0202df9a   0x00000002   Code   RO         2899    i.__scatterload_null  mc_w.l(handlers.o)
    0x0202df9c   0x0202df9c   0x0000000e   Code   RO         2900    i.__scatterload_zeroinit  mc_w.l(handlers.o)
    0x0202dfaa   0x0202dfaa   0x00000002   PAD
    0x0202dfac   0x0202dfac   0x00000410   Code   RO         2773    i._printf_core      mc_w.l(printf8.o)
    0x0202e3bc   0x0202e3bc   0x00000024   Code   RO         2774    i._printf_post_padding  mc_w.l(printf8.o)
    0x0202e3e0   0x0202e3e0   0x0000002e   Code   RO         2775    i._printf_pre_padding  mc_w.l(printf8.o)
    0x0202e40e   0x0202e40e   0x00000002   PAD
    0x0202e410   0x0202e410   0x00000050   Code   RO         2820    i.free              mc_w.l(malloc.o)
    0x0202e460   0x0202e460   0x0000006c   Code   RO         2821    i.malloc            mc_w.l(malloc.o)
    0x0202e4cc   0x0202e4cc   0x00000024   Code   RO         2533    i.puts              mc_w.l(puts.o)
    0x0202e4f0   0x0202e4f0   0x00000062   Data   RO         1968    .rodata.ConfigDescriptor  bsp_usb_hid_iap.o
    0x0202e552   0x0202e552   0x00000002   PAD
    0x0202e554   0x0202e554   0x00000012   Data   RO         1967    .rodata.DeviceDescriptor  bsp_usb_hid_iap.o
    0x0202e566   0x0202e566   0x00000002   PAD
    0x0202e568   0x0202e568   0x000000d3   Data   RO         1975    .rodata.ReportCtlDescriptor  bsp_usb_hid_iap.o
    0x0202e63b   0x0202e63b   0x00000001   PAD
    0x0202e63c   0x0202e63c   0x00000044   Data   RO         1973    .rodata.ReportKeyDescriptor  bsp_usb_hid_iap.o
    0x0202e680   0x0202e680   0x00000022   Data   RO         1974    .rodata.ReportViaDescriptor  bsp_usb_hid_iap.o
    0x0202e6a2   0x0202e6a2   0x00000002   PAD
    0x0202e6a4   0x0202e6a4   0x00000004   Data   RO         1969    .rodata.StringDescriptor_0  bsp_usb_hid_iap.o
    0x0202e6a8   0x0202e6a8   0x00000012   Data   RO         1970    .rodata.StringDescriptor_1  bsp_usb_hid_iap.o
    0x0202e6ba   0x0202e6ba   0x00000002   PAD
    0x0202e6bc   0x0202e6bc   0x0000002a   Data   RO         1971    .rodata.StringDescriptor_2  bsp_usb_hid_iap.o
    0x0202e6e6   0x0202e6e6   0x00000002   PAD
    0x0202e6e8   0x0202e6e8   0x00000012   Data   RO         1972    .rodata.StringDescriptor_3  bsp_usb_hid_iap.o
    0x0202e6fa   0x0202e6fa   0x00000010   Data   RO           94    .rodata.adv_data    profile.o
    0x0202e70a   0x0202e70a   0x00000006   Data   RO           96    .rodata.adv_sets_en  profile.o
    0x0202e710   0x0202e710   0x00000005   Data   RO         2055    .rodata.app_2g4_state_default  app_storage.o
    0x0202e715   0x0202e715   0x00000100   Data   RO         1767    .rodata.auchCRCHi   crc16.o
    0x0202e815   0x0202e815   0x00000100   Data   RO         1768    .rodata.auchCRCLo   crc16.o
    0x0202e915   0x0202e915   0x0000000d   Data   RO         1845    .rodata.bChipID     iap_application.o
    0x0202e922   0x0202e922   0x0000000d   Data   RO         1846    .rodata.bItemStr    iap_application.o
    0x0202e92f   0x0202e92f   0x00000009   Data   RO         1844    .rodata.bUpgradeFlag  iap_application.o
    0x0202e938   0x0202e938   0x00000080   Data   RO          243    .rodata.cmds        uart_console.o
    0x0202e9b8   0x0202e9b8   0x00000010   Data   RO         1857    .rodata.cst16       iap_bootloader.o
    0x0202e9c8   0x0202e9c8   0x0000004c   Data   RO          172    .rodata.driver      noos_impl.o
    0x0202ea14   0x0202ea14   0x00000068   Data   RO           27    .rodata.evt_cb_table  main.o
    0x0202ea7c   0x0202ea7c   0x00000011   Data   RO          242    .rodata.handle_command.unknow_cmd  uart_console.o
    0x0202ea8d   0x0202ea8d   0x00000294   Data   RO          239    .rodata.help        uart_console.o
    0x0202ed21   0x0202ed21   0x0000031e   Data   RO          581    .rodata.io_output_source_map  peripheral_pinctrl.o
    0x0202f03f   0x0202f03f   0x00000001   PAD
    0x0202f040   0x0202f040   0x00000018   Data   RO         2108    .rodata.kv_backend  kv_impl.o
    0x0202f058   0x0202f058   0x00000002   Data   RO           92    .rodata.profile_data  profile.o
    0x0202f05a   0x0202f05a   0x00000002   PAD
    0x0202f05c   0x0202f05c   0x00000048   Data   RO          307    .rodata.prog_security_page_read  eflash.o
    0x0202f0a4   0x0202f0a4   0x00000001   Data   RO           95    .rodata.scan_data   profile.o
    0x0202f0a5   0x0202f0a5   0x00000006   Data   RO           93    .rodata.setup_adv.rand_addr  profile.o
    0x0202f0ab   0x0202f0ab   0x0000006c   Data   RO           28    .rodata.str1.1      main.o
    0x0202f117   0x0202f117   0x00000098   Data   RO          241    .rodata.str1.1      uart_console.o
    0x0202f1af   0x0202f1af   0x00000009   Data   RO         1621    .rodata.str1.1      trace.o
    0x0202f1b8   0x0202f1b8   0x00000367   Data   RO         1843    .rodata.str1.1      iap_application.o
    0x0202f51f   0x0202f51f   0x00000112   Data   RO         1910    .rodata.str1.1      iap_transport.o
    0x0202f631   0x0202f631   0x00000019   Data   RO         2019    .rodata.str1.1      ctrl.o
    0x0202f64a   0x0202f64a   0x00000002   PAD
    0x0202f64c   0x0202f64c   0x00000020   Data   RO         2897    Region$$Table       anon$$obj.o


    Execution Region RW_IRAM1 (Exec base: 0x20004360, Load base: 0x0202f670, Size: 0x00005848, Max: 0x00009ca0, ABSOLUTE, COMPRESSED[0x00000078])

    Exec Addr    Load Addr    Size         Type   Attr      Idx    E Section Name        Object

    0x20004360   COMPRESSED   0x00000004   Data   RW         2872    .data               mc_w.l(stdout.o)
    0x20004364   COMPRESSED   0x00000004   Data   RW         2883    .data               mc_w.l(mvars.o)
    0x20004368   COMPRESSED   0x00000004   Data   RW         2884    .data               mc_w.l(mvars.o)
    0x2000436c   COMPRESSED   0x00000001   Data   RW         1724    .data.Test_Count    app_2g4.o
    0x2000436d   COMPRESSED   0x00000001   PAD
    0x2000436e   COMPRESSED   0x00000010   Data   RW         1733    .data.app_2g4_hop   app_2g4.o
    0x2000437e   COMPRESSED   0x00000001   Data   RW         1750    .data.app_2g4_state.2  app_2g4.o
    0x2000437f   COMPRESSED   0x00000001   PAD
    0x20004380   COMPRESSED   0x00000002   Data   RW           97    .data.bleSta.0      profile.o
    0x20004382   COMPRESSED   0x00000002   PAD
    0x20004384   COMPRESSED   0x00000046   Data   RW         1842    .data.cmdCtl        iap_application.o
    0x200043ca   COMPRESSED   0x00000002   PAD
    0x200043cc   COMPRESSED   0x00000001   Data   RW         1985    .data.hid_protocol_type  bsp_usb_hid_iap.o
    0x200043cd   COMPRESSED   0x00000020   Data   RW          240    .data.ing2g4_tx_data  uart_console.o
    0x200043ed   COMPRESSED   0x00000001   Data   RW         2107    .data.key_channel   kv_impl.o
    0x200043ee   COMPRESSED   0x00000002   PAD
    0x200043f0   COMPRESSED   0x00000004   Data   RW         2211    .data.rssi_listen_window_size  BLE_2P4G_Switch.lib(ing_2p4g.o)
    0x200043f4   COMPRESSED   0x000000a0   Data   RW          169    .data.sw_timers     noos_impl.o
    0x20004494   COMPRESSED   0x00000004   PAD
    0x20004498        -       0x00000003   Zero   RW         1977    .bss.CtlReport      bsp_usb_hid_iap.o
    0x2000449b   COMPRESSED   0x00000001   PAD
    0x2000449c        -       0x00000040   Zero   RW         1982    .bss.DataRecvBuf    bsp_usb_hid_iap.o
    0x200044dc        -       0x00000040   Zero   RW         1983    .bss.DataSendBuf    bsp_usb_hid_iap.o
    0x2000451c        -       0x00000040   Zero   RW         1984    .bss.DynamicDescriptor  bsp_usb_hid_iap.o
    0x2000455c        -       0x0000001c   Zero   RW         2207    .bss.ING2P4G_Config  BLE_2P4G_Switch.lib(ing_2p4g.o)
    0x20004578        -       0x00000001   Zero   RW         1743    .bss.Init_24G_Flag  app_2g4.o
    0x20004579   COMPRESSED   0x00000003   PAD
    0x2000457c        -       0x00000038   Zero   RW         1976    .bss.KeybReport     bsp_usb_hid_iap.o
    0x200045b4        -       0x00000001   Zero   RW         1739    .bss.Power_Up_Start  app_2g4.o
    0x200045b5   COMPRESSED   0x00000003   PAD
    0x200045b8        -       0x00000008   Zero   RW         1740    .bss.Power_Up_Start_1S_Count  app_2g4.o
    0x200045c0        -       0x00000004   Zero   RW         1744    .bss.Read_Spi_To_2P4G_Data_Callback  app_2g4.o
    0x200045c4        -       0x0000010c   Zero   RW         2208    .bss.RxPkt          BLE_2P4G_Switch.lib(ing_2p4g.o)
    0x200046d0        -       0x00000102   Zero   RW         1746    .bss.RxPkt111       app_2g4.o
    0x200047d2        -       0x00000001   Zero   RW         1731    .bss.Suspend_Signal_Check  app_2g4.o
    0x200047d3        -       0x00000001   Zero   RW         1732    .bss.Suspend_Signal_Flag  app_2g4.o
    0x200047d4        -       0x00000001   Zero   RW         1729    .bss.System_Led_Send  app_2g4.o
    0x200047d5        -       0x00000001   Zero   RW         1728    .bss.System_Led_Status  app_2g4.o
    0x200047d6   COMPRESSED   0x00000002   PAD
    0x200047d8        -       0x00000008   Zero   RW         1741    .bss.System_Time_200Ms  app_2g4.o
    0x200047e0        -       0x00000008   Zero   RW         1742    .bss.System_Time_Suspend_Delay  app_2g4.o
    0x200047e8        -       0x00000001   Zero   RW         1727    .bss.Test_Complete_Start  app_2g4.o
    0x200047e9        -       0x00000020   Zero   RW         1723    .bss.Test_Complete_data  app_2g4.o
    0x20004809        -       0x00000001   Zero   RW         1726    .bss.Test_Piar_Start  app_2g4.o
    0x2000480a        -       0x00000020   Zero   RW         1722    .bss.Test_Piar_data  app_2g4.o
    0x2000482a        -       0x00000001   Zero   RW         1725    .bss.Test_Power_Start  app_2g4.o
    0x2000482b        -       0x00000003   Zero   RW         1909    .bss.TransportRecvCtl  iap_transport.o
    0x2000482e        -       0x00000002   Zero   RW         1911    .bss.TransportRecvData.0  iap_transport.o
    0x20004830        -       0x00000004   Zero   RW         1912    .bss.TransportRecvData.1  iap_transport.o
    0x20004834        -       0x00000014   Zero   RW         2209    .bss.TxPacketBuffer  BLE_2P4G_Switch.lib(ing_2p4g.o)
    0x20004848        -       0x00000003   Zero   RW         1978    .bss.UcmReport      bsp_usb_hid_iap.o
    0x2000484b   COMPRESSED   0x00000001   PAD
    0x2000484c        -       0x00000004   Zero   RW         1979    .bss.UsbVar         bsp_usb_hid_iap.o
    0x20004850        -       0x00000001   Zero   RW         1730    .bss.Usb_OK_Flag    app_2g4.o
    0x20004851   COMPRESSED   0x00000003   PAD
    0x20004854        -       0x00000048   Zero   RW         1616    .bss._SEGGER_RTT    trace.o
    0x2000489c        -       0x00000010   Zero   RW         1623    .bss._acDownBuffer  trace.o
    0x200048ac        -       0x000001f4   Zero   RW         1622    .bss._acUpBuffer    trace.o
    0x20004aa0        -       0x00001fa4   Zero   RW         1841    .bss.appBuffer      iap_application.o
    0x20006a44        -       0x00000001   Zero   RW         1751    .bss.app_2g4_bond_state.0  app_2g4.o
    0x20006a45   COMPRESSED   0x00000003   PAD
    0x20006a48        -       0x00000004   Zero   RW         1752    .bss.app_2g4_bond_state.1  app_2g4.o
    0x20006a4c        -       0x00000002   Zero   RW         1747    .bss.app_2g4_com_err_cnt  app_2g4.o
    0x20006a4e        -       0x00000320   Zero   RW         1745    .bss.app_2g4_data   app_2g4.o
    0x20006d6e        -       0x00000001   Zero   RW         1737    .bss.app_2g4_data_rev  app_2g4.o
    0x20006d6f        -       0x00000001   Zero   RW         1738    .bss.app_2g4_data_send  app_2g4.o
    0x20006d70        -       0x00000001   Zero   RW         1748    .bss.app_2g4_state.0  app_2g4.o
    0x20006d71        -       0x00000001   Zero   RW         1749    .bss.app_2g4_state.1  app_2g4.o
    0x20006d72        -       0x00000001   Zero   RW           98    .bss.bleSta.1       profile.o
    0x20006d73        -       0x00000001   Zero   RW           99    .bss.bleSta.2       profile.o
    0x20006d74        -       0x00000001   Zero   RW          100    .bss.bleSta.4       profile.o
    0x20006d75        -       0x00000001   Zero   RW          101    .bss.bleSta.5       profile.o
    0x20006d76        -       0x00000001   Zero   RW          102    .bss.bleSta.6       profile.o
    0x20006d77        -       0x00000020   Zero   RW         2020    .bss.buffer         ctrl.o
    0x20006d97        -       0x00000001   Zero   RW         2205    .bss.comm_mode      BLE_2P4G_Switch.lib(ing_2p4g.o)
    0x20006d98        -       0x00000040   Zero   RW         1481    .bss.g_UsbBufferEp0In  peripheral_usb.o
    0x20006dd8        -       0x00000040   Zero   RW         1480    .bss.g_UsbBufferEp0Out  peripheral_usb.o
    0x20006e18        -       0x00000108   Zero   RW         1479    .bss.g_UsbVar       peripheral_usb.o
    0x20006f20        -       0x00000004   Zero   RW          173    .bss.handle_cnt     noos_impl.o
    0x20006f24        -       0x00000002   Zero   RW           90    .bss.hci_cmd_cmpl_user_handler_map_len  profile.o
    0x20006f26   COMPRESSED   0x00000002   PAD
    0x20006f28        -       0x00000050   Zero   RW           89    .bss.hci_cmd_complete_user_handler_map  profile.o
    0x20006f78        -       0x00000008   Zero   RW           91    .bss.hci_event_callback_registration  profile.o
    0x20006f80        -       0x00000004   Zero   RW          170    .bss.host_entry     noos_impl.o
    0x20006f84        -       0x00000004   Zero   RW          171    .bss.host_param     noos_impl.o
    0x20006f88        -       0x00000004   Zero   RW         1908    .bss.iap_transport_recv_cmd_callback  iap_transport.o
    0x20006f8c        -       0x00000010   Zero   RW         2204    .bss.ing2p4g_callback  BLE_2P4G_Switch.lib(ing_2p4g.o)
    0x20006f9c        -       0x00000001   Zero   RW         2206    .bss.ing2p4g_state  BLE_2P4G_Switch.lib(ing_2p4g.o)
    0x20006f9d   COMPRESSED   0x00000003   PAD
    0x20006fa0        -       0x0000001c   Zero   RW         1734    .bss.ing_2p4g_config  app_2g4.o
    0x20006fbc        -       0x0000003c   Zero   RW          244    .bss.input          uart_console.o
    0x20006ff8        -       0x00000004   Zero   RW          174    .bss.int_lock_cnt   noos_impl.o
    0x20006ffc        -       0x00000001   Zero   RW         1986    .bss.interfaceAlternateSetting.0  bsp_usb_hid_iap.o
    0x20006ffd        -       0x00000001   Zero   RW         1987    .bss.interfaceAlternateSetting.1  bsp_usb_hid_iap.o
    0x20006ffe        -       0x00000001   Zero   RW         1988    .bss.interfaceAlternateSetting.2  bsp_usb_hid_iap.o
    0x20006fff        -       0x00000001   Zero   RW         2017    .bss.is_command_process  ctrl.o
    0x20007000        -       0x00000190   Zero   RW         2106    .bss.kv_cache       kv_impl.o
    0x20007190        -       0x00000004   Zero   RW         2109    .bss.kv_storage_tail  kv_impl.o
    0x20007194        -       0x00000001   Zero   RW          247    .bss.loop_console_flag  uart_console.o
    0x20007195   COMPRESSED   0x00000001   PAD
    0x20007196        -       0x0000003c   Zero   RW          245    .bss.output         uart_console.o
    0x200071d2   COMPRESSED   0x00000002   PAD
    0x200071d4        -       0x00000004   Zero   RW         2201    .bss.p_ecpt         BLE_2P4G_Switch.lib(ing_2p4g.o)
    0x200071d8        -       0x00000004   Zero   RW         2203    .bss.p_rxcont       BLE_2P4G_Switch.lib(ing_2p4g.o)
    0x200071dc        -       0x00000004   Zero   RW         2202    .bss.p_txcont       BLE_2P4G_Switch.lib(ing_2p4g.o)
    0x200071e0        -       0x00000130   Zero   RW         2018    .bss.package        ctrl.o
    0x20007310        -       0x00000004   Zero   RW         2213    .bss.reg_backup.0   BLE_2P4G_Switch.lib(ing_2p4g.o)
    0x20007314        -       0x00000004   Zero   RW         2214    .bss.reg_backup.1   BLE_2P4G_Switch.lib(ing_2p4g.o)
    0x20007318        -       0x00000004   Zero   RW         2215    .bss.reg_backup.2   BLE_2P4G_Switch.lib(ing_2p4g.o)
    0x2000731c        -       0x00000004   Zero   RW         2216    .bss.reg_backup.3   BLE_2P4G_Switch.lib(ing_2p4g.o)
    0x20007320        -       0x00000004   Zero   RW         2217    .bss.reg_backup.4   BLE_2P4G_Switch.lib(ing_2p4g.o)
    0x20007324        -       0x00000004   Zero   RW         2218    .bss.reg_backup.5   BLE_2P4G_Switch.lib(ing_2p4g.o)
    0x20007328        -       0x00000004   Zero   RW         2219    .bss.reg_backup.6   BLE_2P4G_Switch.lib(ing_2p4g.o)
    0x2000732c        -       0x0000004a   Zero   RW         1907    .bss.sendCtl        iap_transport.o
    0x20007376        -       0x00000001   Zero   RW         1735    .bss.slave_tx_len   app_2g4.o
    0x20007377        -       0x00000001   Zero   RW           26    .bss.trace_ctx      main.o
    0x20007378        -       0x00000040   Zero   RW         1736    .bss.tx_data        app_2g4.o
    0x200073b8        -       0x00000004   Zero   RW         1980    .bss.usb_hid_iap_recv_callback  bsp_usb_hid_iap.o
    0x200073bc        -       0x00000004   Zero   RW         1981    .bss.usb_hid_ucm_recv_callback  bsp_usb_hid_iap.o
    0x200073c0        -       0x000023e8   Zero   RW          256    HEAP                startup_ing91600.o
    0x200097a8        -       0x00000400   Zero   RW          255    STACK               startup_ing91600.o


==============================================================================

Image component sizes


      Code (inc. data)   RO Data    RW Data    ZI Data      Debug   Object Name

      4138         62          0         18       1264      12007   app_2g4.o
       242          0          5          0          0       4349   app_storage.o
      2664         98        511          1        269      17401   bsp_usb_hid_iap.o
        98          0        512          0          0       1613   crc16.o
       962        316         25          0        337       3844   ctrl.o
        20          0          0          0          0        826   cust_main.o
       886          0         72          0          0       9185   eflash.o
        24          0          0          0          0        334   iap_916.o
      3072        914        906         70       8100      12988   iap_application.o
       116          0         16          0          0       1316   iap_bootloader.o
       242         16          0          0          0       3271   iap_flash_wp.o
       972        172        274          0         87       5448   iap_transport.o
      1190          6         24          1        404       9247   kv_impl.o
       424         36        212          0          1       7843   main.o
        42          0          0          0          0       1428   my_irq.o
       570         12         76        160         16       6464   noos_impl.o
       124          0          0          0          0       8925   peripheral_gpio.o
       586          0        798          0          0      16532   peripheral_pinctrl.o
      1376         66          0          0          0      26681   peripheral_sysctrl.o
       192          0          0          0          0       6172   peripheral_uart.o
      4212          6          0          0        392      18401   peripheral_usb.o
       794          0         31          2         95       7953   profile.o
        80         24        288          0      10216        496   startup_ing91600.o
       606          0          9          0        588      28145   trace.o
       860        120        957         32        121       7108   uart_console.o

    ----------------------------------------------------------------------
     24800       1848       4764        292      21915     217977   Object Totals
        20          0         32          0          0          0   (incl. Generated)
       288          0         16          8         25          0   (incl. Padding)

    ----------------------------------------------------------------------

      Code (inc. data)   RO Data    RW Data    ZI Data      Debug   Library Member Name

      2960         16          0          4        374      97960   ing_2p4g.o
        58          0          0          0          0          0   __dczerorl.o
         0          0          0          0          0          0   entry.o
         0          0          0          0          0          0   entry10a.o
         0          0          0          0          0          0   entry11a.o
         8          4          0          0          0          0   entry2.o
         4          0          0          0          0          0   entry5.o
         0          0          0          0          0          0   entry7b.o
         0          0          0          0          0          0   entry8b.o
         8          4          0          0          0          0   entry9a.o
        30          0          0          0          0          0   handlers.o
        36          8          0          0          0         68   init.o
        30          0          0          0          0         68   llshl.o
        32          0          0          0          0         68   llushr.o
       188         20          0          0          0        160   malloc.o
        26          0          0          0          0         80   memcmp.o
        64          0          0          0          0         76   memmovea.o
        36          0          0          0          0        108   memseta.o
         0          0          0          8          0          0   mvars.o
      1154         54          0          0          0        352   printf8.o
        36          6          0          0          0         80   puts.o
         0          0          0          4          0          0   stdout.o
        42          0          0          0          0         84   strcasecmp.o
        12          0          0          0          0         68   tolower.o
        98          0          0          0          0         92   uldiv.o

    ----------------------------------------------------------------------
      4848        112          0         16        377      99264   Library Totals
        26          0          0          0          3          0   (incl. Padding)

    ----------------------------------------------------------------------

      Code (inc. data)   RO Data    RW Data    ZI Data      Debug   Library Name

      2960         16          0          4        374      97960   BLE_2P4G_Switch.lib
      1862         96          0         12          0       1304   mc_w.l

    ----------------------------------------------------------------------
      4848        112          0         16        377      99264   Library Totals

    ----------------------------------------------------------------------

==============================================================================


      Code (inc. data)   RO Data    RW Data    ZI Data      Debug   

     29648       1960       4764        308      22292     316533   Grand Totals
     29648       1960       4764        120      22292     316533   ELF Image Totals (compressed)
     29648       1960       4764        120          0          0   ROM Totals

==============================================================================

    Total RO  Size (Code + RO Data)                34412 (  33.61kB)
    Total RW  Size (RW Data + ZI Data)             22600 (  22.07kB)
    Total ROM Size (Code + RO Data + RW Data)      34532 (  33.72kB)

==============================================================================

