Component: ARM Compiler 6.14 Tool: armlink [5db06800]

==============================================================================

Section Cross References

    main.o(.text.cb_putc) refers to peripheral_uart.o(.text.apUART_Check_TXFIFO_FULL) for apUART_Check_TXFIFO_FULL
    main.o(.text.cb_putc) refers to peripheral_uart.o(.text.UART_SendData) for UART_SendData
    main.o(.ARM.exidx.text.cb_putc) refers to main.o(.text.cb_putc) for [Anonymous Symbol]
    main.o(.text.fputc) refers to main.o(.text.cb_putc) for cb_putc
    main.o(.ARM.exidx.text.fputc) refers to main.o(.text.fputc) for [Anonymous Symbol]
    main.o(.text.config_uart) refers to peripheral_uart.o(.text.apUART_Initialize) for apUART_Initialize
    main.o(.ARM.exidx.text.config_uart) refers to main.o(.text.config_uart) for [Anonymous Symbol]
    main.o(.text.setup_peripherals) refers to main.o(.text.config_uart) for config_uart
    main.o(.text.setup_peripherals) refers to bsp_usb_hid_iap.o(.text.bsp_usb_disable) for bsp_usb_disable
    main.o(.text.setup_peripherals) refers to bsp_usb_hid_iap.o(.text.bsp_usb_init) for bsp_usb_init
    main.o(.text.setup_peripherals) refers to peripheral_sysctrl.o(.text.SYSCTRL_ClearClkGateMulti) for SYSCTRL_ClearClkGateMulti
    main.o(.text.setup_peripherals) refers to peripheral_pinctrl.o(.text.PINCTRL_SetPadMux) for PINCTRL_SetPadMux
    main.o(.text.setup_peripherals) refers to peripheral_gpio.o(.text.GIO_WriteValue) for GIO_WriteValue
    main.o(.text.setup_peripherals) refers to peripheral_gpio.o(.text.GIO_SetDirection) for GIO_SetDirection
    main.o(.text.setup_peripherals) refers to peripheral_timer.o(.text.TMR_SetOpMode) for TMR_SetOpMode
    main.o(.text.setup_peripherals) refers to peripheral_timer.o(.text.TMR_IntEnable) for TMR_IntEnable
    main.o(.text.setup_peripherals) refers to peripheral_timer.o(.text.TMR_Enable) for TMR_Enable
    main.o(.text.setup_peripherals) refers to peripheral_timer.o(.text.TMR_SetReload) for TMR_SetReload
    main.o(.text.setup_peripherals) refers to main.o(.text.IRQHandler_TIMER2_INT) for IRQHandler_TIMER2_INT
    main.o(.ARM.exidx.text.setup_peripherals) refers to main.o(.text.setup_peripherals) for [Anonymous Symbol]
    main.o(.text.IRQHandler_TIMER2_INT) refers to peripheral_timer.o(.text.TMR_IntClr) for TMR_IntClr
    main.o(.text.IRQHandler_TIMER2_INT) refers to main.o(.bss.IRQHandler_TIMER2_INT.led_sta) for IRQHandler_TIMER2_INT.led_sta
    main.o(.text.IRQHandler_TIMER2_INT) refers to peripheral_gpio.o(.text.GIO_WriteValue) for GIO_WriteValue
    main.o(.text.IRQHandler_TIMER2_INT) refers to peripheral_timer.o(.text.TMR_Enable) for TMR_Enable
    main.o(.text.IRQHandler_TIMER2_INT) refers to profile.o(.text.ble_state_get) for ble_state_get
    main.o(.text.IRQHandler_TIMER2_INT) refers to peripheral_timer.o(.text.TMR_SetReload) for TMR_SetReload
    main.o(.text.IRQHandler_TIMER2_INT) refers to main.o(.rodata.str1.1) for .L.str.1
    main.o(.ARM.exidx.text.IRQHandler_TIMER2_INT) refers to main.o(.text.IRQHandler_TIMER2_INT) for [Anonymous Symbol]
    main.o(.ARM.exidx.text.on_lle_init) refers to main.o(.text.on_lle_init) for [Anonymous Symbol]
    main.o(.text.db_write_to_flash) refers to main.o(.rodata.str1.1) for .L.str
    main.o(.text.db_write_to_flash) refers to eflash.o(.text.program_flash) for program_flash
    main.o(.ARM.exidx.text.db_write_to_flash) refers to main.o(.text.db_write_to_flash) for [Anonymous Symbol]
    main.o(.text.read_from_flash) refers to memcpya.o(.text) for __aeabi_memcpy
    main.o(.ARM.exidx.text.read_from_flash) refers to main.o(.text.read_from_flash) for [Anonymous Symbol]
    main.o(.text.app_main) refers to peripheral_sysctrl.o(.text.SYSCTRL_Init) for SYSCTRL_Init
    main.o(.text.app_main) refers to main.o(.rodata.evt_cb_table) for evt_cb_table
    main.o(.text.app_main) refers to main.o(.text.setup_peripherals) for setup_peripherals
    main.o(.text.app_main) refers to main.o(.bss.trace_ctx) for trace_ctx
    main.o(.text.app_main) refers to trace.o(.text.trace_rtt_init) for trace_rtt_init
    main.o(.ARM.exidx.text.app_main) refers to main.o(.text.app_main) for [Anonymous Symbol]
    main.o(.text.cb_hard_fault) refers to main.o(.rodata.str1.1) for .L.str.2
    main.o(.ARM.exidx.text.cb_hard_fault) refers to main.o(.text.cb_hard_fault) for [Anonymous Symbol]
    main.o(.text.cb_assertion) refers to main.o(.rodata.str1.1) for .L.str.3
    main.o(.ARM.exidx.text.cb_assertion) refers to main.o(.text.cb_assertion) for [Anonymous Symbol]
    main.o(.text.cb_heap_out_of_mem) refers to main.o(.rodata.str1.1) for .L.str.4
    main.o(.ARM.exidx.text.cb_heap_out_of_mem) refers to main.o(.text.cb_heap_out_of_mem) for [Anonymous Symbol]
    main.o(.rodata.evt_cb_table) refers to main.o(.text.cb_putc) for cb_putc
    main.o(.rodata.evt_cb_table) refers to profile.o(.text.setup_profile) for setup_profile
[...]
    [Anonymous Symbol]                       0x0202fe81   Section        0  trace.o(.rodata.str1.1)
    .L.str.7                                 0x0202fe88   Data           4  trace.o(.rodata.str1.1)
    .L.str.6                                 0x0202fe8c   Data           9  trace.o(.rodata.str1.1)
    .L.str                                   0x0202fe95   Data          19  gatt_client_util.o(.rodata.str1.1)
    [Anonymous Symbol]                       0x0202fe95   Section        0  gatt_client_util.o(.rodata.str1.1)
    .L.str.1                                 0x0202fe9b   Data           6  trace.o(.rodata.str1.1)
    .L.str.2                                 0x0202fea1   Data          10  trace.o(.rodata.str1.1)
    .L.str                                   0x0202fea8   Data          26  bsp_usb_hid_iap.o(.rodata.str1.1)
    .L.str.20                                0x0202fea8   Data          23  bsp_usb_hid_iap.o(.rodata.str1.1)
    [Anonymous Symbol]                       0x0202fea8   Section        0  bsp_usb_hid_iap.o(.rodata.str1.1)
    .L.str.3                                 0x0202feab   Data          10  trace.o(.rodata.str1.1)
    .L.str.4                                 0x0202feb5   Data          10  trace.o(.rodata.str1.1)
    .L.str.19                                0x0202febf   Data          23  bsp_usb_hid_iap.o(.rodata.str1.1)
    .L.str.5                                 0x0202febf   Data          10  trace.o(.rodata.str1.1)
    .L.str.1                                 0x0202fec2   Data          27  bsp_usb_hid_iap.o(.rodata.str1.1)
    .L.str.15                                0x0202fed6   Data          15  bsp_usb_hid_iap.o(.rodata.str1.1)
    .L.str.2                                 0x0202fedd   Data          38  bsp_usb_hid_iap.o(.rodata.str1.1)
    .L.str.13                                0x0202fee5   Data          11  bsp_usb_hid_iap.o(.rodata.str1.1)
    .L.str.16                                0x0202fef0   Data          31  bsp_usb_hid_iap.o(.rodata.str1.1)
    .L.str.3                                 0x0202ff03   Data          28  bsp_usb_hid_iap.o(.rodata.str1.1)
    .L.str.14                                0x0202ff0f   Data           9  bsp_usb_hid_iap.o(.rodata.str1.1)
    .L.str.17                                0x0202ff18   Data          13  bsp_usb_hid_iap.o(.rodata.str1.1)
    .L.str.4                                 0x0202ff1f   Data          29  bsp_usb_hid_iap.o(.rodata.str1.1)
    .L.str.18                                0x0202ff25   Data          14  bsp_usb_hid_iap.o(.rodata.str1.1)
    user_packet_handler.rand_addr            0x0202ff33   Data           6  profile.o(.rodata.user_packet_handler.rand_addr)
    [Anonymous Symbol]                       0x0202ff33   Section        0  profile.o(.rodata.user_packet_handler.rand_addr)
    .L.str.5                                 0x0202ff3c   Data          31  bsp_usb_hid_iap.o(.rodata.str1.1)
    .L.str.6                                 0x0202ff5b   Data          28  bsp_usb_hid_iap.o(.rodata.str1.1)
    .L.str.7                                 0x0202ff77   Data          25  bsp_usb_hid_iap.o(.rodata.str1.1)
    .L.str.8                                 0x0202ff90   Data          22  bsp_usb_hid_iap.o(.rodata.str1.1)
    .L.str.9                                 0x0202ffa6   Data          25  bsp_usb_hid_iap.o(.rodata.str1.1)
    .L.str.10                                0x0202ffbf   Data          25  bsp_usb_hid_iap.o(.rodata.str1.1)
    .L.str.11                                0x0202ffd8   Data          22  bsp_usb_hid_iap.o(.rodata.str1.1)
    .L.str.12                                0x0202ffee   Data          25  bsp_usb_hid_iap.o(.rodata.str1.1)
    .data                                    0x20005410   Section        4  mvars.o(.data)
    .data                                    0x20005414   Section        4  mvars.o(.data)
    char_config_notification                 0x20005418   Data           2  profile.o(.data.char_config_notification)
    [Anonymous Symbol]                       0x20005418   Section        0  profile.o(.data.char_config_notification)
    phy_configs                              0x2000541a   Data          18  profile.o(.data.phy_configs)
    [Anonymous Symbol]                       0x2000541a   Section        0  profile.o(.data.phy_configs)
    sm_event_callback_registration           0x200054b8   Data           8  profile.o(.data.sm_event_callback_registration)
    [Anonymous Symbol]                       0x200054b8   Section        0  profile.o(.data.sm_event_callback_registration)
    target_adv_data                          0x200054e7   Data          31  profile.o(.data.target_adv_data)
    [Anonymous Symbol]                       0x200054e7   Section        0  profile.o(.data.target_adv_data)
    Ble_State                                0x20005508   Data           1  profile.o(.bss.Ble_State)
    [Anonymous Symbol]                       0x20005508   Section        0  profile.o(.bss.Ble_State)
    IRQHandler_TIMER2_INT.led_sta            0x200055d0   Data           1  main.o(.bss.IRQHandler_TIMER2_INT.led_sta)
    [Anonymous Symbol]                       0x200055d0   Section        0  main.o(.bss.IRQHandler_TIMER2_INT.led_sta)
    _acDownBuffer                            0x2000565c   Data          16  trace.o(.bss._acDownBuffer)
    [Anonymous Symbol]                       0x2000565c   Section        0  trace.o(.bss._acDownBuffer)
    _acUpBuffer                              0x2000566c   Data         500  trace.o(.bss._acUpBuffer)
    [Anonymous Symbol]                       0x2000566c   Section        0  trace.o(.bss._acUpBuffer)
    discoverers                              0x20005864   Data          32  gatt_client_util.o(.bss.discoverers)
    [Anonymous Symbol]                       0x20005864   Section        0  gatt_client_util.o(.bss.discoverers)
    g_UsbBufferEp0In                         0x20005884   Data          64  peripheral_usb.o(.bss.g_UsbBufferEp0In)
    [Anonymous Symbol]                       0x20005884   Section        0  peripheral_usb.o(.bss.g_UsbBufferEp0In)
    g_UsbBufferEp0Out                        0x200058c4   Data          64  peripheral_usb.o(.bss.g_UsbBufferEp0Out)
    [Anonymous Symbol]                       0x200058c4   Section        0  peripheral_usb.o(.bss.g_UsbBufferEp0Out)
    hci_event_callback_registration          0x20005a0c   Data           8  profile.o(.bss.hci_event_callback_registration)
    [Anonymous Symbol]                       0x20005a0c   Section        0  profile.o(.bss.hci_event_callback_registration)
    interfaceAlternateSetting                0x20005a14   Data           3  bsp_usb_hid_iap.o(.bss.interfaceAlternateSetting)
    [Anonymous Symbol]                       0x20005a14   Section        0  bsp_usb_hid_iap.o(.bss.interfaceAlternateSetting)
    usb_hid_iap_recv_callback                0x20005a20   Data           4  bsp_usb_hid_iap.o(.bss.usb_hid_iap_recv_callback)
    [Anonymous Symbol]                       0x20005a20   Section        0  bsp_usb_hid_iap.o(.bss.usb_hid_iap_recv_callback)
    usb_hid_ucm_recv_callback                0x20005a24   Data           4  bsp_usb_hid_iap.o(.bss.usb_hid_ucm_recv_callback)
    [Anonymous Symbol]                       0x20005a24   Section        0  bsp_usb_hid_iap.o(.bss.usb_hid_ucm_recv_callback)
    HEAP                                     0x20005a28   Section        0  startup_ing91600.o(HEAP)
    STACK                                    0x20005a28   Section        4  startup_ing91600.o(STACK)

    Global Symbols

    Symbol Name                              Value     Ov Type        Size  Object(Section)

    BuildAttributes$$THM_ISAv4$E$P$D$K$B$S$7EM$VFPi3$EXTD16$VFPS$VFMA$PE$A:L22UL41UL21$X:L11$S22US41US21$IEEE1$IW$~IW$USESV6$~STKCKD$USESV7$~SHL$OTIME$ROPI$EBA8$MICROLIB$REQ8$PRES8$EABIv2 0x00000000   Number         0  anon$$obj.o ABSOLUTE
    __cpp_initialize__aeabi_                  - Undefined Weak Reference
    __cxa_finalize                            - Undefined Weak Reference
    __decompress                              - Undefined Weak Reference
    _clock_init                               - Undefined Weak Reference
    _microlib_exit                            - Undefined Weak Reference
    platform_call_on_stack                   0x020030fb   Thumb Code     0  symdefs.m ABSOLUTE
    att_dispatch_client_can_send_now         0x020053dd   Thumb Code     0  symdefs.m ABSOLUTE
    att_dispatch_client_request_can_send_now_event 0x020053e3   Thumb Code     0  symdefs.m ABSOLUTE
    att_dispatch_register_client             0x020053e9   Thumb Code     0  symdefs.m ABSOLUTE
    att_dispatch_register_server             0x020053fd   Thumb Code     0  symdefs.m ABSOLUTE
    att_dispatch_server_can_send_now         0x02005411   Thumb Code     0  symdefs.m ABSOLUTE
    att_dispatch_server_request_can_send_now_event 0x02005417   Thumb Code     0  symdefs.m ABSOLUTE
    att_emit_general_event                   0x020054c9   Thumb Code     0  symdefs.m ABSOLUTE
    att_server_can_send_packet_now           0x02005c01   Thumb Code     0  symdefs.m ABSOLUTE
    att_server_deferred_read_response        0x02005c05   Thumb Code     0  symdefs.m ABSOLUTE
    att_server_get_mtu                       0x02005c1d   Thumb Code     0  symdefs.m ABSOLUTE
    att_server_indicate                      0x02005c95   Thumb Code     0  symdefs.m ABSOLUTE
    att_server_init                          0x02005d19   Thumb Code     0  symdefs.m ABSOLUTE
    att_server_notify                        0x02005d55   Thumb Code     0  symdefs.m ABSOLUTE
    att_server_register_packet_handler       0x02005e6d   Thumb Code     0  symdefs.m ABSOLUTE
    att_server_request_can_send_now_event    0x02005e9f   Thumb Code     0  symdefs.m ABSOLUTE
    att_set_db                               0x02005ebb   Thumb Code     0  symdefs.m ABSOLUTE
    att_set_read_callback                    0x02005ecd   Thumb Code     0  symdefs.m ABSOLUTE
    att_set_write_callback                   0x02005ed9   Thumb Code     0  symdefs.m ABSOLUTE
    bd_addr_cmp                              0x020060a9   Thumb Code     0  symdefs.m ABSOLUTE
    bd_addr_copy                             0x020060af   Thumb Code     0  symdefs.m ABSOLUTE
    bd_addr_to_str                           0x020060b9   Thumb Code     0  symdefs.m ABSOLUTE
    big_endian_read_16                       0x020060f1   Thumb Code     0  symdefs.m ABSOLUTE
    big_endian_read_32                       0x020060f9   Thumb Code     0  symdefs.m ABSOLUTE
    big_endian_store_16                      0x0200610d   Thumb Code     0  symdefs.m ABSOLUTE
    big_endian_store_32                      0x02006119   Thumb Code     0  symdefs.m ABSOLUTE
    btstack_config                           0x02006279   Thumb Code     0  symdefs.m ABSOLUTE
    btstack_get_capabilities                 0x02006285   Thumb Code     0  symdefs.m ABSOLUTE
    btstack_memory_pool_create               0x020063cf   Thumb Code     0  symdefs.m ABSOLUTE
    btstack_memory_pool_free                 0x020063f9   Thumb Code     0  symdefs.m ABSOLUTE
    btstack_memory_pool_get                  0x02006459   Thumb Code     0  symdefs.m ABSOLUTE
    btstack_push_user_msg                    0x020064c1   Thumb Code     0  symdefs.m ABSOLUTE
    btstack_push_user_runnable               0x020064cd   Thumb Code     0  symdefs.m ABSOLUTE
    btstack_reset                            0x020064d9   Thumb Code     0  symdefs.m ABSOLUTE
    char_for_nibble                          0x020067d3   Thumb Code     0  symdefs.m ABSOLUTE
    eTaskConfirmSleepModeStatus              0x02006b55   Thumb Code     0  symdefs.m ABSOLUTE
    gap_add_dev_to_periodic_list             0x02007195   Thumb Code     0  symdefs.m ABSOLUTE
    gap_add_whitelist                        0x020071a5   Thumb Code     0  symdefs.m ABSOLUTE
    gap_aes_encrypt                          0x020071b1   Thumb Code     0  symdefs.m ABSOLUTE
    gap_clear_white_lists                    0x020071e9   Thumb Code     0  symdefs.m ABSOLUTE
    gap_clr_adv_set                          0x020071f5   Thumb Code     0  symdefs.m ABSOLUTE
    gap_clr_periodic_adv_list                0x02007201   Thumb Code     0  symdefs.m ABSOLUTE
    gap_create_connection_cancel             0x0200720d   Thumb Code     0  symdefs.m ABSOLUTE
    gap_default_periodic_adv_sync_transfer_param 0x02007219   Thumb Code     0  symdefs.m ABSOLUTE
    gap_disconnect                           0x02007231   Thumb Code     0  symdefs.m ABSOLUTE
    gap_disconnect2                          0x02007239   Thumb Code     0  symdefs.m ABSOLUTE
    gap_disconnect_all                       0x02007265   Thumb Code     0  symdefs.m ABSOLUTE
    gap_ext_create_connection                0x020072a5   Thumb Code     0  symdefs.m ABSOLUTE
    gap_get_connection_parameter_range       0x0200737d   Thumb Code     0  symdefs.m ABSOLUTE
    gap_le_read_channel_map                  0x020073b5   Thumb Code     0  symdefs.m ABSOLUTE
    gap_periodic_adv_create_sync             0x02007415   Thumb Code     0  symdefs.m ABSOLUTE
    gap_periodic_adv_create_sync_cancel      0x02007439   Thumb Code     0  symdefs.m ABSOLUTE
    gap_periodic_adv_set_info_transfer       0x02007445   Thumb Code     0  symdefs.m ABSOLUTE
    gap_periodic_adv_sync_transfer           0x02007455   Thumb Code     0  symdefs.m ABSOLUTE
    gap_periodic_adv_sync_transfer_param     0x02007465   Thumb Code     0  symdefs.m ABSOLUTE
    gap_periodic_adv_term_sync               0x02007481   Thumb Code     0  symdefs.m ABSOLUTE
    gap_read_antenna_info                    0x02007509   Thumb Code     0  symdefs.m ABSOLUTE
    gap_read_periodic_adv_list_size          0x02007515   Thumb Code     0  symdefs.m ABSOLUTE
    gap_read_phy                             0x02007521   Thumb Code     0  symdefs.m ABSOLUTE
    gap_read_remote_used_features            0x0200752d   Thumb Code     0  symdefs.m ABSOLUTE
    gap_read_remote_version                  0x02007539   Thumb Code     0  symdefs.m ABSOLUTE
    gap_read_rssi                            0x02007545   Thumb Code     0  symdefs.m ABSOLUTE
    gap_read_white_lists_size                0x02007551   Thumb Code     0  symdefs.m ABSOLUTE
    gap_remove_whitelist                     0x0200755d   Thumb Code     0  symdefs.m ABSOLUTE
    gap_rmv_adv_set                          0x020075d9   Thumb Code     0  symdefs.m ABSOLUTE
    gap_rmv_dev_from_periodic_list           0x020075e5   Thumb Code     0  symdefs.m ABSOLUTE
    gap_rx_test_v2                           0x020075f5   Thumb Code     0  symdefs.m ABSOLUTE
    gap_rx_test_v3                           0x02007605   Thumb Code     0  symdefs.m ABSOLUTE
    gap_set_adv_set_random_addr              0x02007651   Thumb Code     0  symdefs.m ABSOLUTE
    gap_set_callback_for_next_hci            0x02007675   Thumb Code     0  symdefs.m ABSOLUTE
    gap_set_connection_cte_request_enable    0x02007695   Thumb Code     0  symdefs.m ABSOLUTE
    gap_set_connection_cte_response_enable   0x020076b1   Thumb Code     0  symdefs.m ABSOLUTE
    gap_set_connection_cte_rx_param          0x020076c1   Thumb Code     0  symdefs.m ABSOLUTE
    gap_set_connection_cte_tx_param          0x02007715   Thumb Code     0  symdefs.m ABSOLUTE
    gap_set_connection_parameter_range       0x02007761   Thumb Code     0  symdefs.m ABSOLUTE
    gap_set_connectionless_cte_tx_enable     0x02007779   Thumb Code     0  symdefs.m ABSOLUTE
    gap_set_connectionless_cte_tx_param      0x02007789   Thumb Code     0  symdefs.m ABSOLUTE
    gap_set_connectionless_iq_sampling_enable 0x020077e5   Thumb Code     0  symdefs.m ABSOLUTE
    gap_set_data_length                      0x02007841   Thumb Code     0  symdefs.m ABSOLUTE
    gap_set_def_phy                          0x02007859   Thumb Code     0  symdefs.m ABSOLUTE
    gap_set_ext_adv_data                     0x02007869   Thumb Code     0  symdefs.m ABSOLUTE
    gap_set_ext_adv_enable                   0x02007881   Thumb Code     0  symdefs.m ABSOLUTE
    gap_set_ext_adv_para                     0x020078f1   Thumb Code     0  symdefs.m ABSOLUTE
    gap_set_ext_scan_enable                  0x020079b1   Thumb Code     0  symdefs.m ABSOLUTE
    gap_set_ext_scan_para                    0x020079c9   Thumb Code     0  symdefs.m ABSOLUTE
    gap_set_ext_scan_response_data           0x02007a69   Thumb Code     0  symdefs.m ABSOLUTE
    gap_set_host_channel_classification      0x02007a81   Thumb Code     0  symdefs.m ABSOLUTE
    gap_set_periodic_adv_data                0x02007a91   Thumb Code     0  symdefs.m ABSOLUTE
    gap_set_periodic_adv_enable              0x02007b01   Thumb Code     0  symdefs.m ABSOLUTE
    gap_set_periodic_adv_para                0x02007b11   Thumb Code     0  symdefs.m ABSOLUTE
    gap_set_periodic_adv_rx_enable           0x02007b29   Thumb Code     0  symdefs.m ABSOLUTE
    gap_set_phy                              0x02007b39   Thumb Code     0  symdefs.m ABSOLUTE
    gap_set_random_device_address            0x02007b55   Thumb Code     0  symdefs.m ABSOLUTE
    gap_start_ccm                            0x02007b71   Thumb Code     0  symdefs.m ABSOLUTE
    gap_test_end                             0x02007bb9   Thumb Code     0  symdefs.m ABSOLUTE
    gap_tx_test_v2                           0x02007bc5   Thumb Code     0  symdefs.m ABSOLUTE
    gap_tx_test_v4                           0x02007bdd   Thumb Code     0  symdefs.m ABSOLUTE
    gap_update_connection_parameters         0x02007c01   Thumb Code     0  symdefs.m ABSOLUTE
    gap_vendor_tx_continuous_wave            0x02007c45   Thumb Code     0  symdefs.m ABSOLUTE
    gatt_client_cancel_write                 0x0200816d   Thumb Code     0  symdefs.m ABSOLUTE
    gatt_client_discover_characteristic_descriptors 0x02008193   Thumb Code     0  symdefs.m ABSOLUTE
    gatt_client_discover_characteristics_for_handle_range_by_uuid128 0x020081d3   Thumb Code     0  symdefs.m ABSOLUTE
    gatt_client_discover_characteristics_for_handle_range_by_uuid16 0x02008223   Thumb Code     0  symdefs.m ABSOLUTE
    gatt_client_discover_characteristics_for_service 0x02008273   Thumb Code     0  symdefs.m ABSOLUTE
    gatt_client_discover_primary_services    0x020082a9   Thumb Code     0  symdefs.m ABSOLUTE
    gatt_client_discover_primary_services_by_uuid128 0x020082db   Thumb Code     0  symdefs.m ABSOLUTE
    gatt_client_discover_primary_services_by_uuid16 0x0200831f   Thumb Code     0  symdefs.m ABSOLUTE
    gatt_client_execute_write                0x0200835d   Thumb Code     0  symdefs.m ABSOLUTE
    gatt_client_find_included_services_for_service 0x02008383   Thumb Code     0  symdefs.m ABSOLUTE
    gatt_client_get_mtu                      0x020083b1   Thumb Code     0  symdefs.m ABSOLUTE
    gatt_client_is_ready                     0x0200847d   Thumb Code     0  symdefs.m ABSOLUTE
    gatt_client_listen_for_characteristic_value_updates 0x02008493   Thumb Code     0  symdefs.m ABSOLUTE
    gatt_client_prepare_write                0x020084b5   Thumb Code     0  symdefs.m ABSOLUTE
    gatt_client_read_characteristic_descriptor_using_descriptor_handle 0x020084f1   Thumb Code     0  symdefs.m ABSOLUTE
    gatt_client_read_long_characteristic_descriptor_using_descriptor_handle 0x0200851b   Thumb Code     0  symdefs.m ABSOLUTE
    gatt_client_read_long_characteristic_descriptor_using_descriptor_handle_with_offset 0x02008521   Thumb Code     0  symdefs.m ABSOLUTE
    gatt_client_read_long_value_of_characteristic_using_value_handle 0x0200854f   Thumb Code     0  symdefs.m ABSOLUTE
    gatt_client_read_long_value_of_characteristic_using_value_handle_with_offset 0x02008555   Thumb Code     0  symdefs.m ABSOLUTE
    gatt_client_read_multiple_characteristic_values 0x02008583   Thumb Code     0  symdefs.m ABSOLUTE
    gatt_client_read_value_of_characteristic_using_value_handle 0x020085b3   Thumb Code     0  symdefs.m ABSOLUTE
    gatt_client_read_value_of_characteristics_by_uuid128 0x020085e1   Thumb Code     0  symdefs.m ABSOLUTE
    gatt_client_read_value_of_characteristics_by_uuid16 0x0200862d   Thumb Code     0  symdefs.m ABSOLUTE
    gatt_client_register_handler             0x02008679   Thumb Code     0  symdefs.m ABSOLUTE
    gatt_client_reliable_write_long_value_of_characteristic 0x02008685   Thumb Code     0  symdefs.m ABSOLUTE
    gatt_client_signed_write_without_response 0x02008ab9   Thumb Code     0  symdefs.m ABSOLUTE
    gatt_client_write_characteristic_descriptor_using_descriptor_handle 0x02008b7d   Thumb Code     0  symdefs.m ABSOLUTE
    gatt_client_write_client_characteristic_configuration 0x02008bb7   Thumb Code     0  symdefs.m ABSOLUTE
    gatt_client_write_long_characteristic_descriptor_using_descriptor_handle 0x02008c09   Thumb Code     0  symdefs.m ABSOLUTE
    gatt_client_write_long_characteristic_descriptor_using_descriptor_handle_with_offset 0x02008c19   Thumb Code     0  symdefs.m ABSOLUTE
    gatt_client_write_long_value_of_characteristic 0x02008c55   Thumb Code     0  symdefs.m ABSOLUTE
    gatt_client_write_long_value_of_characteristic_with_offset 0x02008c65   Thumb Code     0  symdefs.m ABSOLUTE
    gatt_client_write_value_of_characteristic 0x02008ca1   Thumb Code     0  symdefs.m ABSOLUTE
    gatt_client_write_value_of_characteristic_without_response 0x02008cd7   Thumb Code     0  symdefs.m ABSOLUTE
    hci_add_event_handler                    0x0200a2c5   Thumb Code     0  symdefs.m ABSOLUTE
    hci_power_control                        0x0200aa69   Thumb Code     0  symdefs.m ABSOLUTE
    hci_register_acl_packet_handler          0x0200ac1d   Thumb Code     0  symdefs.m ABSOLUTE
    kv_commit                                0x0200b319   Thumb Code     0  symdefs.m ABSOLUTE
    kv_get                                   0x0200b375   Thumb Code     0  symdefs.m ABSOLUTE
    kv_init                                  0x0200b381   Thumb Code     0  symdefs.m ABSOLUTE
    kv_init_backend                          0x0200b401   Thumb Code     0  symdefs.m ABSOLUTE
    kv_put                                   0x0200b415   Thumb Code     0  symdefs.m ABSOLUTE
    kv_remove                                0x0200b421   Thumb Code     0  symdefs.m ABSOLUTE
    kv_remove_all                            0x0200b455   Thumb Code     0  symdefs.m ABSOLUTE
    kv_value_modified                        0x0200b485   Thumb Code     0  symdefs.m ABSOLUTE
    kv_value_modified_of_key                 0x0200b4a1   Thumb Code     0  symdefs.m ABSOLUTE
    kv_visit                                 0x0200b4ad   Thumb Code     0  symdefs.m ABSOLUTE
    l2cap_add_event_handler                  0x0200b53d   Thumb Code     0  symdefs.m ABSOLUTE
    l2cap_can_send_packet_now                0x0200b54d   Thumb Code     0  symdefs.m ABSOLUTE
    l2cap_create_le_credit_based_connection_request 0x0200b711   Thumb Code     0  symdefs.m ABSOLUTE
    l2cap_credit_based_send                  0x0200b859   Thumb Code     0  symdefs.m ABSOLUTE
    l2cap_credit_based_send_continue         0x0200b885   Thumb Code     0  symdefs.m ABSOLUTE
    l2cap_disconnect                         0x0200b901   Thumb Code     0  symdefs.m ABSOLUTE
    l2cap_get_le_credit_based_connection_credits 0x0200bae5   Thumb Code     0  symdefs.m ABSOLUTE
    l2cap_get_peer_mtu_for_local_cid         0x0200bb01   Thumb Code     0  symdefs.m ABSOLUTE
    l2cap_init                               0x0200bf2d   Thumb Code     0  symdefs.m ABSOLUTE
    l2cap_le_send_flow_control_credit        0x0200c021   Thumb Code     0  symdefs.m ABSOLUTE
    l2cap_max_le_mtu                         0x0200c31d   Thumb Code     0  symdefs.m ABSOLUTE
    l2cap_register_packet_handler            0x0200c445   Thumb Code     0  symdefs.m ABSOLUTE
    l2cap_register_service                   0x0200c451   Thumb Code     0  symdefs.m ABSOLUTE
    l2cap_request_can_send_now_event         0x0200c561   Thumb Code     0  symdefs.m ABSOLUTE
    l2cap_request_connection_parameter_update 0x0200c57b   Thumb Code     0  symdefs.m ABSOLUTE
    l2cap_send_echo_request                  0x0200ca49   Thumb Code     0  symdefs.m ABSOLUTE
    l2cap_unregister_service                 0x0200cb29   Thumb Code     0  symdefs.m ABSOLUTE
    le_device_db_add                         0x0200cb81   Thumb Code     0  symdefs.m ABSOLUTE
    le_device_db_find                        0x0200cc59   Thumb Code     0  symdefs.m ABSOLUTE
    le_device_db_from_key                    0x0200cc85   Thumb Code     0  symdefs.m ABSOLUTE
    le_device_db_iter_cur                    0x0200cc8d   Thumb Code     0  symdefs.m ABSOLUTE
    le_device_db_iter_cur_key                0x0200cc91   Thumb Code     0  symdefs.m ABSOLUTE
    le_device_db_iter_init                   0x0200cc95   Thumb Code     0  symdefs.m ABSOLUTE
    le_device_db_iter_next                   0x0200cc9d   Thumb Code     0  symdefs.m ABSOLUTE
    le_device_db_remove_key                  0x0200ccc3   Thumb Code     0  symdefs.m ABSOLUTE
    ll_adjust_conn_peer_tx_power             0x0200ccf1   Thumb Code     0  symdefs.m ABSOLUTE
    ll_aes_encrypt                           0x0200cd1d   Thumb Code     0  symdefs.m ABSOLUTE
    ll_config                                0x0200cd91   Thumb Code     0  symdefs.m ABSOLUTE
    ll_free                                  0x0200cdc7   Thumb Code     0  symdefs.m ABSOLUTE
    ll_get_capabilities                      0x0200cdd1   Thumb Code     0  symdefs.m ABSOLUTE
    ll_get_heap_free_size                    0x0200cded   Thumb Code     0  symdefs.m ABSOLUTE
    ll_get_states                            0x0200cdfd   Thumb Code     0  symdefs.m ABSOLUTE
    ll_hint_on_ce_len                        0x0200ceb9   Thumb Code     0  symdefs.m ABSOLUTE
    ll_legacy_adv_set_interval               0x0200cef1   Thumb Code     0  symdefs.m ABSOLUTE
    ll_malloc                                0x0200cf01   Thumb Code     0  symdefs.m ABSOLUTE
    ll_register_hci_acl_previewer            0x0200d019   Thumb Code     0  symdefs.m ABSOLUTE
    ll_scan_set_fixed_channel                0x0200d07d   Thumb Code     0  symdefs.m ABSOLUTE
    ll_set_adv_access_address                0x0200d295   Thumb Code     0  symdefs.m ABSOLUTE
    ll_set_adv_coded_scheme                  0x0200d2a1   Thumb Code     0  symdefs.m ABSOLUTE
    ll_set_conn_acl_report_latency           0x0200d2d9   Thumb Code     0  symdefs.m ABSOLUTE
    ll_set_conn_coded_scheme                 0x0200d309   Thumb Code     0  symdefs.m ABSOLUTE
    ll_set_conn_latency                      0x0200d335   Thumb Code     0  symdefs.m ABSOLUTE
    ll_set_conn_tx_power                     0x0200d365   Thumb Code     0  symdefs.m ABSOLUTE
    ll_set_def_antenna                       0x0200d3a1   Thumb Code     0  symdefs.m ABSOLUTE
    ll_set_initiating_coded_scheme           0x0200d3c1   Thumb Code     0  symdefs.m ABSOLUTE
    ll_set_max_conn_number                   0x0200d3cd   Thumb Code     0  symdefs.m ABSOLUTE
    ll_set_tx_power_range                    0x0200d461   Thumb Code     0  symdefs.m ABSOLUTE
    nibble_for_char                          0x0202015d   Thumb Code     0  symdefs.m ABSOLUTE
    platform_calibrate_rt_clk                0x02020207   Thumb Code     0  symdefs.m ABSOLUTE
    platform_cancel_us_timer                 0x0202020b   Thumb Code     0  symdefs.m ABSOLUTE
    platform_config                          0x02020221   Thumb Code     0  symdefs.m ABSOLUTE
    platform_create_us_timer                 0x02020355   Thumb Code     0  symdefs.m ABSOLUTE
    platform_delete_timer                    0x02020369   Thumb Code     0  symdefs.m ABSOLUTE
    platform_enable_irq                      0x02020371   Thumb Code     0  symdefs.m ABSOLUTE
    platform_get_current_task                0x020203a5   Thumb Code     0  symdefs.m ABSOLUTE
    platform_get_gen_os_driver               0x020203c9   Thumb Code     0  symdefs.m ABSOLUTE
    platform_get_heap_status                 0x020203d1   Thumb Code     0  symdefs.m ABSOLUTE
    platform_get_link_layer_interf           0x020203e9   Thumb Code     0  symdefs.m ABSOLUTE
    platform_get_task_handle                 0x020203f1   Thumb Code     0  symdefs.m ABSOLUTE
    platform_get_timer_counter               0x02020411   Thumb Code     0  symdefs.m ABSOLUTE
    platform_get_us_time                     0x02020415   Thumb Code     0  symdefs.m ABSOLUTE
    platform_get_version                     0x02020419   Thumb Code     0  symdefs.m ABSOLUTE
    platform_hrng                            0x02020435   Thumb Code     0  symdefs.m ABSOLUTE
    platform_install_isr_stack               0x0202043d   Thumb Code     0  symdefs.m ABSOLUTE
    platform_install_task_stack              0x02020449   Thumb Code     0  symdefs.m ABSOLUTE
    platform_patch_rf_init_data              0x02020481   Thumb Code     0  symdefs.m ABSOLUTE
    platform_printf                          0x0202048d   Thumb Code     0  symdefs.m ABSOLUTE
    platform_raise_assertion                 0x020204a1   Thumb Code     0  symdefs.m ABSOLUTE
    platform_rand                            0x020204b5   Thumb Code     0  symdefs.m ABSOLUTE
    platform_read_info                       0x020204b9   Thumb Code     0  symdefs.m ABSOLUTE
    platform_read_persistent_reg             0x020204e9   Thumb Code     0  symdefs.m ABSOLUTE
    platform_reset                           0x02020509   Thumb Code     0  symdefs.m ABSOLUTE
    platform_rt_rc_auto_tune                 0x0202051d   Thumb Code     0  symdefs.m ABSOLUTE
    platform_rt_rc_auto_tune2                0x02020525   Thumb Code     0  symdefs.m ABSOLUTE
    platform_rt_rc_tune                      0x02020585   Thumb Code     0  symdefs.m ABSOLUTE
    platform_set_abs_timer                   0x020205b1   Thumb Code     0  symdefs.m ABSOLUTE
    platform_set_evt_callback                0x020205b5   Thumb Code     0  symdefs.m ABSOLUTE
    platform_set_evt_callback_table          0x020205c9   Thumb Code     0  symdefs.m ABSOLUTE
    platform_set_irq_callback                0x020205d5   Thumb Code     0  symdefs.m ABSOLUTE
    platform_set_irq_callback_table          0x020205f1   Thumb Code     0  symdefs.m ABSOLUTE
    platform_set_rf_clk_source               0x020205fd   Thumb Code     0  symdefs.m ABSOLUTE
    platform_set_rf_init_data                0x02020609   Thumb Code     0  symdefs.m ABSOLUTE
    platform_set_rf_power_mapping            0x02020615   Thumb Code     0  symdefs.m ABSOLUTE
    platform_set_timer                       0x02020621   Thumb Code     0  symdefs.m ABSOLUTE
    platform_shutdown                        0x02020625   Thumb Code     0  symdefs.m ABSOLUTE
    platform_switch_app                      0x02020629   Thumb Code     0  symdefs.m ABSOLUTE
    platform_trace_raw                       0x02020641   Thumb Code     0  symdefs.m ABSOLUTE
    platform_write_persistent_reg            0x02020659   Thumb Code     0  symdefs.m ABSOLUTE
    printf_hexdump                           0x02020831   Thumb Code     0  symdefs.m ABSOLUTE
    pvPortMalloc                             0x02021309   Thumb Code     0  symdefs.m ABSOLUTE
    pvTaskIncrementMutexHeldCount            0x020213f1   Thumb Code     0  symdefs.m ABSOLUTE
    pvTimerGetTimerID                        0x02021409   Thumb Code     0  symdefs.m ABSOLUTE
    pxPortInitialiseStack                    0x02021435   Thumb Code     0  symdefs.m ABSOLUTE
    reverse_128                              0x0202161d   Thumb Code     0  symdefs.m ABSOLUTE
    reverse_24                               0x02021623   Thumb Code     0  symdefs.m ABSOLUTE
    reverse_256                              0x02021629   Thumb Code     0  symdefs.m ABSOLUTE
    reverse_48                               0x0202162f   Thumb Code     0  symdefs.m ABSOLUTE
    reverse_56                               0x02021635   Thumb Code     0  symdefs.m ABSOLUTE
    reverse_64                               0x0202163b   Thumb Code     0  symdefs.m ABSOLUTE
    reverse_bd_addr                          0x02021641   Thumb Code     0  symdefs.m ABSOLUTE
    reverse_bytes                            0x02021647   Thumb Code     0  symdefs.m ABSOLUTE
    sm_add_event_handler                     0x020219a5   Thumb Code     0  symdefs.m ABSOLUTE
    sm_address_resolution_lookup             0x02021afd   Thumb Code     0  symdefs.m ABSOLUTE
    sm_authenticated                         0x02021ea5   Thumb Code     0  symdefs.m ABSOLUTE
    sm_authorization_decline                 0x02021eb3   Thumb Code     0  symdefs.m ABSOLUTE
    sm_authorization_grant                   0x02021ed3   Thumb Code     0  symdefs.m ABSOLUTE
    sm_authorization_state                   0x02021ef3   Thumb Code     0  symdefs.m ABSOLUTE
    sm_bonding_decline                       0x02021f0d   Thumb Code     0  symdefs.m ABSOLUTE
    sm_config                                0x02022361   Thumb Code     0  symdefs.m ABSOLUTE
    sm_config_conn                           0x02022395   Thumb Code     0  symdefs.m ABSOLUTE
    sm_encryption_key_size                   0x0202254f   Thumb Code     0  symdefs.m ABSOLUTE
    sm_just_works_confirm                    0x02022ae5   Thumb Code     0  symdefs.m ABSOLUTE
    sm_le_device_key                         0x02022e1d   Thumb Code     0  symdefs.m ABSOLUTE
    sm_passkey_input                         0x02022eb3   Thumb Code     0  symdefs.m ABSOLUTE
    sm_private_random_address_generation_get 0x02023289   Thumb Code     0  symdefs.m ABSOLUTE
    sm_private_random_address_generation_get_mode 0x02023291   Thumb Code     0  symdefs.m ABSOLUTE
    sm_private_random_address_generation_set_mode 0x0202329d   Thumb Code     0  symdefs.m ABSOLUTE
    sm_private_random_address_generation_set_update_period 0x020232c5   Thumb Code     0  symdefs.m ABSOLUTE
    sm_register_external_ltk_callback        0x02023401   Thumb Code     0  symdefs.m ABSOLUTE
    sm_register_oob_data_callback            0x0202340d   Thumb Code     0  symdefs.m ABSOLUTE
    sm_request_pairing                       0x02023419   Thumb Code     0  symdefs.m ABSOLUTE
    sm_send_security_request                 0x02023f07   Thumb Code     0  symdefs.m ABSOLUTE
    sm_set_accepted_stk_generation_methods   0x02023f2d   Thumb Code     0  symdefs.m ABSOLUTE
    sm_set_authentication_requirements       0x02023f39   Thumb Code     0  symdefs.m ABSOLUTE
    sm_set_encryption_key_size_range         0x02023f49   Thumb Code     0  symdefs.m ABSOLUTE
    sscanf_bd_addr                           0x02024299   Thumb Code     0  symdefs.m ABSOLUTE
    sysSetPublicDeviceAddr                   0x02024805   Thumb Code     0  symdefs.m ABSOLUTE
    uuid128_to_str                           0x020250c1   Thumb Code     0  symdefs.m ABSOLUTE
    uuid_add_bluetooth_prefix                0x02025119   Thumb Code     0  symdefs.m ABSOLUTE
    uuid_has_bluetooth_prefix                0x02025139   Thumb Code     0  symdefs.m ABSOLUTE
    uxListRemove                             0x02025155   Thumb Code     0  symdefs.m ABSOLUTE
    uxQueueMessagesWaiting                   0x0202517d   Thumb Code     0  symdefs.m ABSOLUTE
    uxQueueMessagesWaitingFromISR            0x020251a5   Thumb Code     0  symdefs.m ABSOLUTE
    uxQueueSpacesAvailable                   0x020251c1   Thumb Code     0  symdefs.m ABSOLUTE
    uxTaskGetStackHighWaterMark              0x020251ed   Thumb Code     0  symdefs.m ABSOLUTE
    uxTaskPriorityGet                        0x0202520d   Thumb Code     0  symdefs.m ABSOLUTE
    uxTaskPriorityGetFromISR                 0x02025229   Thumb Code     0  symdefs.m ABSOLUTE
    vListInitialise                          0x020252ef   Thumb Code     0  symdefs.m ABSOLUTE
    vListInitialiseItem                      0x02025305   Thumb Code     0  symdefs.m ABSOLUTE
    vListInsert                              0x0202530b   Thumb Code     0  symdefs.m ABSOLUTE
    vListInsertEnd                           0x0202533b   Thumb Code     0  symdefs.m ABSOLUTE
    vPortEndScheduler                        0x02025355   Thumb Code     0  symdefs.m ABSOLUTE
    vPortEnterCritical                       0x02025381   Thumb Code     0  symdefs.m ABSOLUTE
    vPortExitCritical                        0x020253c5   Thumb Code     0  symdefs.m ABSOLUTE
    vPortFree                                0x020253f9   Thumb Code     0  symdefs.m ABSOLUTE
    vPortSuppressTicksAndSleep               0x0202549d   Thumb Code     0  symdefs.m ABSOLUTE
    vPortValidateInterruptPriority           0x020255c5   Thumb Code     0  symdefs.m ABSOLUTE
    vQueueDelete                             0x02025621   Thumb Code     0  symdefs.m ABSOLUTE
    vQueueWaitForMessageRestricted           0x0202564d   Thumb Code     0  symdefs.m ABSOLUTE
    vTaskDelay                               0x02025691   Thumb Code     0  symdefs.m ABSOLUTE
    vTaskInternalSetTimeOutState             0x020256dd   Thumb Code     0  symdefs.m ABSOLUTE
    vTaskMissedYield                         0x020256ed   Thumb Code     0  symdefs.m ABSOLUTE
    vTaskPlaceOnEventList                    0x020256f9   Thumb Code     0  symdefs.m ABSOLUTE
    vTaskPlaceOnEventListRestricted          0x02025731   Thumb Code     0  symdefs.m ABSOLUTE
    vTaskPriorityDisinheritAfterTimeout      0x02025771   Thumb Code     0  symdefs.m ABSOLUTE
    vTaskPrioritySet                         0x0202581d   Thumb Code     0  symdefs.m ABSOLUTE
    vTaskResume                              0x020258e5   Thumb Code     0  symdefs.m ABSOLUTE
    vTaskStartScheduler                      0x02025969   Thumb Code     0  symdefs.m ABSOLUTE
    vTaskStepTick                            0x020259f9   Thumb Code     0  symdefs.m ABSOLUTE
    vTaskSuspend                             0x02025a29   Thumb Code     0  symdefs.m ABSOLUTE
    vTaskSuspendAll                          0x02025ae5   Thumb Code     0  symdefs.m ABSOLUTE
    vTaskSwitchContext                       0x02025af5   Thumb Code     0  symdefs.m ABSOLUTE
    xPortStartScheduler                      0x02025b9d   Thumb Code     0  symdefs.m ABSOLUTE
    xQueueAddToSet                           0x02025ca1   Thumb Code     0  symdefs.m ABSOLUTE
    xQueueCreateCountingSemaphore            0x02025cc5   Thumb Code     0  symdefs.m ABSOLUTE
    xQueueCreateCountingSemaphoreStatic      0x02025d01   Thumb Code     0  symdefs.m ABSOLUTE
    xQueueCreateMutex                        0x02025d45   Thumb Code     0  symdefs.m ABSOLUTE
    xQueueCreateMutexStatic                  0x02025d5b   Thumb Code     0  symdefs.m ABSOLUTE
    xQueueCreateSet                          0x02025d75   Thumb Code     0  symdefs.m ABSOLUTE
    xQueueGenericCreate                      0x02025d7d   Thumb Code     0  symdefs.m ABSOLUTE
    xQueueGenericCreateStatic                0x02025dc9   Thumb Code     0  symdefs.m ABSOLUTE
    xQueueGenericReset                       0x02025e31   Thumb Code     0  symdefs.m ABSOLUTE
    xQueueGenericSend                        0x02025ebd   Thumb Code     0  symdefs.m ABSOLUTE
    xQueueGenericSendFromISR                 0x02026029   Thumb Code     0  symdefs.m ABSOLUTE
    xQueueGiveFromISR                        0x020260e9   Thumb Code     0  symdefs.m ABSOLUTE
    xQueueGiveMutexRecursive                 0x0202618d   Thumb Code     0  symdefs.m ABSOLUTE
    xQueueIsQueueEmptyFromISR                0x020261cd   Thumb Code     0  symdefs.m ABSOLUTE
    xQueueIsQueueFullFromISR                 0x020261f1   Thumb Code     0  symdefs.m ABSOLUTE
    xQueuePeek                               0x02026219   Thumb Code     0  symdefs.m ABSOLUTE
    xQueuePeekFromISR                        0x02026341   Thumb Code     0  symdefs.m ABSOLUTE
    xQueueReceive                            0x020263ad   Thumb Code     0  symdefs.m ABSOLUTE
    xQueueReceiveFromISR                     0x020264d9   Thumb Code     0  symdefs.m ABSOLUTE
    xQueueRemoveFromSet                      0x0202656d   Thumb Code     0  symdefs.m ABSOLUTE
    xQueueSelectFromSet                      0x0202658f   Thumb Code     0  symdefs.m ABSOLUTE
    xQueueSelectFromSetFromISR               0x020265a1   Thumb Code     0  symdefs.m ABSOLUTE
    xQueueSemaphoreTake                      0x020265b5   Thumb Code     0  symdefs.m ABSOLUTE
    xQueueTakeMutexRecursive                 0x02026721   Thumb Code     0  symdefs.m ABSOLUTE
    xTaskCheckForTimeOut                     0x02026765   Thumb Code     0  symdefs.m ABSOLUTE
    xTaskCreate                              0x020267d5   Thumb Code     0  symdefs.m ABSOLUTE
    xTaskCreateStatic                        0x02026831   Thumb Code     0  symdefs.m ABSOLUTE
    xTaskGetCurrentTaskHandle                0x020268a1   Thumb Code     0  symdefs.m ABSOLUTE
    xTaskGetSchedulerState                   0x020268ad   Thumb Code     0  symdefs.m ABSOLUTE
    xTaskGetTickCount                        0x020268c9   Thumb Code     0  symdefs.m ABSOLUTE
    xTaskGetTickCountFromISR                 0x020268d5   Thumb Code     0  symdefs.m ABSOLUTE
    xTaskIncrementTick                       0x020268e5   Thumb Code     0  symdefs.m ABSOLUTE
    xTaskPriorityDisinherit                  0x020269b1   Thumb Code     0  symdefs.m ABSOLUTE
    xTaskPriorityInherit                     0x02026a45   Thumb Code     0  symdefs.m ABSOLUTE
    xTaskRemoveFromEventList                 0x02026ad9   Thumb Code     0  symdefs.m ABSOLUTE
    xTaskResumeAll                           0x02026b59   Thumb Code     0  symdefs.m ABSOLUTE
    xTaskResumeFromISR                       0x02026c21   Thumb Code     0  symdefs.m ABSOLUTE
    xTimerCreate                             0x02026cad   Thumb Code     0  symdefs.m ABSOLUTE
    xTimerCreateStatic                       0x02026ce1   Thumb Code     0  symdefs.m ABSOLUTE
    xTimerCreateTimerTask                    0x02026d19   Thumb Code     0  symdefs.m ABSOLUTE
    xTimerGenericCommand                     0x02026d85   Thumb Code     0  symdefs.m ABSOLUTE
    xTimerGetExpiryTime                      0x02026df5   Thumb Code     0  symdefs.m ABSOLUTE
    xTimerGetTimerDaemonTaskHandle           0x02026e15   Thumb Code     0  symdefs.m ABSOLUTE
    __Vectors                                0x0202a000   Data           4  startup_ing91600.o(RESET)
    __main                                   0x0202a009   Thumb Code     0  entry.o(.ARM.Collect$$$$00000000)
    _main_stk                                0x0202a009   Thumb Code     0  entry2.o(.ARM.Collect$$$$00000001)
    _main_scatterload                        0x0202a00d   Thumb Code     0  entry5.o(.ARM.Collect$$$$00000004)
    __main_after_scatterload                 0x0202a011   Thumb Code     0  entry5.o(.ARM.Collect$$$$00000004)
    _main_clock                              0x0202a011   Thumb Code     0  entry7b.o(.ARM.Collect$$$$00000008)
    _main_cpp_init                           0x0202a011   Thumb Code     0  entry8b.o(.ARM.Collect$$$$0000000A)
    _main_init                               0x0202a011   Thumb Code     0  entry9a.o(.ARM.Collect$$$$0000000B)
    __rt_final_cpp                           0x0202a019   Thumb Code     0  entry10a.o(.ARM.Collect$$$$0000000D)
    __rt_final_exit                          0x0202a019   Thumb Code     0  entry11a.o(.ARM.Collect$$$$0000000F)
    Reset_Handler                            0x0202a01d   Thumb Code    14  startup_ing91600.o(.text)
    main                                     0x0202a02d   Thumb Code    14  startup_ing91600.o(.text)
    __scatterload                            0x0202a045   Thumb Code    28  init.o(.text)
    __scatterload_rt2                        0x0202a045   Thumb Code     0  init.o(.text)
    __aeabi_uldivmod                         0x0202a069   Thumb Code    98  uldiv.o(.text)
    __aeabi_memcpy                           0x0202a0cb   Thumb Code    36  memcpya.o(.text)
    __aeabi_memcpy4                          0x0202a0cb   Thumb Code     0  memcpya.o(.text)
    __aeabi_memcpy8                          0x0202a0cb   Thumb Code     0  memcpya.o(.text)
    __aeabi_memset                           0x0202a0ef   Thumb Code    14  memseta.o(.text)
    __aeabi_memset4                          0x0202a0ef   Thumb Code     0  memseta.o(.text)
    __aeabi_memset8                          0x0202a0ef   Thumb Code     0  memseta.o(.text)
    __aeabi_memclr                           0x0202a0fd   Thumb Code     4  memseta.o(.text)
    __aeabi_memclr4                          0x0202a0fd   Thumb Code     0  memseta.o(.text)
    __aeabi_memclr8                          0x0202a0fd   Thumb Code     0  memseta.o(.text)
    _memset$wrapper                          0x0202a101   Thumb Code    18  memseta.o(.text)
    memcmp                                   0x0202a113   Thumb Code    26  memcmp.o(.text)
    strcpy                                   0x0202a12d   Thumb Code    18  strcpy.o(.text)
    __aeabi_llsl                             0x0202a13f   Thumb Code    30  llshl.o(.text)
    _ll_shift_l                              0x0202a13f   Thumb Code     0  llshl.o(.text)
    __aeabi_llsr                             0x0202a15d   Thumb Code    32  llushr.o(.text)
    _ll_ushift_r                             0x0202a15d   Thumb Code     0  llushr.o(.text)
    GIO_SetDirection                         0x0202a1b5   Thumb Code   170  peripheral_gpio.o(.text.GIO_SetDirection)
    GIO_WriteValue                           0x0202a261   Thumb Code   122  peripheral_gpio.o(.text.GIO_WriteValue)
    PINCTRL_EnableAnalog                     0x0202a3c9   Thumb Code   152  peripheral_pinctrl.o(.text.PINCTRL_EnableAnalog)
    PINCTRL_Pull                             0x0202a461   Thumb Code   158  peripheral_pinctrl.o(.text.PINCTRL_Pull)
    PINCTRL_SelUSB                           0x0202a501   Thumb Code   106  peripheral_pinctrl.o(.text.PINCTRL_SelUSB)
    PINCTRL_SetPadMux                        0x0202a56d   Thumb Code   438  peripheral_pinctrl.o(.text.PINCTRL_SetPadMux)
    SEGGER_RTT_GetAvailWriteSpace            0x0202a725   Thumb Code    34  trace.o(.text.SEGGER_RTT_GetAvailWriteSpace)
    SEGGER_RTT_Init                          0x0202a749   Thumb Code     8  trace.o(.text.SEGGER_RTT_Init)
    SEGGER_RTT_Write                         0x0202a751   Thumb Code    74  trace.o(.text.SEGGER_RTT_Write)
    SEGGER_RTT_WriteNoLock                   0x0202a79d   Thumb Code   178  trace.o(.text.SEGGER_RTT_WriteNoLock)
    SYSCTRL_ClearClkGate                     0x0202a8b5   Thumb Code    28  peripheral_sysctrl.o(.text.SYSCTRL_ClearClkGate)
    SYSCTRL_ClearClkGateMulti                0x0202a8d1   Thumb Code    68  peripheral_sysctrl.o(.text.SYSCTRL_ClearClkGateMulti)
    SYSCTRL_GetPLLClk                        0x0202aca1   Thumb Code    86  peripheral_sysctrl.o(.text.SYSCTRL_GetPLLClk)
    SYSCTRL_GetSlowClk                       0x0202acf9   Thumb Code   164  peripheral_sysctrl.o(.text.SYSCTRL_GetSlowClk)
    SYSCTRL_ICacheControl                    0x0202ad9d   Thumb Code    42  peripheral_sysctrl.o(.text.SYSCTRL_ICacheControl)
    SYSCTRL_Init                             0x0202adc9   Thumb Code   222  peripheral_sysctrl.o(.text.SYSCTRL_Init)
    SYSCTRL_SelectUSBClk                     0x0202aea9   Thumb Code    64  peripheral_sysctrl.o(.text.SYSCTRL_SelectUSBClk)
    SYSCTRL_SetClkGate                       0x0202aee9   Thumb Code    28  peripheral_sysctrl.o(.text.SYSCTRL_SetClkGate)
    SYSCTRL_SetClkGateMulti                  0x0202af05   Thumb Code    68  peripheral_sysctrl.o(.text.SYSCTRL_SetClkGateMulti)
    SYSCTRL_SetLDOOutput                     0x0202af49   Thumb Code    54  peripheral_sysctrl.o(.text.SYSCTRL_SetLDOOutput)
    SYSCTRL_USBPhyConfig                     0x0202af81   Thumb Code    68  peripheral_sysctrl.o(.text.SYSCTRL_USBPhyConfig)
    TMR_Enable                               0x0202afc5   Thumb Code    66  peripheral_timer.o(.text.TMR_Enable)
    TMR_IntClr                               0x0202b009   Thumb Code    40  peripheral_timer.o(.text.TMR_IntClr)
    TMR_IntEnable                            0x0202b031   Thumb Code    66  peripheral_timer.o(.text.TMR_IntEnable)
    TMR_SetOpMode                            0x0202b075   Thumb Code    72  peripheral_timer.o(.text.TMR_SetOpMode)
    TMR_SetReload                            0x0202b0bd   Thumb Code    30  peripheral_timer.o(.text.TMR_SetReload)
    UART_SendData                            0x0202b0dd   Thumb Code    22  peripheral_uart.o(.text.UART_SendData)
    USB_CancelTransfert                      0x0202b0f5   Thumb Code   148  peripheral_usb.o(.text.USB_CancelTransfert)
    USB_CheckTransferCondition               0x0202b189   Thumb Code   234  peripheral_usb.o(.text.USB_CheckTransferCondition)
    USB_Close                                0x0202b275   Thumb Code    48  peripheral_usb.o(.text.USB_Close)
    USB_ClrConfig                            0x0202b2a5   Thumb Code   168  peripheral_usb.o(.text.USB_ClrConfig)
    USB_ConfigureEp                          0x0202b34d   Thumb Code   178  peripheral_usb.o(.text.USB_ConfigureEp)
    USB_ContinueTransfer                     0x0202b401   Thumb Code   312  peripheral_usb.o(.text.USB_ContinueTransfer)
    USB_CoreReset                            0x0202b539   Thumb Code    64  peripheral_usb.o(.text.USB_CoreReset)
    USB_DeviceInitialization                 0x0202b579   Thumb Code   100  peripheral_usb.o(.text.USB_DeviceInitialization)
    USB_DeviceSetThreshold                   0x0202b5dd   Thumb Code   160  peripheral_usb.o(.text.USB_DeviceSetThreshold)
    USB_DisableEp                            0x0202b67d   Thumb Code   472  peripheral_usb.o(.text.USB_DisableEp)
    USB_EP0StatusIn                          0x0202b855   Thumb Code    46  peripheral_usb.o(.text.USB_EP0StatusIn)
    USB_EP0StatusOut                         0x0202b885   Thumb Code    40  peripheral_usb.o(.text.USB_EP0StatusOut)
    USB_EnableEp                             0x0202b8ad   Thumb Code   448  peripheral_usb.o(.text.USB_EnableEp)
    USB_FlushRXFifo                          0x0202ba6d   Thumb Code    90  peripheral_usb.o(.text.USB_FlushRXFifo)
    USB_FlushTXFifo                          0x0202bac9   Thumb Code   162  peripheral_usb.o(.text.USB_FlushTXFifo)
    USB_GetEp0SetupData                      0x0202bb6d   Thumb Code    10  peripheral_usb.o(.text.USB_GetEp0SetupData)
    USB_GetMaxPacketSize                     0x0202bb79   Thumb Code    24  peripheral_usb.o(.text.USB_GetMaxPacketSize)
    USB_GetMaxTransferSize                   0x0202bb91   Thumb Code    22  peripheral_usb.o(.text.USB_GetMaxTransferSize)
    USB_GetSetupPacket                       0x0202bba9   Thumb Code    52  peripheral_usb.o(.text.USB_GetSetupPacket)
    USB_GetTransferSize                      0x0202bbdd   Thumb Code   446  peripheral_usb.o(.text.USB_GetTransferSize)
    USB_HandleEp0                            0x0202bd9d   Thumb Code   460  peripheral_usb.o(.text.USB_HandleEp0)
    USB_InitConfig                           0x0202bf69   Thumb Code   100  peripheral_usb.o(.text.USB_InitConfig)
    USB_IrqHandler                           0x0202bfcd   Thumb Code  1198  peripheral_usb.o(.text.USB_IrqHandler)
    USB_IsEpStall                            0x0202c47d   Thumb Code   162  peripheral_usb.o(.text.USB_IsEpStall)
    USB_NewTransfer                          0x0202c521   Thumb Code   368  peripheral_usb.o(.text.USB_NewTransfer)
    USB_PCStopPhyClcok                       0x0202c691   Thumb Code    66  peripheral_usb.o(.text.USB_PCStopPhyClcok)
    USB_ReInit                               0x0202c6d5   Thumb Code    22  peripheral_usb.o(.text.USB_ReInit)
    USB_RecvData                             0x0202c6ed   Thumb Code   214  peripheral_usb.o(.text.USB_RecvData)
    USB_ResetAndConfig                       0x0202c7c5   Thumb Code   132  peripheral_usb.o(.text.USB_ResetAndConfig)
    USB_ResetTransfert                       0x0202c849   Thumb Code   178  peripheral_usb.o(.text.USB_ResetTransfert)
    USB_SendData                             0x0202c8fd   Thumb Code   214  peripheral_usb.o(.text.USB_SendData)
    USB_SetEp0Stall                          0x0202c9d5   Thumb Code    46  peripheral_usb.o(.text.USB_SetEp0Stall)
    USB_SetStallEp                           0x0202ca05   Thumb Code   232  peripheral_usb.o(.text.USB_SetStallEp)
    USB_SetupDataFifo                        0x0202caed   Thumb Code    82  peripheral_usb.o(.text.USB_SetupDataFifo)
    USB_StartTransfer                        0x0202cb41   Thumb Code   256  peripheral_usb.o(.text.USB_StartTransfer)
    adv_finded                               0x0202ced1   Thumb Code    76  profile.o(.text.adv_finded)
    apUART_BaudRateSet                       0x0202cf1d   Thumb Code   132  peripheral_uart.o(.text.apUART_BaudRateSet)
    apUART_Check_TXFIFO_FULL                 0x0202cfa1   Thumb Code    16  peripheral_uart.o(.text.apUART_Check_TXFIFO_FULL)
    apUART_Initialize                        0x0202cfb1   Thumb Code   180  peripheral_uart.o(.text.apUART_Initialize)
    app_main                                 0x0202d065   Thumb Code    56  main.o(.text.app_main)
    ble_state_get                            0x0202d105   Thumb Code    12  profile.o(.text.ble_state_get)
    bsp_usb_disable                          0x0202d111   Thumb Code    38  bsp_usb_hid_iap.o(.text.bsp_usb_disable)
    bsp_usb_hid_keyboard_basic_report_start  0x0202db5d   Thumb Code   100  bsp_usb_hid_iap.o(.text.bsp_usb_hid_keyboard_basic_report_start)
    bsp_usb_hid_report_send                  0x0202dbc1   Thumb Code   242  bsp_usb_hid_iap.o(.text.bsp_usb_hid_report_send)
    bsp_usb_init                             0x0202dcf1   Thumb Code   116  bsp_usb_hid_iap.o(.text.bsp_usb_init)
    btstack_callback                         0x0202de75   Thumb Code    68  profile.o(.text.btstack_callback)
    cb_putc                                  0x0202df85   Thumb Code    52  main.o(.text.cb_putc)
    cb_trace_rtt                             0x0202dfb9   Thumb Code   140  trace.o(.text.cb_trace_rtt)
    config_uart                              0x0202e149   Thumb Code    92  main.o(.text.config_uart)
    erase_flash_sector                       0x0202e499   Thumb Code    26  eflash.o(.text.erase_flash_sector)
    flash_enable_write_protection            0x0202e50d   Thumb Code   154  eflash.o(.text.flash_enable_write_protection)
    flash_get_factory_calib_data             0x0202e5a9   Thumb Code    38  eflash.o(.text.flash_get_factory_calib_data)
    flash_prepare_factory_data               0x0202e5d1   Thumb Code   200  eflash.o(.text.flash_prepare_factory_data)
    gatt_client_util_discover_all            0x0202e6f9   Thumb Code   146  gatt_client_util.o(.text.gatt_client_util_discover_all)
    gatt_client_util_dump_profile            0x0202e78d   Thumb Code   116  gatt_client_util.o(.text.gatt_client_util_dump_profile)
    gatt_client_util_print_properties        0x0202e801   Thumb Code   124  gatt_client_util.o(.text.gatt_client_util_print_properties)
    gatt_client_util_print_uuid              0x0202e87d   Thumb Code    26  gatt_client_util.o(.text.gatt_client_util_print_uuid)
    on_lle_init                              0x0202e9e9   Thumb Code    12  main.o(.text.on_lle_init)
    program_flash                            0x0202ea15   Thumb Code    26  eflash.o(.text.program_flash)
    read_flash_security                      0x0202ea31   Thumb Code    72  eflash.o(.text.read_flash_security)
    service_discovery_callback               0x0202eadd   Thumb Code   276  profile.o(.text.service_discovery_callback)
    setup_peripherals                        0x0202edd9   Thumb Code   232  main.o(.text.setup_peripherals)
    setup_profile                            0x0202eec1   Thumb Code   106  profile.o(.text.setup_profile)
    trace_rtt_init                           0x0202f17d   Thumb Code    14  trace.o(.text.trace_rtt_init)
    write_flash                              0x0202f455   Thumb Code    70  eflash.o(.text.write_flash)
    write_flash0                             0x0202f49d   Thumb Code   212  eflash.o(.text.write_flash0)
    __scatterload_copy                       0x0202f58f   Thumb Code    14  handlers.o(i.__scatterload_copy)
    __scatterload_null                       0x0202f59d   Thumb Code     2  handlers.o(i.__scatterload_null)
    __scatterload_zeroinit                   0x0202f59f   Thumb Code    14  handlers.o(i.__scatterload_zeroinit)
    malloc                                   0x0202f5ad   Thumb Code    92  malloc.o(i.malloc)
    ConfigDescriptor                         0x0202f618   Data          98  bsp_usb_hid_iap.o(.rodata.ConfigDescriptor)
    DeviceDescriptor                         0x0202f67c   Data          18  bsp_usb_hid_iap.o(.rodata.DeviceDescriptor)
    ReportCtlDescriptor                      0x0202f690   Data         211  bsp_usb_hid_iap.o(.rodata.ReportCtlDescriptor)
    ReportKeyDescriptor                      0x0202f764   Data          68  bsp_usb_hid_iap.o(.rodata.ReportKeyDescriptor)
    ReportViaDescriptor                      0x0202f7a8   Data          34  bsp_usb_hid_iap.o(.rodata.ReportViaDescriptor)
    StringDescriptor_0                       0x0202f7cc   Data           4  bsp_usb_hid_iap.o(.rodata.StringDescriptor_0)
    StringDescriptor_1                       0x0202f7d0   Data          18  bsp_usb_hid_iap.o(.rodata.StringDescriptor_1)
    StringDescriptor_2                       0x0202f7e4   Data          24  bsp_usb_hid_iap.o(.rodata.StringDescriptor_2)
    io_output_source_map                     0x0202f870   Data         798  peripheral_pinctrl.o(.rodata.io_output_source_map)
    Region$$Table$$Base                      0x0202ff3c   Number         0  anon$$obj.o(Region$$Table)
    Region$$Table$$Limit                     0x0202ff5c   Number         0  anon$$obj.o(Region$$Table)
    __microlib_freelist                      0x20005410   Data           4  mvars.o(.data)
    __microlib_freelist_initialised          0x20005414   Data           4  mvars.o(.data)
    slave                                    0x2000542c   Data         140  profile.o(.data.slave)
    sm_persistent                            0x200054c0   Data          39  profile.o(.data.sm_persistent)
    CtlReport                                0x2000550c   Data           3  bsp_usb_hid_iap.o(.bss.CtlReport)
    DataRecvBuf                              0x20005510   Data          64  bsp_usb_hid_iap.o(.bss.DataRecvBuf)
    DataSendBuf                              0x20005550   Data          64  bsp_usb_hid_iap.o(.bss.DataSendBuf)
    DynamicDescriptor                        0x20005590   Data          64  bsp_usb_hid_iap.o(.bss.DynamicDescriptor)
    KeybReport                               0x200055d4   Data          56  bsp_usb_hid_iap.o(.bss.KeybReport)
    UcmReport                                0x2000560c   Data           3  bsp_usb_hid_iap.o(.bss.UcmReport)
    UsbVar                                   0x20005610   Data           4  bsp_usb_hid_iap.o(.bss.UsbVar)
    _SEGGER_RTT                              0x20005614   Data          72  trace.o(.bss._SEGGER_RTT)
    discoverer                               0x20005860   Data           4  profile.o(.bss.discoverer)
    g_UsbVar                                 0x20005904   Data         264  peripheral_usb.o(.bss.g_UsbVar)
    peer_addr                                0x20005a17   Data           6  profile.o(.bss.peer_addr)
    trace_ctx                                0x20005a1d   Data           1  main.o(.bss.trace_ctx)
    __heap_base                              0x20005a28   Data           0  startup_ing91600.o(HEAP)
    __heap_limit                             0x20005a28   Data           0  startup_ing91600.o(HEAP)
    __initial_sp                             0x20005a2c   Data           0  startup_ing91600.o(STACK)



==============================================================================

Memory Map of the image

  Image Entry point : 0x0202a009

  Load Region LR_IROM1 (Base: 0x0202a000, Size: 0x00006058, Max: 0x00056000, ABSOLUTE)

    Execution Region ER_IROM1 (Exec base: 0x0202a000, Load base: 0x0202a000, Size: 0x00005f5c, Max: 0x00056000, ABSOLUTE)

    Exec Addr    Load Addr    Size         Type   Attr      Idx    E Section Name        Object

    0x0202a000   0x0202a000   0x00000008   Data   RO          101    RESET               startup_ing91600.o
    0x0202a008   0x0202a008   0x00000000   Code   RO         1625  * .ARM.Collect$$$$00000000  mc_w.l(entry.o)
    0x0202a008   0x0202a008   0x00000004   Code   RO         1740    .ARM.Collect$$$$00000001  mc_w.l(entry2.o)
    0x0202a00c   0x0202a00c   0x00000004   Code   RO         1743    .ARM.Collect$$$$00000004  mc_w.l(entry5.o)
    0x0202a010   0x0202a010   0x00000000   Code   RO         1745    .ARM.Collect$$$$00000008  mc_w.l(entry7b.o)
    0x0202a010   0x0202a010   0x00000000   Code   RO         1747    .ARM.Collect$$$$0000000A  mc_w.l(entry8b.o)
    0x0202a010   0x0202a010   0x00000008   Code   RO         1748    .ARM.Collect$$$$0000000B  mc_w.l(entry9a.o)
    0x0202a018   0x0202a018   0x00000000   Code   RO         1750    .ARM.Collect$$$$0000000D  mc_w.l(entry10a.o)
    0x0202a018   0x0202a018   0x00000000   Code   RO         1752    .ARM.Collect$$$$0000000F  mc_w.l(entry11a.o)
    0x0202a018   0x0202a018   0x00000004   Code   RO         1741    .ARM.Collect$$$$00002712  mc_w.l(entry2.o)
    0x0202a01c   0x0202a01c   0x00000028   Code   RO          102    .text               startup_ing91600.o
    0x0202a044   0x0202a044   0x00000024   Code   RO         1626    .text               mc_w.l(init.o)
    0x0202a068   0x0202a068   0x00000062   Code   RO         1630    .text               mc_w.l(uldiv.o)
    0x0202a0ca   0x0202a0ca   0x00000024   Code   RO         1662    .text               mc_w.l(memcpya.o)
    0x0202a0ee   0x0202a0ee   0x00000024   Code   RO         1664    .text               mc_w.l(memseta.o)
    0x0202a112   0x0202a112   0x0000001a   Code   RO         1668    .text               mc_w.l(memcmp.o)
    0x0202a12c   0x0202a12c   0x00000012   Code   RO         1670    .text               mc_w.l(strcpy.o)
    0x0202a13e   0x0202a13e   0x0000001e   Code   RO         1757    .text               mc_w.l(llshl.o)
    0x0202a15c   0x0202a15c   0x00000020   Code   RO         1759    .text               mc_w.l(llushr.o)
    0x0202a17c   0x0202a17c   0x00000038   Code   RO          270    .text.GIO_MaskedWrite  peripheral_gpio.o
    0x0202a1b4   0x0202a1b4   0x000000aa   Code   RO          268    .text.GIO_SetDirection  peripheral_gpio.o
    0x0202a25e   0x0202a25e   0x00000002   PAD
    0x0202a260   0x0202a260   0x0000007a   Code   RO          274    .text.GIO_WriteValue  peripheral_gpio.o
    0x0202a2da   0x0202a2da   0x00000002   PAD
    0x0202a2dc   0x0202a2dc   0x000000ea   Code   RO           10    .text.IRQHandler_TIMER2_INT  main.o
    0x0202a3c6   0x0202a3c6   0x00000002   PAD
    0x0202a3c8   0x0202a3c8   0x00000098   Code   RO          418    .text.PINCTRL_EnableAnalog  peripheral_pinctrl.o
    0x0202a460   0x0202a460   0x0000009e   Code   RO          394    .text.PINCTRL_Pull  peripheral_pinctrl.o
    0x0202a4fe   0x0202a4fe   0x00000002   PAD
    0x0202a500   0x0202a500   0x0000006a   Code   RO          416    .text.PINCTRL_SelUSB  peripheral_pinctrl.o
    0x0202a56a   0x0202a56a   0x00000002   PAD
    0x0202a56c   0x0202a56c   0x000001b6   Code   RO          376    .text.PINCTRL_SetPadMux  peripheral_pinctrl.o
    0x0202a722   0x0202a722   0x00000002   PAD
    0x0202a724   0x0202a724   0x00000022   Code   RO         1409    .text.SEGGER_RTT_GetAvailWriteSpace  trace.o
    0x0202a746   0x0202a746   0x00000002   PAD
    0x0202a748   0x0202a748   0x00000008   Code   RO         1401    .text.SEGGER_RTT_Init  trace.o
    0x0202a750   0x0202a750   0x0000004a   Code   RO         1365    .text.SEGGER_RTT_Write  trace.o
    0x0202a79a   0x0202a79a   0x00000002   PAD
    0x0202a79c   0x0202a79c   0x000000b2   Code   RO         1361    .text.SEGGER_RTT_WriteNoLock  trace.o
    0x0202a84e   0x0202a84e   0x00000002   PAD
    0x0202a850   0x0202a850   0x00000062   Code   RO          768    .text.SYSCTRL_CacheControl0  peripheral_sysctrl.o
    0x0202a8b2   0x0202a8b2   0x00000002   PAD
    0x0202a8b4   0x0202a8b4   0x0000001c   Code   RO          634    .text.SYSCTRL_ClearClkGate  peripheral_sysctrl.o
    0x0202a8d0   0x0202a8d0   0x00000044   Code   RO          638    .text.SYSCTRL_ClearClkGateMulti  peripheral_sysctrl.o
    0x0202a914   0x0202a914   0x0000038a   Code   RO          632    .text.SYSCTRL_ClkGateCtrl  peripheral_sysctrl.o
    0x0202ac9e   0x0202ac9e   0x00000002   PAD
    0x0202aca0   0x0202aca0   0x00000056   Code   RO          694    .text.SYSCTRL_GetPLLClk  peripheral_sysctrl.o
    0x0202acf6   0x0202acf6   0x00000002   PAD
    0x0202acf8   0x0202acf8   0x000000a4   Code   RO          678    .text.SYSCTRL_GetSlowClk  peripheral_sysctrl.o
    0x0202ad9c   0x0202ad9c   0x0000002a   Code   RO          770    .text.SYSCTRL_ICacheControl  peripheral_sysctrl.o
    0x0202adc6   0x0202adc6   0x00000002   PAD
    0x0202adc8   0x0202adc8   0x000000de   Code   RO          776    .text.SYSCTRL_Init  peripheral_sysctrl.o
    0x0202aea6   0x0202aea6   0x00000002   PAD
    0x0202aea8   0x0202aea8   0x00000040   Code   RO          666    .text.SYSCTRL_SelectUSBClk  peripheral_sysctrl.o
    0x0202aee8   0x0202aee8   0x0000001c   Code   RO          630    .text.SYSCTRL_SetClkGate  peripheral_sysctrl.o
    0x0202af04   0x0202af04   0x00000044   Code   RO          636    .text.SYSCTRL_SetClkGateMulti  peripheral_sysctrl.o
    0x0202af48   0x0202af48   0x00000036   Code   RO          742    .text.SYSCTRL_SetLDOOutput  peripheral_sysctrl.o
    0x0202af7e   0x0202af7e   0x00000002   PAD
    0x0202af80   0x0202af80   0x00000044   Code   RO          754    .text.SYSCTRL_USBPhyConfig  peripheral_sysctrl.o
    0x0202afc4   0x0202afc4   0x00000042   Code   RO          793    .text.TMR_Enable    peripheral_timer.o
    0x0202b006   0x0202b006   0x00000002   PAD
    0x0202b008   0x0202b008   0x00000028   Code   RO          801    .text.TMR_IntClr    peripheral_timer.o
    0x0202b030   0x0202b030   0x00000042   Code   RO          795    .text.TMR_IntEnable  peripheral_timer.o
    0x0202b072   0x0202b072   0x00000002   PAD
    0x0202b074   0x0202b074   0x00000048   Code   RO          787    .text.TMR_SetOpMode  peripheral_timer.o
    0x0202b0bc   0x0202b0bc   0x0000001e   Code   RO          791    .text.TMR_SetReload  peripheral_timer.o
    0x0202b0da   0x0202b0da   0x00000002   PAD
    0x0202b0dc   0x0202b0dc   0x00000016   Code   RO          868    .text.UART_SendData  peripheral_uart.o
    0x0202b0f2   0x0202b0f2   0x00000002   PAD
    0x0202b0f4   0x0202b0f4   0x00000094   Code   RO         1244    .text.USB_CancelTransfert  peripheral_usb.o
    0x0202b188   0x0202b188   0x000000ea   Code   RO         1246    .text.USB_CheckTransferCondition  peripheral_usb.o
    0x0202b272   0x0202b272   0x00000002   PAD
    0x0202b274   0x0202b274   0x00000030   Code   RO         1300    .text.USB_Close     peripheral_usb.o
    0x0202b2a4   0x0202b2a4   0x000000a8   Code   RO         1240    .text.USB_ClrConfig  peripheral_usb.o
    0x0202b34c   0x0202b34c   0x000000b2   Code   RO         1270    .text.USB_ConfigureEp  peripheral_usb.o
    0x0202b3fe   0x0202b3fe   0x00000002   PAD
    0x0202b400   0x0202b400   0x00000138   Code   RO         1266    .text.USB_ContinueTransfer  peripheral_usb.o
    0x0202b538   0x0202b538   0x00000040   Code   RO         1220    .text.USB_CoreReset  peripheral_usb.o
    0x0202b578   0x0202b578   0x00000064   Code   RO         1230    .text.USB_DeviceInitialization  peripheral_usb.o
    0x0202b5dc   0x0202b5dc   0x000000a0   Code   RO         1232    .text.USB_DeviceSetThreshold  peripheral_usb.o
    0x0202b67c   0x0202b67c   0x000001d8   Code   RO         1250    .text.USB_DisableEp  peripheral_usb.o
    0x0202b854   0x0202b854   0x0000002e   Code   RO         1282    .text.USB_EP0StatusIn  peripheral_usb.o
    0x0202b882   0x0202b882   0x00000002   PAD
    0x0202b884   0x0202b884   0x00000028   Code   RO         1284    .text.USB_EP0StatusOut  peripheral_usb.o
    0x0202b8ac   0x0202b8ac   0x000001c0   Code   RO         1268    .text.USB_EnableEp  peripheral_usb.o
    0x0202ba6c   0x0202ba6c   0x0000005a   Code   RO         1228    .text.USB_FlushRXFifo  peripheral_usb.o
    0x0202bac6   0x0202bac6   0x00000002   PAD
    0x0202bac8   0x0202bac8   0x000000a2   Code   RO         1226    .text.USB_FlushTXFifo  peripheral_usb.o
    0x0202bb6a   0x0202bb6a   0x00000002   PAD
    0x0202bb6c   0x0202bb6c   0x0000000a   Code   RO         1286    .text.USB_GetEp0SetupData  peripheral_usb.o
    0x0202bb76   0x0202bb76   0x00000002   PAD
    0x0202bb78   0x0202bb78   0x00000018   Code   RO         1258    .text.USB_GetMaxPacketSize  peripheral_usb.o
    0x0202bb90   0x0202bb90   0x00000016   Code   RO         1256    .text.USB_GetMaxTransferSize  peripheral_usb.o
    0x0202bba6   0x0202bba6   0x00000002   PAD
    0x0202bba8   0x0202bba8   0x00000034   Code   RO         1254    .text.USB_GetSetupPacket  peripheral_usb.o
    0x0202bbdc   0x0202bbdc   0x000001be   Code   RO         1260    .text.USB_GetTransferSize  peripheral_usb.o
    0x0202bd9a   0x0202bd9a   0x00000002   PAD
    0x0202bd9c   0x0202bd9c   0x000001cc   Code   RO         1290    .text.USB_HandleEp0  peripheral_usb.o
    0x0202bf68   0x0202bf68   0x00000064   Code   RO         1242    .text.USB_InitConfig  peripheral_usb.o
    0x0202bfcc   0x0202bfcc   0x000004ae   Code   RO         1292    .text.USB_IrqHandler  peripheral_usb.o
    0x0202c47a   0x0202c47a   0x00000002   PAD
    0x0202c47c   0x0202c47c   0x000000a2   Code   RO         1272    .text.USB_IsEpStall  peripheral_usb.o
    0x0202c51e   0x0202c51e   0x00000002   PAD
    0x0202c520   0x0202c520   0x00000170   Code   RO         1262    .text.USB_NewTransfer  peripheral_usb.o
    0x0202c690   0x0202c690   0x00000042   Code   RO         1274    .text.USB_PCStopPhyClcok  peripheral_usb.o
    0x0202c6d2   0x0202c6d2   0x00000002   PAD
    0x0202c6d4   0x0202c6d4   0x00000016   Code   RO         1238    .text.USB_ReInit    peripheral_usb.o
    0x0202c6ea   0x0202c6ea   0x00000002   PAD
    0x0202c6ec   0x0202c6ec   0x000000d6   Code   RO         1280    .text.USB_RecvData  peripheral_usb.o
    0x0202c7c2   0x0202c7c2   0x00000002   PAD
    0x0202c7c4   0x0202c7c4   0x00000084   Code   RO         1234    .text.USB_ResetAndConfig  peripheral_usb.o
    0x0202c848   0x0202c848   0x000000b2   Code   RO         1236    .text.USB_ResetTransfert  peripheral_usb.o
    0x0202c8fa   0x0202c8fa   0x00000002   PAD
    0x0202c8fc   0x0202c8fc   0x000000d6   Code   RO         1276    .text.USB_SendData  peripheral_usb.o
    0x0202c9d2   0x0202c9d2   0x00000002   PAD
    0x0202c9d4   0x0202c9d4   0x0000002e   Code   RO         1288    .text.USB_SetEp0Stall  peripheral_usb.o
    0x0202ca02   0x0202ca02   0x00000002   PAD
    0x0202ca04   0x0202ca04   0x000000e8   Code   RO         1252    .text.USB_SetStallEp  peripheral_usb.o
    0x0202caec   0x0202caec   0x00000052   Code   RO         1224    .text.USB_SetupDataFifo  peripheral_usb.o
    0x0202cb3e   0x0202cb3e   0x00000002   PAD
    0x0202cb40   0x0202cb40   0x00000100   Code   RO         1264    .text.USB_StartTransfer  peripheral_usb.o
    0x0202cc40   0x0202cc40   0x000000a2   Code   RO         1343    .text._DoInit       trace.o
    0x0202cce2   0x0202cce2   0x00000002   PAD
    0x0202cce4   0x0202cce4   0x0000003e   Code   RO         1355    .text._GetAvailWriteSpace  trace.o
    0x0202cd22   0x0202cd22   0x00000002   PAD
    0x0202cd24   0x0202cd24   0x000000e0   Code   RO         1359    .text._WriteBlocking  trace.o
    0x0202ce04   0x0202ce04   0x00000088   Code   RO         1357    .text._WriteNoCheck  trace.o
    0x0202ce8c   0x0202ce8c   0x00000042   Code   RO         1278    .text.__NVIC_GetEnableIRQ  peripheral_usb.o
    0x0202cece   0x0202cece   0x00000002   PAD
    0x0202ced0   0x0202ced0   0x0000004c   Code   RO           55    .text.adv_finded    profile.o
    0x0202cf1c   0x0202cf1c   0x00000084   Code   RO          822    .text.apUART_BaudRateSet  peripheral_uart.o
    0x0202cfa0   0x0202cfa0   0x00000010   Code   RO          834    .text.apUART_Check_TXFIFO_FULL  peripheral_uart.o
    0x0202cfb0   0x0202cfb0   0x000000b4   Code   RO          866    .text.apUART_Initialize  peripheral_uart.o
    0x0202d064   0x0202d064   0x00000038   Code   RO           18    .text.app_main      main.o
    0x0202d09c   0x0202d09c   0x00000066   Code   RO           51    .text.basic_output_notification_handler  profile.o
    0x0202d102   0x0202d102   0x00000002   PAD
    0x0202d104   0x0202d104   0x0000000c   Code   RO           37    .text.ble_state_get  profile.o
    0x0202d110   0x0202d110   0x00000026   Code   RO         1576    .text.bsp_usb_disable  bsp_usb_hid_iap.o
    0x0202d136   0x0202d136   0x00000002   PAD
    0x0202d138   0x0202d138   0x000009e8   Code   RO         1574    .text.bsp_usb_event_handler  bsp_usb_hid_iap.o
    0x0202db20   0x0202db20   0x0000003c   Code   RO         1592    .text.bsp_usb_hid_iap_push_rx_data_to_user  bsp_usb_hid_iap.o
    0x0202db5c   0x0202db5c   0x00000064   Code   RO         1566    .text.bsp_usb_hid_keyboard_basic_report_start  bsp_usb_hid_iap.o
    0x0202dbc0   0x0202dbc0   0x000000f2   Code   RO         1568    .text.bsp_usb_hid_report_send  bsp_usb_hid_iap.o
    0x0202dcb2   0x0202dcb2   0x00000002   PAD
    0x0202dcb4   0x0202dcb4   0x0000003c   Code   RO         1596    .text.bsp_usb_hid_ucm_push_rx_data_to_user  bsp_usb_hid_iap.o
    0x0202dcf0   0x0202dcf0   0x00000074   Code   RO         1572    .text.bsp_usb_init  bsp_usb_hid_iap.o
    0x0202dd64   0x0202dd64   0x0000003c   Code   RO         1594    .text.bsp_usp_hid_ctl_rx_data_trigger  bsp_usb_hid_iap.o
    0x0202dda0   0x0202dda0   0x00000098   Code   RO         1570    .text.bsp_usp_hid_ctl_tx_data_trigger  bsp_usb_hid_iap.o
    0x0202de38   0x0202de38   0x0000003c   Code   RO         1598    .text.bsp_usp_hid_ucm_rx_data_trigger  bsp_usb_hid_iap.o
    0x0202de74   0x0202de74   0x00000044   Code   RO           39    .text.btstack_callback  profile.o
    0x0202deb8   0x0202deb8   0x0000000c   Code   RO           65    .text.btstack_event_state_get_state  profile.o
    0x0202dec4   0x0202dec4   0x0000002e   Code   RO          147    .text.calc_checksum_32  eflash.o
    0x0202def2   0x0202def2   0x00000002   PAD
    0x0202def4   0x0202def4   0x00000012   Code   RO          145    .text.calc_ft_sum   eflash.o
    0x0202df06   0x0202df06   0x00000002   PAD
    0x0202df08   0x0202df08   0x0000001e   Code   RO           22    .text.cb_assertion  main.o
    0x0202df26   0x0202df26   0x00000002   PAD
    0x0202df28   0x0202df28   0x0000003e   Code   RO           20    .text.cb_hard_fault  main.o
    0x0202df66   0x0202df66   0x00000002   PAD
    0x0202df68   0x0202df68   0x0000001a   Code   RO           24    .text.cb_heap_out_of_mem  main.o
    0x0202df82   0x0202df82   0x00000002   PAD
    0x0202df84   0x0202df84   0x00000034   Code   RO            2    .text.cb_putc       main.o
    0x0202dfb8   0x0202dfb8   0x0000008c   Code   RO         1421    .text.cb_trace_rtt  trace.o
    0x0202e044   0x0202e044   0x00000104   Code   RO         1522    .text.characteristic_discovery_callback  gatt_client_util.o
    0x0202e148   0x0202e148   0x0000005c   Code   RO            6    .text.config_uart   main.o
    0x0202e1a4   0x0202e1a4   0x0000007c   Code   RO          131    .text.copy_security_data  eflash.o
    0x0202e220   0x0202e220   0x0000012c   Code   RO         1528    .text.descriptor_discovery_callback  gatt_client_util.o
    0x0202e34c   0x0202e34c   0x0000008a   Code   RO         1530    .text.discover_char_of_service  gatt_client_util.o
    0x0202e3d6   0x0202e3d6   0x00000002   PAD
    0x0202e3d8   0x0202e3d8   0x000000be   Code   RO         1526    .text.discover_desc_of_char  gatt_client_util.o
    0x0202e496   0x0202e496   0x00000002   PAD
    0x0202e498   0x0202e498   0x0000001a   Code   RO          109    .text.erase_flash_sector  eflash.o
    0x0202e4b2   0x0202e4b2   0x00000002   PAD
    0x0202e4b4   0x0202e4b4   0x00000058   Code   RO           53    .text.extend_output_notification_handler  profile.o
    0x0202e50c   0x0202e50c   0x0000009a   Code   RO          129    .text.flash_enable_write_protection  eflash.o
    0x0202e5a6   0x0202e5a6   0x00000002   PAD
    0x0202e5a8   0x0202e5a8   0x00000026   Code   RO          135    .text.flash_get_factory_calib_data  eflash.o
    0x0202e5ce   0x0202e5ce   0x00000002   PAD
    0x0202e5d0   0x0202e5d0   0x000000c8   Code   RO          123    .text.flash_prepare_factory_data  eflash.o
    0x0202e698   0x0202e698   0x0000005e   Code   RO          127    .text.flash_read_protection_status  eflash.o
    0x0202e6f6   0x0202e6f6   0x00000002   PAD
    0x0202e6f8   0x0202e6f8   0x00000092   Code   RO         1500    .text.gatt_client_util_discover_all  gatt_client_util.o
    0x0202e78a   0x0202e78a   0x00000002   PAD
    0x0202e78c   0x0202e78c   0x00000074   Code   RO         1498    .text.gatt_client_util_dump_profile  gatt_client_util.o
    0x0202e800   0x0202e800   0x0000007c   Code   RO         1496    .text.gatt_client_util_print_properties  gatt_client_util.o
    0x0202e87c   0x0202e87c   0x0000001a   Code   RO         1494    .text.gatt_client_util_print_uuid  gatt_client_util.o
    0x0202e896   0x0202e896   0x00000002   PAD
    0x0202e898   0x0202e898   0x0000000c   Code   RO         1532    .text.gatt_event_all_characteristic_descriptors_query_result_parse  gatt_client_util.o
    0x0202e8a4   0x0202e8a4   0x0000000c   Code   RO         1524    .text.gatt_event_characteristic_query_result_parse  gatt_client_util.o
    0x0202e8b0   0x0202e8b0   0x0000001e   Code   RO           61    .text.gatt_event_notification_parse  profile.o
    0x0202e8ce   0x0202e8ce   0x00000002   PAD
    0x0202e8d0   0x0202e8d0   0x0000000c   Code   RO           41    .text.gatt_event_query_complete_parse  profile.o
    0x0202e8dc   0x0202e8dc   0x0000000c   Code   RO         1520    .text.gatt_event_query_complete_parse  gatt_client_util.o
    0x0202e8e8   0x0202e8e8   0x0000000c   Code   RO           47    .text.gatt_event_service_query_result_parse  profile.o
    0x0202e8f4   0x0202e8f4   0x0000000c   Code   RO         1516    .text.gatt_event_service_query_result_parse  gatt_client_util.o
    0x0202e900   0x0202e900   0x0000000c   Code   RO          143    .text.get_ft_sum    eflash.o
    0x0202e90c   0x0202e90c   0x00000036   Code   RO         1518    .text.get_last_service  gatt_client_util.o
    0x0202e942   0x0202e942   0x00000002   PAD
    0x0202e944   0x0202e944   0x0000000c   Code   RO           67    .text.hci_event_le_meta_get_subevent_code  profile.o
    0x0202e950   0x0202e950   0x0000000c   Code   RO           63    .text.hci_event_packet_get_type  profile.o
    0x0202e95c   0x0202e95c   0x0000000c   Code   RO           69    .text.hci_event_packet_get_user_msg  profile.o
    0x0202e968   0x0202e968   0x0000005c   Code   RO          125    .text.is_data_ready  eflash.o
    0x0202e9c4   0x0202e9c4   0x00000024   Code   RO         1222    .text.nop           peripheral_usb.o
    0x0202e9e8   0x0202e9e8   0x0000000c   Code   RO           12    .text.on_lle_init   main.o
    0x0202e9f4   0x0202e9f4   0x0000001e   Code   RO           49    .text.output_notify_char_init  profile.o
    0x0202ea12   0x0202ea12   0x00000002   PAD
    0x0202ea14   0x0202ea14   0x0000001a   Code   RO          111    .text.program_flash  eflash.o
    0x0202ea2e   0x0202ea2e   0x00000002   PAD
    0x0202ea30   0x0202ea30   0x00000048   Code   RO          119    .text.read_flash_security  eflash.o
    0x0202ea78   0x0202ea78   0x0000005a   Code   RO          121    .text.read_flash_security0  eflash.o
    0x0202ead2   0x0202ead2   0x00000002   PAD
    0x0202ead4   0x0202ead4   0x00000006   Code   RO          141    .text.security_page_read  eflash.o
    0x0202eada   0x0202eada   0x00000002   PAD
    0x0202eadc   0x0202eadc   0x00000114   Code   RO           45    .text.service_discovery_callback  profile.o
    0x0202ebf0   0x0202ebf0   0x00000120   Code   RO         1502    .text.service_discovery_callback  gatt_client_util.o
    0x0202ed10   0x0202ed10   0x00000038   Code   RO          648    .text.set_reg_bit   peripheral_sysctrl.o
    0x0202ed48   0x0202ed48   0x0000004c   Code   RO          408    .text.set_reg_bits  peripheral_pinctrl.o
    0x0202ed94   0x0202ed94   0x00000042   Code   RO          650    .text.set_reg_bits  peripheral_sysctrl.o
    0x0202edd6   0x0202edd6   0x00000002   PAD
    0x0202edd8   0x0202edd8   0x000000e8   Code   RO            8    .text.setup_peripherals  main.o
    0x0202eec0   0x0202eec0   0x0000006a   Code   RO           57    .text.setup_profile  profile.o
    0x0202ef2a   0x0202ef2a   0x00000002   PAD
    0x0202ef2c   0x0202ef2c   0x0000000c   Code   RO           75    .text.sm_event_just_works_request_get_handle  profile.o
    0x0202ef38   0x0202ef38   0x0000000e   Code   RO           77    .text.sm_event_passkey_display_number_get_passkey  profile.o
    0x0202ef46   0x0202ef46   0x00000002   PAD
    0x0202ef48   0x0202ef48   0x0000018a   Code   RO           73    .text.sm_packet_handler  profile.o
    0x0202f0d2   0x0202f0d2   0x00000002   PAD
    0x0202f0d4   0x0202f0d4   0x000000a8   Code   RO          406    .text.source_id_on_pin  peripheral_pinctrl.o
    0x0202f17c   0x0202f17c   0x0000000e   Code   RO         1435    .text.trace_rtt_init  trace.o
    0x0202f18a   0x0202f18a   0x00000002   PAD
    0x0202f18c   0x0202f18c   0x0000007e   Code   RO           71    .text.user_msg_handler  profile.o
    0x0202f20a   0x0202f20a   0x00000002   PAD
    0x0202f20c   0x0202f20c   0x00000246   Code   RO           59    .text.user_packet_handler  profile.o
    0x0202f452   0x0202f452   0x00000002   PAD
    0x0202f454   0x0202f454   0x00000046   Code   RO          115    .text.write_flash   eflash.o
    0x0202f49a   0x0202f49a   0x00000002   PAD
    0x0202f49c   0x0202f49c   0x000000d4   Code   RO          113    .text.write_flash0  eflash.o
    0x0202f570   0x0202f570   0x0000001e   Code   RO          149    .text.write_ft_sum  eflash.o
    0x0202f58e   0x0202f58e   0x0000000e   Code   RO         1778    i.__scatterload_copy  mc_w.l(handlers.o)
    0x0202f59c   0x0202f59c   0x00000002   Code   RO         1779    i.__scatterload_null  mc_w.l(handlers.o)
    0x0202f59e   0x0202f59e   0x0000000e   Code   RO         1780    i.__scatterload_zeroinit  mc_w.l(handlers.o)
    0x0202f5ac   0x0202f5ac   0x0000006c   Code   RO         1703    i.malloc            mc_w.l(malloc.o)
    0x0202f618   0x0202f618   0x00000062   Data   RO         1601    .rodata.ConfigDescriptor  bsp_usb_hid_iap.o
    0x0202f67a   0x0202f67a   0x00000002   PAD
    0x0202f67c   0x0202f67c   0x00000012   Data   RO         1600    .rodata.DeviceDescriptor  bsp_usb_hid_iap.o
    0x0202f68e   0x0202f68e   0x00000002   PAD
    0x0202f690   0x0202f690   0x000000d3   Data   RO         1607    .rodata.ReportCtlDescriptor  bsp_usb_hid_iap.o
    0x0202f763   0x0202f763   0x00000001   PAD
    0x0202f764   0x0202f764   0x00000044   Data   RO         1605    .rodata.ReportKeyDescriptor  bsp_usb_hid_iap.o
    0x0202f7a8   0x0202f7a8   0x00000022   Data   RO         1606    .rodata.ReportViaDescriptor  bsp_usb_hid_iap.o
    0x0202f7ca   0x0202f7ca   0x00000002   PAD
    0x0202f7cc   0x0202f7cc   0x00000004   Data   RO         1602    .rodata.StringDescriptor_0  bsp_usb_hid_iap.o
    0x0202f7d0   0x0202f7d0   0x00000012   Data   RO         1603    .rodata.StringDescriptor_1  bsp_usb_hid_iap.o
    0x0202f7e2   0x0202f7e2   0x00000002   PAD
    0x0202f7e4   0x0202f7e4   0x00000018   Data   RO         1604    .rodata.StringDescriptor_2  bsp_usb_hid_iap.o
    0x0202f7fc   0x0202f7fc   0x0000000c   Data   RO           90    .rodata.configs     profile.o
    0x0202f808   0x0202f808   0x00000068   Data   RO           28    .rodata.evt_cb_table  main.o
    0x0202f870   0x0202f870   0x0000031e   Data   RO          424    .rodata.io_output_source_map  peripheral_pinctrl.o
    0x0202fb8e   0x0202fb8e   0x00000048   Data   RO          151    .rodata.prog_security_page_read  eflash.o
    0x0202fbd6   0x0202fbd6   0x000000a6   Data   RO           27    .rodata.str1.1      main.o
    0x0202fc7c   0x0202fc7c   0x00000205   Data   RO           83    .rodata.str1.1      profile.o
    0x0202fe81   0x0202fe81   0x00000014   Data   RO         1470    .rodata.str1.1      trace.o
    0x0202fe95   0x0202fe95   0x00000013   Data   RO         1535    .rodata.str1.1      gatt_client_util.o
    0x0202fea8   0x0202fea8   0x0000008b   Data   RO         1611    .rodata.str1.1      bsp_usb_hid_iap.o
    0x0202ff33   0x0202ff33   0x00000006   Data   RO           89    .rodata.user_packet_handler.rand_addr  profile.o
    0x0202ff39   0x0202ff39   0x00000003   PAD
    0x0202ff3c   0x0202ff3c   0x00000020   Data   RO         1777    Region$$Table       anon$$obj.o


    Execution Region RW_IRAM1 (Exec base: 0x20005410, Load base: 0x0202ff60, Size: 0x0000061c, Max: 0x00002bf0, ABSOLUTE)

    Exec Addr    Load Addr    Size         Type   Attr      Idx    E Section Name        Object

    0x20005410   0x0202ff60   0x00000004   Data   RW         1763    .data               mc_w.l(mvars.o)
    0x20005414   0x0202ff64   0x00000004   Data   RW         1764    .data               mc_w.l(mvars.o)
    0x20005418   0x0202ff68   0x00000002   Data   RW           92    .data.char_config_notification  profile.o
    0x2000541a   0x0202ff6a   0x00000012   Data   RW           91    .data.phy_configs   profile.o
    0x2000542c   0x0202ff7c   0x0000008c   Data   RW           84    .data.slave         profile.o
    0x200054b8   0x02030008   0x00000008   Data   RW           86    .data.sm_event_callback_registration  profile.o
    0x200054c0   0x02030010   0x00000027   Data   RW           81    .data.sm_persistent  profile.o
    0x200054e7   0x02030037   0x0000001f   Data   RW           88    .data.target_adv_data  profile.o
    0x20005506   0x02030056   0x00000002   PAD
    0x20005508        -       0x00000001   Zero   RW           82    .bss.Ble_State      profile.o
    0x20005509   0x02030056   0x00000003   PAD
    0x2000550c        -       0x00000003   Zero   RW         1609    .bss.CtlReport      bsp_usb_hid_iap.o
    0x2000550f   0x02030056   0x00000001   PAD
    0x20005510        -       0x00000040   Zero   RW         1615    .bss.DataRecvBuf    bsp_usb_hid_iap.o
    0x20005550        -       0x00000040   Zero   RW         1616    .bss.DataSendBuf    bsp_usb_hid_iap.o
    0x20005590        -       0x00000040   Zero   RW         1617    .bss.DynamicDescriptor  bsp_usb_hid_iap.o
    0x200055d0        -       0x00000001   Zero   RW           29    .bss.IRQHandler_TIMER2_INT.led_sta  main.o
    0x200055d1   0x02030056   0x00000003   PAD
    0x200055d4        -       0x00000038   Zero   RW         1608    .bss.KeybReport     bsp_usb_hid_iap.o
    0x2000560c        -       0x00000003   Zero   RW         1610    .bss.UcmReport      bsp_usb_hid_iap.o
    0x2000560f   0x02030056   0x00000001   PAD
    0x20005610        -       0x00000004   Zero   RW         1612    .bss.UsbVar         bsp_usb_hid_iap.o
    0x20005614        -       0x00000048   Zero   RW         1467    .bss._SEGGER_RTT    trace.o
    0x2000565c        -       0x00000010   Zero   RW         1474    .bss._acDownBuffer  trace.o
    0x2000566c        -       0x000001f4   Zero   RW         1473    .bss._acUpBuffer    trace.o
    0x20005860        -       0x00000004   Zero   RW           79    .bss.discoverer     profile.o
    0x20005864        -       0x00000020   Zero   RW         1534    .bss.discoverers    gatt_client_util.o
    0x20005884        -       0x00000040   Zero   RW         1308    .bss.g_UsbBufferEp0In  peripheral_usb.o
    0x200058c4        -       0x00000040   Zero   RW         1307    .bss.g_UsbBufferEp0Out  peripheral_usb.o
    0x20005904        -       0x00000108   Zero   RW         1306    .bss.g_UsbVar       peripheral_usb.o
    0x20005a0c        -       0x00000008   Zero   RW           85    .bss.hci_event_callback_registration  profile.o
    0x20005a14        -       0x00000003   Zero   RW         1618    .bss.interfaceAlternateSetting  bsp_usb_hid_iap.o
    0x20005a17        -       0x00000006   Zero   RW           87    .bss.peer_addr      profile.o
    0x20005a1d        -       0x00000001   Zero   RW           26    .bss.trace_ctx      main.o
    0x20005a1e   0x02030056   0x00000002   PAD
    0x20005a20        -       0x00000004   Zero   RW         1613    .bss.usb_hid_iap_recv_callback  bsp_usb_hid_iap.o
    0x20005a24        -       0x00000004   Zero   RW         1614    .bss.usb_hid_ucm_recv_callback  bsp_usb_hid_iap.o
    0x20005a28        -       0x00000000   Zero   RW          100    HEAP                startup_ing91600.o
    0x20005a28        -       0x00000004   Zero   RW           99    STACK               startup_ing91600.o


==============================================================================

Image component sizes


      Code (inc. data)   RO Data    RW Data    ZI Data      Debug   Object Name

      3424         32        614          0        269      15027   bsp_usb_hid_iap.o
      1310          0         72          0          0       7198   eflash.o
      1690          0         19          0         32       8283   gatt_client_util.o
       796          0        270          0          2      13127   main.o
       348          0          0          0          0       7652   peripheral_gpio.o
      1098          0        798          0          0      14440   peripheral_pinctrl.o
      2018         66          0          0          0      23561   peripheral_sysctrl.o
       274          0          0          0          0       4955   peripheral_timer.o
       350          0          0          0          0       5875   peripheral_uart.o
      7056          6          0          0        392      18384   peripheral_usb.o
      1988         20        535        238         19      10338   profile.o
        40         12          8          0          4        436   startup_ing91600.o
      1032          0         20          0        588      22449   trace.o

    ----------------------------------------------------------------------
     21562        136       2380        240       1316     151725   Object Totals
         0          0         32          0          0          0   (incl. Generated)
       138          0         12          2         10          0   (incl. Padding)

    ----------------------------------------------------------------------

      Code (inc. data)   RO Data    RW Data    ZI Data      Debug   Library Member Name

         0          0          0          0          0          0   entry.o
         0          0          0          0          0          0   entry10a.o
         0          0          0          0          0          0   entry11a.o
         8          4          0          0          0          0   entry2.o
         4          0          0          0          0          0   entry5.o
         0          0          0          0          0          0   entry7b.o
         0          0          0          0          0          0   entry8b.o
         8          4          0          0          0          0   entry9a.o
        30          0          0          0          0          0   handlers.o
        36          8          0          0          0         68   init.o
        30          0          0          0          0         68   llshl.o
        32          0          0          0          0         68   llushr.o
       108         16          0          0          0         84   malloc.o
        26          0          0          0          0         80   memcmp.o
        36          0          0          0          0         68   memcpya.o
        36          0          0          0          0        108   memseta.o
         0          0          0          8          0          0   mvars.o
        18          0          0          0          0         68   strcpy.o
        98          0          0          0          0         92   uldiv.o

    ----------------------------------------------------------------------
       470         32          0          8          0        704   Library Totals
         0          0          0          0          0          0   (incl. Padding)

    ----------------------------------------------------------------------

      Code (inc. data)   RO Data    RW Data    ZI Data      Debug   Library Name

       470         32          0          8          0        704   mc_w.l

    ----------------------------------------------------------------------
       470         32          0          8          0        704   Library Totals

    ----------------------------------------------------------------------

==============================================================================


      Code (inc. data)   RO Data    RW Data    ZI Data      Debug   

     22032        168       2380        248       1316     152145   Grand Totals
     22032        168       2380        248       1316     152145   ELF Image Totals
     22032        168       2380        248          0          0   ROM Totals

==============================================================================

    Total RO  Size (Code + RO Data)                24412 (  23.84kB)
    Total RW  Size (RW Data + ZI Data)              1564 (   1.53kB)
    Total ROM Size (Code + RO Data + RW Data)      24660 (  24.08kB)

==============================================================================

