Component: ARM Compiler 6.14 Tool: armlink [5db06800]

==============================================================================

Section Cross References

    main.o(.text.cb_putc) refers to peripheral_uart.o(.text.apUART_Check_TXFIFO_FULL) for apUART_Check_TXFIFO_FULL
    main.o(.text.cb_putc) refers to peripheral_uart.o(.text.UART_SendData) for UART_SendData
    main.o(.ARM.exidx.text.cb_putc) refers to main.o(.text.cb_putc) for [Anonymous Symbol]
    main.o(.text.fputc) refers to main.o(.text.cb_putc) for cb_putc
    main.o(.ARM.exidx.text.fputc) refers to main.o(.text.fputc) for [Anonymous Symbol]
    main.o(.text.config_uart) refers to peripheral_uart.o(.text.apUART_Initialize) for apUART_Initialize
    main.o(.ARM.exidx.text.config_uart) refers to main.o(.text.config_uart) for [Anonymous Symbol]
    main.o(.text.setup_peripherals) refers to main.o(.text.config_uart) for config_uart
    main.o(.ARM.exidx.text.setup_peripherals) refers to main.o(.text.setup_peripherals) for [Anonymous Symbol]
    main.o(.ARM.exidx.text.on_lle_init) refers to main.o(.text.on_lle_init) for [Anonymous Symbol]
    main.o(.text.app_main) refers to peripheral_sysctrl.o(.text.SYSCTRL_Init) for SYSCTRL_Init
    main.o(.text.app_main) refers to main.o(.rodata.evt_cb_table) for evt_cb_table
    main.o(.text.app_main) refers to main.o(.text.setup_peripherals) for setup_peripherals
    main.o(.text.app_main) refers to main.o(.bss.trace_ctx) for trace_ctx
    main.o(.text.app_main) refers to trace.o(.text.trace_rtt_init) for trace_rtt_init
    main.o(.text.app_main) refers to noos_impl.o(.text.os_impl_get_driver) for os_impl_get_driver
    main.o(.ARM.exidx.text.app_main) refers to main.o(.text.app_main) for [Anonymous Symbol]
    main.o(.text.cb_hard_fault) refers to main.o(.rodata.str1.1) for .L.str
    main.o(.text.cb_hard_fault) refers to puts.o(i.puts) for puts
    main.o(.text.cb_hard_fault) refers to trace.o(.text.trace_full_dump2) for trace_full_dump2
    main.o(.ARM.exidx.text.cb_hard_fault) refers to main.o(.text.cb_hard_fault) for [Anonymous Symbol]
    main.o(.text.cb_assertion) refers to main.o(.rodata.str1.1) for .L.str.1
    main.o(.text.cb_assertion) refers to puts.o(i.puts) for puts
    main.o(.text.cb_assertion) refers to trace.o(.text.trace_full_dump2) for trace_full_dump2
    main.o(.ARM.exidx.text.cb_assertion) refers to main.o(.text.cb_assertion) for [Anonymous Symbol]
    main.o(.text.cb_heap_out_of_mem) refers to main.o(.rodata.str1.1) for .L.str.2
    main.o(.text.cb_heap_out_of_mem) refers to puts.o(i.puts) for puts
    main.o(.text.cb_heap_out_of_mem) refers to trace.o(.text.trace_full_dump2) for trace_full_dump2
    main.o(.ARM.exidx.text.cb_heap_out_of_mem) refers to main.o(.text.cb_heap_out_of_mem) for [Anonymous Symbol]
    main.o(.rodata.evt_cb_table) refers to main.o(.text.cb_putc) for cb_putc
    main.o(.rodata.evt_cb_table) refers to profile.o(.text.setup_profile) for setup_profile
    main.o(.rodata.evt_cb_table) refers to main.o(.text.cb_hard_fault) for cb_hard_fault
    main.o(.rodata.evt_cb_table) refers to main.o(.text.cb_assertion) for cb_assertion
    main.o(.rodata.evt_cb_table) refers to main.o(.text.on_lle_init) for on_lle_init
    main.o(.rodata.evt_cb_table) refers to main.o(.text.cb_heap_out_of_mem) for cb_heap_out_of_mem
    main.o(.rodata.evt_cb_table) refers to trace.o(.text.cb_trace_rtt) for cb_trace_rtt
    main.o(.rodata.evt_cb_table) refers to main.o(.bss.trace_ctx) for trace_ctx
    noos_impl.o(.text.timer_cb_0) refers to noos_impl.o(.text.timer_cb) for timer_cb
    noos_impl.o(.ARM.exidx.text.timer_cb_0) refers to noos_impl.o(.text.timer_cb_0) for [Anonymous Symbol]
    noos_impl.o(.text.timer_cb_1) refers to noos_impl.o(.text.timer_cb) for timer_cb
    noos_impl.o(.ARM.exidx.text.timer_cb_1) refers to noos_impl.o(.text.timer_cb_1) for [Anonymous Symbol]
    noos_impl.o(.text.timer_cb_2) refers to noos_impl.o(.text.timer_cb) for timer_cb
    noos_impl.o(.ARM.exidx.text.timer_cb_2) refers to noos_impl.o(.text.timer_cb_2) for [Anonymous Symbol]
    noos_impl.o(.text.timer_cb_3) refers to noos_impl.o(.text.timer_cb) for timer_cb
    noos_impl.o(.ARM.exidx.text.timer_cb_3) refers to noos_impl.o(.text.timer_cb_3) for [Anonymous Symbol]
    noos_impl.o(.text.timer_cb_4) refers to noos_impl.o(.text.timer_cb) for timer_cb
    noos_impl.o(.ARM.exidx.text.timer_cb_4) refers to noos_impl.o(.text.timer_cb_4) for [Anonymous Symbol]
    noos_impl.o(.text.timer_cb_5) refers to noos_impl.o(.text.timer_cb) for timer_cb
    noos_impl.o(.ARM.exidx.text.timer_cb_5) refers to noos_impl.o(.text.timer_cb_5) for [Anonymous Symbol]
    noos_impl.o(.text.timer_cb_6) refers to noos_impl.o(.text.timer_cb) for timer_cb
    noos_impl.o(.ARM.exidx.text.timer_cb_6) refers to noos_impl.o(.text.timer_cb_6) for [Anonymous Symbol]
    noos_impl.o(.text.timer_cb_7) refers to noos_impl.o(.text.timer_cb) for timer_cb
[...]
    platform_get_link_layer_interf           0x0201d0fd   Thumb Code     0  symdefs.m ABSOLUTE
    platform_get_task_handle                 0x0201d105   Thumb Code     0  symdefs.m ABSOLUTE
    platform_get_timer_counter               0x0201d11d   Thumb Code     0  symdefs.m ABSOLUTE
    platform_get_us_time                     0x0201d121   Thumb Code     0  symdefs.m ABSOLUTE
    platform_get_version                     0x0201d125   Thumb Code     0  symdefs.m ABSOLUTE
    platform_hrng                            0x0201d141   Thumb Code     0  symdefs.m ABSOLUTE
    platform_patch_rf_init_data              0x0201d149   Thumb Code     0  symdefs.m ABSOLUTE
    platform_printf                          0x0201d155   Thumb Code     0  symdefs.m ABSOLUTE
    platform_raise_assertion                 0x0201d169   Thumb Code     0  symdefs.m ABSOLUTE
    platform_rand                            0x0201d17d   Thumb Code     0  symdefs.m ABSOLUTE
    platform_read_info                       0x0201d181   Thumb Code     0  symdefs.m ABSOLUTE
    platform_read_persistent_reg             0x0201d1b1   Thumb Code     0  symdefs.m ABSOLUTE
    platform_reset                           0x0201d1d1   Thumb Code     0  symdefs.m ABSOLUTE
    platform_rt_rc_auto_tune                 0x0201d1e5   Thumb Code     0  symdefs.m ABSOLUTE
    platform_rt_rc_auto_tune2                0x0201d1ed   Thumb Code     0  symdefs.m ABSOLUTE
    platform_rt_rc_tune                      0x0201d24d   Thumb Code     0  symdefs.m ABSOLUTE
    platform_set_abs_timer                   0x0201d279   Thumb Code     0  symdefs.m ABSOLUTE
    platform_set_evt_callback                0x0201d27d   Thumb Code     0  symdefs.m ABSOLUTE
    platform_set_evt_callback_table          0x0201d291   Thumb Code     0  symdefs.m ABSOLUTE
    platform_set_irq_callback                0x0201d29d   Thumb Code     0  symdefs.m ABSOLUTE
    platform_set_irq_callback_table          0x0201d2b9   Thumb Code     0  symdefs.m ABSOLUTE
    platform_set_rf_clk_source               0x0201d2c5   Thumb Code     0  symdefs.m ABSOLUTE
    platform_set_rf_init_data                0x0201d2d1   Thumb Code     0  symdefs.m ABSOLUTE
    platform_set_rf_power_mapping            0x0201d2dd   Thumb Code     0  symdefs.m ABSOLUTE
    platform_set_timer                       0x0201d2e9   Thumb Code     0  symdefs.m ABSOLUTE
    platform_shutdown                        0x0201d2ed   Thumb Code     0  symdefs.m ABSOLUTE
    platform_switch_app                      0x0201d2f1   Thumb Code     0  symdefs.m ABSOLUTE
    platform_trace_raw                       0x0201d309   Thumb Code     0  symdefs.m ABSOLUTE
    platform_write_persistent_reg            0x0201d321   Thumb Code     0  symdefs.m ABSOLUTE
    printf_hexdump                           0x0201d355   Thumb Code     0  symdefs.m ABSOLUTE
    reverse_128                              0x0201d655   Thumb Code     0  symdefs.m ABSOLUTE
    reverse_24                               0x0201d65b   Thumb Code     0  symdefs.m ABSOLUTE
    reverse_256                              0x0201d661   Thumb Code     0  symdefs.m ABSOLUTE
    reverse_48                               0x0201d667   Thumb Code     0  symdefs.m ABSOLUTE
    reverse_56                               0x0201d66d   Thumb Code     0  symdefs.m ABSOLUTE
    reverse_64                               0x0201d673   Thumb Code     0  symdefs.m ABSOLUTE
    reverse_bd_addr                          0x0201d679   Thumb Code     0  symdefs.m ABSOLUTE
    reverse_bytes                            0x0201d67f   Thumb Code     0  symdefs.m ABSOLUTE
    sm_add_event_handler                     0x0201d985   Thumb Code     0  symdefs.m ABSOLUTE
    sm_address_resolution_lookup             0x0201dadd   Thumb Code     0  symdefs.m ABSOLUTE
    sm_authenticated                         0x0201de85   Thumb Code     0  symdefs.m ABSOLUTE
    sm_authorization_decline                 0x0201de93   Thumb Code     0  symdefs.m ABSOLUTE
    sm_authorization_grant                   0x0201deb3   Thumb Code     0  symdefs.m ABSOLUTE
    sm_authorization_state                   0x0201ded3   Thumb Code     0  symdefs.m ABSOLUTE
    sm_bonding_decline                       0x0201deed   Thumb Code     0  symdefs.m ABSOLUTE
    sm_config                                0x0201e341   Thumb Code     0  symdefs.m ABSOLUTE
    sm_config_conn                           0x0201e375   Thumb Code     0  symdefs.m ABSOLUTE
    sm_encryption_key_size                   0x0201e52f   Thumb Code     0  symdefs.m ABSOLUTE
    sm_just_works_confirm                    0x0201eab5   Thumb Code     0  symdefs.m ABSOLUTE
    sm_le_device_key                         0x0201edf5   Thumb Code     0  symdefs.m ABSOLUTE
    sm_passkey_input                         0x0201ee8b   Thumb Code     0  symdefs.m ABSOLUTE
    sm_private_random_address_generation_get 0x0201f24d   Thumb Code     0  symdefs.m ABSOLUTE
    sm_private_random_address_generation_get_mode 0x0201f255   Thumb Code     0  symdefs.m ABSOLUTE
    sm_private_random_address_generation_set_mode 0x0201f261   Thumb Code     0  symdefs.m ABSOLUTE
    sm_private_random_address_generation_set_update_period 0x0201f289   Thumb Code     0  symdefs.m ABSOLUTE
    sm_register_external_ltk_callback        0x0201f3c5   Thumb Code     0  symdefs.m ABSOLUTE
    sm_register_oob_data_callback            0x0201f3d1   Thumb Code     0  symdefs.m ABSOLUTE
    sm_request_pairing                       0x0201f3dd   Thumb Code     0  symdefs.m ABSOLUTE
    sm_send_security_request                 0x0201febb   Thumb Code     0  symdefs.m ABSOLUTE
    sm_set_accepted_stk_generation_methods   0x0201fee1   Thumb Code     0  symdefs.m ABSOLUTE
    sm_set_authentication_requirements       0x0201feed   Thumb Code     0  symdefs.m ABSOLUTE
    sm_set_encryption_key_size_range         0x0201fefd   Thumb Code     0  symdefs.m ABSOLUTE
    sscanf_bd_addr                           0x0202024d   Thumb Code     0  symdefs.m ABSOLUTE
    sysSetPublicDeviceAddr                   0x02020321   Thumb Code     0  symdefs.m ABSOLUTE
    uuid128_to_str                           0x02020af1   Thumb Code     0  symdefs.m ABSOLUTE
    uuid_add_bluetooth_prefix                0x02020b49   Thumb Code     0  symdefs.m ABSOLUTE
    uuid_has_bluetooth_prefix                0x02020b69   Thumb Code     0  symdefs.m ABSOLUTE
    __Vectors                                0x02027000   Data           4  startup_ing91600.o(RESET)
    __main                                   0x02027009   Thumb Code     0  entry.o(.ARM.Collect$$$$00000000)
    _main_stk                                0x02027009   Thumb Code     0  entry2.o(.ARM.Collect$$$$00000001)
    _main_scatterload                        0x0202700d   Thumb Code     0  entry5.o(.ARM.Collect$$$$00000004)
    __main_after_scatterload                 0x02027011   Thumb Code     0  entry5.o(.ARM.Collect$$$$00000004)
    _main_clock                              0x02027011   Thumb Code     0  entry7b.o(.ARM.Collect$$$$00000008)
    _main_cpp_init                           0x02027011   Thumb Code     0  entry8b.o(.ARM.Collect$$$$0000000A)
    _main_init                               0x02027011   Thumb Code     0  entry9a.o(.ARM.Collect$$$$0000000B)
    __rt_final_cpp                           0x02027019   Thumb Code     0  entry10a.o(.ARM.Collect$$$$0000000D)
    __rt_final_exit                          0x02027019   Thumb Code     0  entry11a.o(.ARM.Collect$$$$0000000F)
    Reset_Handler                            0x0202701d   Thumb Code    14  startup_ing91600.o(.text)
    main                                     0x0202702d   Thumb Code    14  startup_ing91600.o(.text)
    __scatterload                            0x02027045   Thumb Code    28  init.o(.text)
    __scatterload_rt2                        0x02027045   Thumb Code     0  init.o(.text)
    __aeabi_uldivmod                         0x02027069   Thumb Code    98  uldiv.o(.text)
    ___aeabi_memcpy4$move                    0x020270cb   Thumb Code     0  memmovea.o(.text)
    ___aeabi_memcpy8$move                    0x020270cb   Thumb Code     0  memmovea.o(.text)
    __aeabi_memcpy                           0x020270cb   Thumb Code    64  memmovea.o(.text)
    __aeabi_memmove                          0x020270cb   Thumb Code     0  memmovea.o(.text)
    __aeabi_memmove4                         0x020270cb   Thumb Code     0  memmovea.o(.text)
    __aeabi_memmove8                         0x020270cb   Thumb Code     0  memmovea.o(.text)
    __aeabi_memset                           0x0202710b   Thumb Code    14  memseta.o(.text)
    __aeabi_memset4                          0x0202710b   Thumb Code     0  memseta.o(.text)
    __aeabi_memset8                          0x0202710b   Thumb Code     0  memseta.o(.text)
    __aeabi_memclr                           0x02027119   Thumb Code     4  memseta.o(.text)
    __aeabi_memclr4                          0x02027119   Thumb Code     0  memseta.o(.text)
    __aeabi_memclr8                          0x02027119   Thumb Code     0  memseta.o(.text)
    _memset$wrapper                          0x0202711d   Thumb Code    18  memseta.o(.text)
    strlen                                   0x0202712f   Thumb Code    14  strlen.o(.text)
    memcmp                                   0x0202713d   Thumb Code    26  memcmp.o(.text)
    strcpy                                   0x02027157   Thumb Code    18  strcpy.o(.text)
    __aeabi_dadd                             0x02027169   Thumb Code   322  dadd.o(.text)
    __aeabi_dsub                             0x020272ab   Thumb Code     6  dadd.o(.text)
    __aeabi_drsub                            0x020272b1   Thumb Code     6  dadd.o(.text)
    __aeabi_ddiv                             0x020272b7   Thumb Code   222  ddiv.o(.text)
    __aeabi_uidiv                            0x02027395   Thumb Code     0  uidiv.o(.text)
    __aeabi_uidivmod                         0x02027395   Thumb Code    44  uidiv.o(.text)
    __aeabi_llsl                             0x020273c1   Thumb Code    30  llshl.o(.text)
    _ll_shift_l                              0x020273c1   Thumb Code     0  llshl.o(.text)
    __aeabi_llsr                             0x020273df   Thumb Code    32  llushr.o(.text)
    _ll_ushift_r                             0x020273df   Thumb Code     0  llushr.o(.text)
    __aeabi_lasr                             0x020273ff   Thumb Code    36  llsshr.o(.text)
    _ll_sshift_r                             0x020273ff   Thumb Code     0  llsshr.o(.text)
    __I$use$fp                               0x02027423   Thumb Code     0  iusefp.o(.text)
    _double_round                            0x02027423   Thumb Code    30  depilogue.o(.text)
    _double_epilogue                         0x02027441   Thumb Code   156  depilogue.o(.text)
    __aeabi_dmul                             0x020274dd   Thumb Code   228  dmul.o(.text)
    __aeabi_d2ulz                            0x020275c1   Thumb Code    48  dfixul.o(.text)
    __aeabi_cdrcmple                         0x020275f1   Thumb Code    48  cdrcmple.o(.text)
    EMI_Dispatch                             0x02027621   Thumb Code  1456  ctrl_emi.o(.text.EMI_Dispatch)
    EMI_Timer_Init                           0x02027bd1   Thumb Code    66  ctrl_emi.o(.text.EMI_Timer_Init)
    EMI_Timer_Start                          0x02027c15   Thumb Code    94  ctrl_emi.o(.text.EMI_Timer_Start)
    EMI_Timer_Stop                           0x02027c75   Thumb Code    18  ctrl_emi.o(.text.EMI_Timer_Stop)
    IAP_Application_Init                     0x020280d5   Thumb Code    16  iap_application.o(.text.IAP_Application_Init)
    IAP_Flash_Unlock                         0x020288e5   Thumb Code    78  iap_flash_wp.o(.text.IAP_Flash_Unlock)
    IAP_Flash_WP_Init                        0x02028935   Thumb Code     8  iap_flash_wp.o(.text.IAP_Flash_WP_Init)
    IAP_GetAppBuffer                         0x020289e5   Thumb Code    10  iap_application.o(.text.IAP_GetAppBuffer)
    IAP_Init                                 0x02028c69   Thumb Code    32  iap_916.o(.text.IAP_Init)
    IAP_Transport_Init                       0x02029139   Thumb Code    24  iap_transport.o(.text.IAP_Transport_Init)
    IAP_Transport_recv_cmd_callback_register 0x020291c9   Thumb Code    20  iap_transport.o(.text.IAP_Transport_recv_cmd_callback_register)
    IAP_Transport_send_single_pack           0x020291dd   Thumb Code   210  iap_transport.o(.text.IAP_Transport_send_single_pack)
    LLE_RF_INI                               0x02029449   Thumb Code   222  test_emi.o(.text.LLE_RF_INI)
    LLE_SPI_WRITE                            0x02029529   Thumb Code    92  test_emi.o(.text.LLE_SPI_WRITE)
    LLE_TESTMODE_TX                          0x02029585   Thumb Code   724  test_emi.o(.text.LLE_TESTMODE_TX)
    LLE_TX_STOP                              0x02029859   Thumb Code    70  test_emi.o(.text.LLE_TX_STOP)
    PINCTRL_EnableAnalog                     0x020298a1   Thumb Code   152  peripheral_pinctrl.o(.text.PINCTRL_EnableAnalog)
    PINCTRL_Pull                             0x02029939   Thumb Code   158  peripheral_pinctrl.o(.text.PINCTRL_Pull)
    PINCTRL_SelUSB                           0x020299d9   Thumb Code   106  peripheral_pinctrl.o(.text.PINCTRL_SelUSB)
    PINCTRL_SetPadMux                        0x02029a45   Thumb Code   438  peripheral_pinctrl.o(.text.PINCTRL_SetPadMux)
    RFTestTx                                 0x02029c05   Thumb Code   162  test_emi.o(.text.RFTestTx)
    SEGGER_RTT_GetAvailWriteSpace            0x02029ca9   Thumb Code    34  trace.o(.text.SEGGER_RTT_GetAvailWriteSpace)
    SEGGER_RTT_Init                          0x02029ccd   Thumb Code     8  trace.o(.text.SEGGER_RTT_Init)
    SEGGER_RTT_Write                         0x02029cd5   Thumb Code    74  trace.o(.text.SEGGER_RTT_Write)
    SEGGER_RTT_WriteNoLock                   0x02029d21   Thumb Code   178  trace.o(.text.SEGGER_RTT_WriteNoLock)
    SYSCTRL_ClearClkGate                     0x02029e39   Thumb Code    28  peripheral_sysctrl.o(.text.SYSCTRL_ClearClkGate)
    SYSCTRL_ClearClkGateMulti                0x02029e55   Thumb Code    68  peripheral_sysctrl.o(.text.SYSCTRL_ClearClkGateMulti)
    SYSCTRL_GetAdcClkDiv                     0x0202a225   Thumb Code    52  peripheral_sysctrl.o(.text.SYSCTRL_GetAdcClkDiv)
    SYSCTRL_GetCLK32k                        0x0202a259   Thumb Code    56  peripheral_sysctrl.o(.text.SYSCTRL_GetCLK32k)
    SYSCTRL_GetClk                           0x0202a291   Thumb Code   680  peripheral_sysctrl.o(.text.SYSCTRL_GetClk)
    SYSCTRL_GetHClk                          0x0202a539   Thumb Code    58  peripheral_sysctrl.o(.text.SYSCTRL_GetHClk)
    SYSCTRL_GetPClk                          0x0202a575   Thumb Code    32  peripheral_sysctrl.o(.text.SYSCTRL_GetPClk)
    SYSCTRL_GetPLLClk                        0x0202a595   Thumb Code    86  peripheral_sysctrl.o(.text.SYSCTRL_GetPLLClk)
    SYSCTRL_GetSlowClk                       0x0202a5ed   Thumb Code   164  peripheral_sysctrl.o(.text.SYSCTRL_GetSlowClk)
    SYSCTRL_ICacheControl                    0x0202a691   Thumb Code    42  peripheral_sysctrl.o(.text.SYSCTRL_ICacheControl)
    SYSCTRL_Init                             0x0202a6bd   Thumb Code   204  peripheral_sysctrl.o(.text.SYSCTRL_Init)
    SYSCTRL_SelectUSBClk                     0x0202a789   Thumb Code    64  peripheral_sysctrl.o(.text.SYSCTRL_SelectUSBClk)
    SYSCTRL_SetClkGate                       0x0202a7c9   Thumb Code    28  peripheral_sysctrl.o(.text.SYSCTRL_SetClkGate)
    SYSCTRL_SetClkGateMulti                  0x0202a7e5   Thumb Code    68  peripheral_sysctrl.o(.text.SYSCTRL_SetClkGateMulti)
    SYSCTRL_SetLDOOutput                     0x0202a829   Thumb Code    54  peripheral_sysctrl.o(.text.SYSCTRL_SetLDOOutput)
    SYSCTRL_USBPhyConfig                     0x0202a861   Thumb Code    68  peripheral_sysctrl.o(.text.SYSCTRL_USBPhyConfig)
    TIMER1_IrqHandler                        0x0202a8a5   Thumb Code    58  ctrl_emi.o(.text.TIMER1_IrqHandler)
    TMR_Enable                               0x0202a8e1   Thumb Code    66  peripheral_timer.o(.text.TMR_Enable)
    TMR_GetClk                               0x0202a925   Thumb Code   110  peripheral_timer.o(.text.TMR_GetClk)
    TMR_IntClr                               0x0202a995   Thumb Code    40  peripheral_timer.o(.text.TMR_IntClr)
    TMR_IntEnable                            0x0202a9bd   Thumb Code    66  peripheral_timer.o(.text.TMR_IntEnable)
    TMR_PauseEnable                          0x0202aa01   Thumb Code   108  peripheral_timer.o(.text.TMR_PauseEnable)
    TMR_SetOpMode                            0x0202aa6d   Thumb Code    72  peripheral_timer.o(.text.TMR_SetOpMode)
    TMR_SetReload                            0x0202aab5   Thumb Code    30  peripheral_timer.o(.text.TMR_SetReload)
    UART_SendData                            0x0202aad5   Thumb Code    22  peripheral_uart.o(.text.UART_SendData)
    USB_CancelTransfert                      0x0202adfd   Thumb Code   148  peripheral_usb.o(.text.USB_CancelTransfert)
    USB_CheckTransferCondition               0x0202ae91   Thumb Code   234  peripheral_usb.o(.text.USB_CheckTransferCondition)
    USB_Close                                0x0202af7d   Thumb Code    48  peripheral_usb.o(.text.USB_Close)
    USB_ClrConfig                            0x0202afad   Thumb Code   168  peripheral_usb.o(.text.USB_ClrConfig)
    USB_ConfigureEp                          0x0202b055   Thumb Code   178  peripheral_usb.o(.text.USB_ConfigureEp)
    USB_ContinueTransfer                     0x0202b109   Thumb Code   312  peripheral_usb.o(.text.USB_ContinueTransfer)
    USB_CoreReset                            0x0202b241   Thumb Code    64  peripheral_usb.o(.text.USB_CoreReset)
    USB_DeviceInitialization                 0x0202b281   Thumb Code   100  peripheral_usb.o(.text.USB_DeviceInitialization)
    USB_DeviceSetThreshold                   0x0202b2e5   Thumb Code   160  peripheral_usb.o(.text.USB_DeviceSetThreshold)
    USB_DisableEp                            0x0202b385   Thumb Code   472  peripheral_usb.o(.text.USB_DisableEp)
    USB_EP0StatusIn                          0x0202b55d   Thumb Code    46  peripheral_usb.o(.text.USB_EP0StatusIn)
    USB_EP0StatusOut                         0x0202b58d   Thumb Code    40  peripheral_usb.o(.text.USB_EP0StatusOut)
    USB_EnableEp                             0x0202b5b5   Thumb Code   448  peripheral_usb.o(.text.USB_EnableEp)
    USB_FlushRXFifo                          0x0202b775   Thumb Code    90  peripheral_usb.o(.text.USB_FlushRXFifo)
    USB_FlushTXFifo                          0x0202b7d1   Thumb Code   162  peripheral_usb.o(.text.USB_FlushTXFifo)
    USB_GetEp0SetupData                      0x0202b875   Thumb Code    10  peripheral_usb.o(.text.USB_GetEp0SetupData)
    USB_GetMaxPacketSize                     0x0202b881   Thumb Code    24  peripheral_usb.o(.text.USB_GetMaxPacketSize)
    USB_GetMaxTransferSize                   0x0202b899   Thumb Code    22  peripheral_usb.o(.text.USB_GetMaxTransferSize)
    USB_GetSetupPacket                       0x0202b8b1   Thumb Code    52  peripheral_usb.o(.text.USB_GetSetupPacket)
    USB_GetTransferSize                      0x0202b8e5   Thumb Code   446  peripheral_usb.o(.text.USB_GetTransferSize)
    USB_HandleEp0                            0x0202baa5   Thumb Code   460  peripheral_usb.o(.text.USB_HandleEp0)
    USB_InitConfig                           0x0202bc71   Thumb Code   100  peripheral_usb.o(.text.USB_InitConfig)
    USB_IrqHandler                           0x0202bcd5   Thumb Code  1256  peripheral_usb.o(.text.USB_IrqHandler)
    USB_IsEpStall                            0x0202c1bd   Thumb Code   162  peripheral_usb.o(.text.USB_IsEpStall)
    USB_NewTransfer                          0x0202c261   Thumb Code   368  peripheral_usb.o(.text.USB_NewTransfer)
    USB_PCStopPhyClcok                       0x0202c3d1   Thumb Code    66  peripheral_usb.o(.text.USB_PCStopPhyClcok)
    USB_ReInit                               0x0202c415   Thumb Code    22  peripheral_usb.o(.text.USB_ReInit)
    USB_RecvData                             0x0202c42d   Thumb Code   174  peripheral_usb.o(.text.USB_RecvData)
    USB_ResetAndConfig                       0x0202c4dd   Thumb Code   132  peripheral_usb.o(.text.USB_ResetAndConfig)
    USB_ResetTransfert                       0x0202c561   Thumb Code   178  peripheral_usb.o(.text.USB_ResetTransfert)
    USB_SendData                             0x0202c615   Thumb Code   174  peripheral_usb.o(.text.USB_SendData)
    USB_SetEp0Stall                          0x0202c6c5   Thumb Code    46  peripheral_usb.o(.text.USB_SetEp0Stall)
    USB_SetStallEp                           0x0202c6f5   Thumb Code   232  peripheral_usb.o(.text.USB_SetStallEp)
    USB_SetupDataFifo                        0x0202c7dd   Thumb Code    82  peripheral_usb.o(.text.USB_SetupDataFifo)
    USB_StartTransfer                        0x0202c831   Thumb Code   256  peripheral_usb.o(.text.USB_StartTransfer)
    apUART_BaudRateSet                       0x0202cb7d   Thumb Code   120  peripheral_uart.o(.text.apUART_BaudRateSet)
    apUART_Check_TXFIFO_FULL                 0x0202cbf5   Thumb Code    16  peripheral_uart.o(.text.apUART_Check_TXFIFO_FULL)
    apUART_Initialize                        0x0202cc05   Thumb Code   158  peripheral_uart.o(.text.apUART_Initialize)
    app_main                                 0x0202cca5   Thumb Code    56  main.o(.text.app_main)
    bsp_usb_disable                          0x0202cd35   Thumb Code    38  bsp_usb_hid_iap.o(.text.bsp_usb_disable)
    bsp_usb_hid_iap_recv_callback_register   0x0202d6a9   Thumb Code    20  bsp_usb_hid_iap.o(.text.bsp_usb_hid_iap_recv_callback_register)
    bsp_usb_hid_iap_send                     0x0202d6bd   Thumb Code   204  bsp_usb_hid_iap.o(.text.bsp_usb_hid_iap_send)
    bsp_usb_hid_ucm_recv_callback_register   0x0202d835   Thumb Code    20  bsp_usb_hid_iap.o(.text.bsp_usb_hid_ucm_recv_callback_register)
    bsp_usb_hid_ucm_send                     0x0202d849   Thumb Code   204  bsp_usb_hid_iap.o(.text.bsp_usb_hid_ucm_send)
    bsp_usb_init                             0x0202d915   Thumb Code   116  bsp_usb_hid_iap.o(.text.bsp_usb_init)
    cb_putc                                  0x0202dce5   Thumb Code    52  main.o(.text.cb_putc)
    cb_trace_rtt                             0x0202dd19   Thumb Code   140  trace.o(.text.cb_trace_rtt)
    config_uart                              0x0202dda5   Thumb Code    86  main.o(.text.config_uart)
    custom_main_loop                         0x0202df95   Thumb Code    32  cust_main.o(.text.custom_main_loop)
    emi_enable                               0x0202e11d   Thumb Code    30  ctrl_emi.o(.text.emi_enable)
    emi_has_running_test_or_task             0x0202e29d   Thumb Code    54  ctrl_emi.o(.text.emi_has_running_test_or_task)
    emi_init                                 0x0202e2d5   Thumb Code   208  ctrl_emi.o(.text.emi_init)
    emi_loop                                 0x0202e3a5   Thumb Code   626  ctrl_emi.o(.text.emi_loop)
    emi_state_busy                           0x0202e9ad   Thumb Code    52  ctrl_emi.o(.text.emi_state_busy)
    emi_test_set_timeout                     0x0202ec09   Thumb Code    46  ctrl_emi.o(.text.emi_test_set_timeout)
    emi_test_wait_timeout                    0x0202ecc5   Thumb Code    78  ctrl_emi.o(.text.emi_test_wait_timeout)
    erase_flash_sector                       0x0202ed61   Thumb Code    26  eflash.o(.text.erase_flash_sector)
    flash_get_factory_calib_data             0x0202eee5   Thumb Code    38  eflash.o(.text.flash_get_factory_calib_data)
    flash_prepare_factory_data               0x0202ef0d   Thumb Code   162  eflash.o(.text.flash_prepare_factory_data)
    flash_write_protection_set               0x0202f06d   Thumb Code   202  iap_flash_wp.o(.text.flash_write_protection_set)
    fputc                                    0x0202f139   Thumb Code    26  main.o(.text.fputc)
    getCRC16                                 0x0202f155   Thumb Code    58  crc16.o(.text.getCRC16)
    hci_cmd_cmpl_user_handler                0x0202f22d   Thumb Code   162  profile.o(.text.hci_cmd_cmpl_user_handler)
    hci_command_complete_user_handler_register 0x0202f2d1   Thumb Code   102  profile.o(.text.hci_command_complete_user_handler_register)
    ing2p4g_rst                              0x0202f4e5   Thumb Code   108  test_emi.o(.text.ing2p4g_rst)
    noos_start                               0x0202f8dd   Thumb Code    54  noos_impl.o(.text.noos_start)
    nop                                      0x0202f939   Thumb Code    36  common.o(.text.nop)
    on_lle_init                              0x0202f95d   Thumb Code    12  main.o(.text.on_lle_init)
    os_impl_get_driver                       0x0202f969   Thumb Code    10  noos_impl.o(.text.os_impl_get_driver)
    pendsv_isr                               0x0202f975   Thumb Code     2  noos_impl.o(.text.pendsv_isr)
    program_flash                            0x0202f979   Thumb Code    26  eflash.o(.text.program_flash)
    program_fota_metadata                    0x0202f995   Thumb Code   170  iap_bootloader.o(.text.program_fota_metadata)
    read_flash_security                      0x0202fb49   Thumb Code    72  eflash.o(.text.read_flash_security)
    rom_crc16_large                          0x0202fbed   Thumb Code   108  crc16.o(.text.rom_crc16_large)
    setup_peripherals                        0x0202fdc5   Thumb Code    20  main.o(.text.setup_peripherals)
    setup_profile                            0x0202fdd9   Thumb Code    90  profile.o(.text.setup_profile)
    svc_isr                                  0x020306ad   Thumb Code     2  noos_impl.o(.text.svc_isr)
    tick_isr                                 0x02030795   Thumb Code     2  noos_impl.o(.text.tick_isr)
    trace_full_dump2                         0x02030965   Thumb Code   252  trace.o(.text.trace_full_dump2)
    trace_rtt_init                           0x02030a61   Thumb Code    14  trace.o(.text.trace_rtt_init)
    ucm_emi_enable                           0x02030a71   Thumb Code    28  ctrl.o(.text.ucm_emi_enable)
    ucm_init                                 0x02030a8d   Thumb Code    30  ctrl.o(.text.ucm_init)
    ucm_loop                                 0x02030aad   Thumb Code    32  ctrl.o(.text.ucm_loop)
    update_running_task_flag                 0x02030acd   Thumb Code   200  ctrl_emi.o(.text.update_running_task_flag)
    write_flash                              0x02030c89   Thumb Code    70  eflash.o(.text.write_flash)
    write_flash0                             0x02030cd1   Thumb Code   212  eflash.o(.text.write_flash0)
    Long Thumb to Thumb Veneer to platform_init_controller 0x02030da5   Thumb Code    10  anon$$obj.o(Veneer$$Code)
    Long Thumb to Thumb Veneer to platform_controller_run 0x02030daf   Thumb Code    10  anon$$obj.o(Veneer$$Code)
    __0sprintf                               0x02030db9   Thumb Code    34  printfa.o(i.__0sprintf)
    __1sprintf                               0x02030db9   Thumb Code     0  printfa.o(i.__0sprintf)
    __2sprintf                               0x02030db9   Thumb Code     0  printfa.o(i.__0sprintf)
    __c89sprintf                             0x02030db9   Thumb Code     0  printfa.o(i.__0sprintf)
    sprintf                                  0x02030db9   Thumb Code     0  printfa.o(i.__0sprintf)
    __scatterload_copy                       0x02030de1   Thumb Code    14  handlers.o(i.__scatterload_copy)
    __scatterload_null                       0x02030def   Thumb Code     2  handlers.o(i.__scatterload_null)
    __scatterload_zeroinit                   0x02030df1   Thumb Code    14  handlers.o(i.__scatterload_zeroinit)
    free                                     0x020316bd   Thumb Code    76  malloc.o(i.free)
    malloc                                   0x0203170d   Thumb Code    92  malloc.o(i.malloc)
    puts                                     0x02031779   Thumb Code    30  puts.o(i.puts)
    ConfigDescriptor                         0x0203179c   Data          98  bsp_usb_hid_iap.o(.rodata.ConfigDescriptor)
    DeviceDescriptor                         0x02031800   Data          18  bsp_usb_hid_iap.o(.rodata.DeviceDescriptor)
    ReportCtlDescriptor                      0x02031814   Data         211  bsp_usb_hid_iap.o(.rodata.ReportCtlDescriptor)
    ReportKeyDescriptor                      0x020318e8   Data          68  bsp_usb_hid_iap.o(.rodata.ReportKeyDescriptor)
    ReportViaDescriptor                      0x0203192c   Data          34  bsp_usb_hid_iap.o(.rodata.ReportViaDescriptor)
    StringDescriptor_0                       0x02031950   Data           4  bsp_usb_hid_iap.o(.rodata.StringDescriptor_0)
    StringDescriptor_1                       0x02031954   Data          18  bsp_usb_hid_iap.o(.rodata.StringDescriptor_1)
    StringDescriptor_2                       0x02031968   Data          16  bsp_usb_hid_iap.o(.rodata.StringDescriptor_2)
    auchCRCHi                                0x02031978   Data         256  crc16.o(.rodata.auchCRCHi)
    auchCRCLo                                0x02031a78   Data         256  crc16.o(.rodata.auchCRCLo)
    io_output_source_map                     0x02031c58   Data         798  peripheral_pinctrl.o(.rodata.io_output_source_map)
    mem_ini_rtl_0dB                          0x02031f78   Data         512  test_emi.o(.rodata.mem_ini_rtl_0dB)
    mem_ini_rtl_max                          0x02032178   Data         512  test_emi.o(.rodata.mem_ini_rtl_max)
    Region$$Table$$Base                      0x02033614   Number         0  anon$$obj.o(Region$$Table)
    Region$$Table$$Limit                     0x02033634   Number         0  anon$$obj.o(Region$$Table)
    platform_init_controller                 0x20000145   Thumb Code     0  symdefs.m ABSOLUTE
    platform_controller_run                  0x2000015b   Thumb Code     0  symdefs.m ABSOLUTE
    platform_pre_suppress_ticks_and_sleep_processing 0x200003cf   Thumb Code     0  symdefs.m ABSOLUTE
    platform_pre_sleep_processing            0x200003d3   Thumb Code     0  symdefs.m ABSOLUTE
    platform_post_sleep_processing           0x200003d9   Thumb Code     0  symdefs.m ABSOLUTE
    platform_os_idle_resumed_hook            0x200003df   Thumb Code     0  symdefs.m ABSOLUTE
    __stdout                                 0x20004300   Data           4  stdout.o(.data)
    __microlib_freelist                      0x20004304   Data           4  mvars.o(.data)
    __microlib_freelist_initialised          0x20004308   Data           4  mvars.o(.data)
    sw_timers                                0x20004380   Data         160  noos_impl.o(.data.sw_timers)
    CtlReport                                0x20004420   Data           3  bsp_usb_hid_iap.o(.bss.CtlReport)
    DataRecvBuf                              0x20004424   Data          64  bsp_usb_hid_iap.o(.bss.DataRecvBuf)
    DataSendBuf                              0x20004464   Data          64  bsp_usb_hid_iap.o(.bss.DataSendBuf)
    DynamicDescriptor                        0x200044a4   Data          64  bsp_usb_hid_iap.o(.bss.DynamicDescriptor)
    KeybReport                               0x200044e4   Data          56  bsp_usb_hid_iap.o(.bss.KeybReport)
    UcmReport                                0x20004528   Data           3  bsp_usb_hid_iap.o(.bss.UcmReport)
    UsbVar                                   0x2000452c   Data           4  bsp_usb_hid_iap.o(.bss.UsbVar)
    _SEGGER_RTT                              0x20004530   Data          72  trace.o(.bss._SEGGER_RTT)
    current_time                             0x20006768   Data           8  ctrl_emi.o(.bss.current_time)
    g_UsbVar                                 0x200067fc   Data         264  peripheral_usb.o(.bss.g_UsbVar)
    hci_cmd_cmpl_user_handler_map_len        0x20006924   Data           2  profile.o(.bss.hci_cmd_cmpl_user_handler_map_len)
    hci_cmd_complete_user_handler_map        0x20006928   Data          80  profile.o(.bss.hci_cmd_complete_user_handler_map)
    timeout_timepoint                        0x20006bd0   Data           8  ctrl_emi.o(.bss.timeout_timepoint)
    trace_ctx                                0x20006bd8   Data           1  main.o(.bss.trace_ctx)
    __heap_base                              0x20006c28   Data           0  startup_ing91600.o(HEAP)
    __heap_limit                             0x20009010   Data           0  startup_ing91600.o(HEAP)
    __initial_sp                             0x20009410   Data           0  startup_ing91600.o(STACK)



==============================================================================

Memory Map of the image

  Image Entry point : 0x02027009

  Load Region LR_IROM1 (Base: 0x02027000, Size: 0x0000c758, Max: 0x00059000, ABSOLUTE)

    Execution Region ER_IROM1 (Exec base: 0x02027000, Load base: 0x02027000, Size: 0x0000c634, Max: 0x00059000, ABSOLUTE)

    Exec Addr    Load Addr    Size         Type   Attr      Idx    E Section Name        Object

    0x02027000   0x02027000   0x00000008   Data   RO          138    RESET               startup_ing91600.o
    0x02027008   0x02027008   0x00000000   Code   RO         2206  * .ARM.Collect$$$$00000000  mc_w.l(entry.o)
    0x02027008   0x02027008   0x00000004   Code   RO         2301    .ARM.Collect$$$$00000001  mc_w.l(entry2.o)
    0x0202700c   0x0202700c   0x00000004   Code   RO         2304    .ARM.Collect$$$$00000004  mc_w.l(entry5.o)
    0x02027010   0x02027010   0x00000000   Code   RO         2306    .ARM.Collect$$$$00000008  mc_w.l(entry7b.o)
    0x02027010   0x02027010   0x00000000   Code   RO         2308    .ARM.Collect$$$$0000000A  mc_w.l(entry8b.o)
    0x02027010   0x02027010   0x00000008   Code   RO         2309    .ARM.Collect$$$$0000000B  mc_w.l(entry9a.o)
    0x02027018   0x02027018   0x00000000   Code   RO         2311    .ARM.Collect$$$$0000000D  mc_w.l(entry10a.o)
    0x02027018   0x02027018   0x00000000   Code   RO         2313    .ARM.Collect$$$$0000000F  mc_w.l(entry11a.o)
    0x02027018   0x02027018   0x00000004   Code   RO         2302    .ARM.Collect$$$$00002712  mc_w.l(entry2.o)
    0x0202701c   0x0202701c   0x00000028   Code   RO          139    .text               startup_ing91600.o
    0x02027044   0x02027044   0x00000024   Code   RO         2207    .text               mc_w.l(init.o)
    0x02027068   0x02027068   0x00000062   Code   RO         2215    .text               mc_w.l(uldiv.o)
    0x020270ca   0x020270ca   0x00000040   Code   RO         2221    .text               mc_w.l(memmovea.o)
    0x0202710a   0x0202710a   0x00000024   Code   RO         2223    .text               mc_w.l(memseta.o)
    0x0202712e   0x0202712e   0x0000000e   Code   RO         2225    .text               mc_w.l(strlen.o)
    0x0202713c   0x0202713c   0x0000001a   Code   RO         2227    .text               mc_w.l(memcmp.o)
    0x02027156   0x02027156   0x00000012   Code   RO         2229    .text               mc_w.l(strcpy.o)
    0x02027168   0x02027168   0x0000014e   Code   RO         2293    .text               mf_w.l(dadd.o)
    0x020272b6   0x020272b6   0x000000de   Code   RO         2295    .text               mf_w.l(ddiv.o)
    0x02027394   0x02027394   0x0000002c   Code   RO         2316    .text               mc_w.l(uidiv.o)
    0x020273c0   0x020273c0   0x0000001e   Code   RO         2318    .text               mc_w.l(llshl.o)
    0x020273de   0x020273de   0x00000020   Code   RO         2320    .text               mc_w.l(llushr.o)
    0x020273fe   0x020273fe   0x00000024   Code   RO         2322    .text               mc_w.l(llsshr.o)
    0x02027422   0x02027422   0x00000000   Code   RO         2326    .text               mc_w.l(iusefp.o)
    0x02027422   0x02027422   0x000000ba   Code   RO         2329    .text               mf_w.l(depilogue.o)
    0x020274dc   0x020274dc   0x000000e4   Code   RO         2331    .text               mf_w.l(dmul.o)
    0x020275c0   0x020275c0   0x00000030   Code   RO         2333    .text               mf_w.l(dfixul.o)
    0x020275f0   0x020275f0   0x00000030   Code   RO         2335    .text               mf_w.l(cdrcmple.o)
    0x02027620   0x02027620   0x000005b0   Code   RO         1513    .text.EMI_Dispatch  ctrl_emi.o
    0x02027bd0   0x02027bd0   0x00000042   Code   RO         1499    .text.EMI_Timer_Init  ctrl_emi.o
    0x02027c12   0x02027c12   0x00000002   PAD
    0x02027c14   0x02027c14   0x0000005e   Code   RO         1501    .text.EMI_Timer_Start  ctrl_emi.o
    0x02027c72   0x02027c72   0x00000002   PAD
    0x02027c74   0x02027c74   0x00000012   Code   RO         1503    .text.EMI_Timer_Stop  ctrl_emi.o
    0x02027c86   0x02027c86   0x00000002   PAD
    0x02027c88   0x02027c88   0x00000020   Code   RO         1589    .text.EMI_on_hci_cmd_complete_start_test  ctrl_emi.o
    0x02027ca8   0x02027ca8   0x00000060   Code   RO         1591    .text.EMI_on_hci_cmd_complete_stop_test  ctrl_emi.o
    0x02027d08   0x02027d08   0x000000b0   Code   RO         1692    .text.IAP_APP_AddPayloadData  iap_application.o
    0x02027db8   0x02027db8   0x0000001c   Code   RO         1684    .text.IAP_APP_PreparePayloadDataStart  iap_application.o
    0x02027dd4   0x02027dd4   0x00000098   Code   RO         1680    .text.IAP_APP_SendACK  iap_application.o
    0x02027e6c   0x02027e6c   0x0000009e   Code   RO         1710    .text.IAP_APP_VersionFormatValidCheck  iap_application.o
    0x02027f0a   0x02027f0a   0x00000002   PAD
    0x02027f0c   0x02027f0c   0x00000184   Code   RO         1678    .text.IAP_APP_cmd_dispatch  iap_application.o
    0x02028090   0x02028090   0x00000044   Code   RO         1676    .text.IAP_APP_recv_cmd_callback  iap_application.o
    0x020280d4   0x020280d4   0x00000010   Code   RO         1674    .text.IAP_Application_Init  iap_application.o
    0x020280e4   0x020280e4   0x0000008c   Code   RO         1690    .text.IAP_CMD_FlashRead_handler  iap_application.o
    0x02028170   0x02028170   0x00000332   Code   RO         1688    .text.IAP_CMD_FlashWrite_handler  iap_application.o
    0x020284a2   0x020284a2   0x00000002   PAD
    0x020284a4   0x020284a4   0x00000096   Code   RO         1694    .text.IAP_CMD_Reboot_handler  iap_application.o
    0x0202853a   0x0202853a   0x00000002   PAD
    0x0202853c   0x0202853c   0x000000ce   Code   RO         1686    .text.IAP_CMD_Start_handler  iap_application.o
    0x0202860a   0x0202860a   0x00000002   PAD
    0x0202860c   0x0202860c   0x000000a2   Code   RO         1696    .text.IAP_CMD_SwitchApp_handler  iap_application.o
    0x020286ae   0x020286ae   0x00000002   PAD
    0x020286b0   0x020286b0   0x00000026   Code   RO         1702    .text.IAP_CtlInit   iap_application.o
    0x020286d6   0x020286d6   0x00000002   PAD
    0x020286d8   0x020286d8   0x00000090   Code   RO         1728    .text.IAP_DoUpdate_Delay_Timeout_Callback  iap_application.o
    0x02028768   0x02028768   0x000000a4   Code   RO         1706    .text.IAP_Fill_header_info  iap_application.o
    0x0202880c   0x0202880c   0x000000c2   Code   RO         1704    .text.IAP_Flash_Erase  iap_application.o
    0x020288ce   0x020288ce   0x00000002   PAD
    0x020288d0   0x020288d0   0x00000014   Code   RO         1722    .text.IAP_Flash_StartAddr_Get  iap_application.o
    0x020288e4   0x020288e4   0x0000004e   Code   RO         1756    .text.IAP_Flash_Unlock  iap_flash_wp.o
    0x02028932   0x02028932   0x00000002   PAD
    0x02028934   0x02028934   0x00000008   Code   RO         1760    .text.IAP_Flash_WP_Init  iap_flash_wp.o
    0x0202893c   0x0202893c   0x00000056   Code   RO         1720    .text.IAP_Flash_Write  iap_application.o
    0x02028992   0x02028992   0x00000002   PAD
    0x02028994   0x02028994   0x00000050   Code   RO         1724    .text.IAP_Flash_offsetAddr_valid_check  iap_application.o
    0x020289e4   0x020289e4   0x0000000a   Code   RO         1672    .text.IAP_GetAppBuffer  iap_application.o
    0x020289ee   0x020289ee   0x00000002   PAD
    0x020289f0   0x020289f0   0x00000276   Code   RO         1700    .text.IAP_Header_Check  iap_application.o
    0x02028c66   0x02028c66   0x00000002   PAD
    0x02028c68   0x02028c68   0x00000020   Code   RO         1663    .text.IAP_Init      iap_916.o
    0x02028c88   0x02028c88   0x00000026   Code   RO         1726    .text.IAP_Reboot_Delay_Timeout_Callback  iap_application.o
    0x02028cae   0x02028cae   0x00000002   PAD
    0x02028cb0   0x02028cb0   0x0000006c   Code   RO         1790    .text.IAP_TransportAttachData  iap_transport.o
    0x02028d1c   0x02028d1c   0x0000006a   Code   RO         1788    .text.IAP_TransportCheckBCC  iap_transport.o
    0x02028d86   0x02028d86   0x00000002   PAD
    0x02028d88   0x02028d88   0x00000018   Code   RO         1778    .text.IAP_TransportClearRecvData  iap_transport.o
    0x02028da0   0x02028da0   0x00000050   Code   RO         1772    .text.IAP_TransportGetBCC  iap_transport.o
    0x02028df0   0x02028df0   0x00000018   Code   RO         1776    .text.IAP_TransportRecvGotoIdle  iap_transport.o
    0x02028e08   0x02028e08   0x0000032e   Code   RO         1784    .text.IAP_Transport_Dispatch  iap_transport.o
    0x02029136   0x02029136   0x00000002   PAD
    0x02029138   0x02029138   0x00000018   Code   RO         1774    .text.IAP_Transport_Init  iap_transport.o
    0x02029150   0x02029150   0x0000004e   Code   RO         1786    .text.IAP_Transport_Send_ACK  iap_transport.o
    0x0202919e   0x0202919e   0x00000002   PAD
    0x020291a0   0x020291a0   0x00000026   Code   RO         1792    .text.IAP_Transport_Send_Dummy  iap_transport.o
    0x020291c6   0x020291c6   0x00000002   PAD
    0x020291c8   0x020291c8   0x00000014   Code   RO         1782    .text.IAP_Transport_recv_cmd_callback_register  iap_transport.o
    0x020291dc   0x020291dc   0x000000d2   Code   RO         1770    .text.IAP_Transport_send_single_pack  iap_transport.o
    0x020292ae   0x020292ae   0x00000002   PAD
    0x020292b0   0x020292b0   0x00000074   Code   RO         1682    .text.IsAppCrcValid  iap_application.o
    0x02029324   0x02029324   0x0000006a   Code   RO         1716    .text.IsBlockInfoValid  iap_application.o
    0x0202938e   0x0202938e   0x00000002   PAD
    0x02029390   0x02029390   0x00000030   Code   RO         1712    .text.IsCheckInfoValid  iap_application.o
    0x020293c0   0x020293c0   0x0000004a   Code   RO         1718    .text.IsEncryptInfoValid  iap_application.o
    0x0202940a   0x0202940a   0x00000002   PAD
    0x0202940c   0x0202940c   0x0000003c   Code   RO         1714    .text.IsUpgradeTypeValid  iap_application.o
    0x02029448   0x02029448   0x000000de   Code   RO         1883    .text.LLE_RF_INI    EMI_test.lib(test_emi.o)
    0x02029526   0x02029526   0x00000002   PAD
    0x02029528   0x02029528   0x0000005c   Code   RO         1879    .text.LLE_SPI_WRITE  EMI_test.lib(test_emi.o)
    0x02029584   0x02029584   0x000002d4   Code   RO         1885    .text.LLE_TESTMODE_TX  EMI_test.lib(test_emi.o)
    0x02029858   0x02029858   0x00000046   Code   RO         1887    .text.LLE_TX_STOP   EMI_test.lib(test_emi.o)
    0x0202989e   0x0202989e   0x00000002   PAD
    0x020298a0   0x020298a0   0x00000098   Code   RO          441    .text.PINCTRL_EnableAnalog  peripheral_pinctrl.o
    0x02029938   0x02029938   0x0000009e   Code   RO          417    .text.PINCTRL_Pull  peripheral_pinctrl.o
    0x020299d6   0x020299d6   0x00000002   PAD
    0x020299d8   0x020299d8   0x0000006a   Code   RO          439    .text.PINCTRL_SelUSB  peripheral_pinctrl.o
    0x02029a42   0x02029a42   0x00000002   PAD
    0x02029a44   0x02029a44   0x000001b6   Code   RO          399    .text.PINCTRL_SetPadMux  peripheral_pinctrl.o
    0x02029bfa   0x02029bfa   0x00000002   PAD
    0x02029bfc   0x02029bfc   0x00000008   Code   RO         1698    .text.PrintHeaderInfo  iap_application.o
    0x02029c04   0x02029c04   0x000000a2   Code   RO         1889    .text.RFTestTx      EMI_test.lib(test_emi.o)
    0x02029ca6   0x02029ca6   0x00000002   PAD
    0x02029ca8   0x02029ca8   0x00000022   Code   RO         1405    .text.SEGGER_RTT_GetAvailWriteSpace  trace.o
    0x02029cca   0x02029cca   0x00000002   PAD
    0x02029ccc   0x02029ccc   0x00000008   Code   RO         1397    .text.SEGGER_RTT_Init  trace.o
    0x02029cd4   0x02029cd4   0x0000004a   Code   RO         1361    .text.SEGGER_RTT_Write  trace.o
    0x02029d1e   0x02029d1e   0x00000002   PAD
    0x02029d20   0x02029d20   0x000000b2   Code   RO         1357    .text.SEGGER_RTT_WriteNoLock  trace.o
    0x02029dd2   0x02029dd2   0x00000002   PAD
    0x02029dd4   0x02029dd4   0x00000062   Code   RO          791    .text.SYSCTRL_CacheControl0  peripheral_sysctrl.o
    0x02029e36   0x02029e36   0x00000002   PAD
    0x02029e38   0x02029e38   0x0000001c   Code   RO          657    .text.SYSCTRL_ClearClkGate  peripheral_sysctrl.o
    0x02029e54   0x02029e54   0x00000044   Code   RO          661    .text.SYSCTRL_ClearClkGateMulti  peripheral_sysctrl.o
    0x02029e98   0x02029e98   0x0000038a   Code   RO          655    .text.SYSCTRL_ClkGateCtrl  peripheral_sysctrl.o
    0x0202a222   0x0202a222   0x00000002   PAD
    0x0202a224   0x0202a224   0x00000034   Code   RO          741    .text.SYSCTRL_GetAdcClkDiv  peripheral_sysctrl.o
    0x0202a258   0x0202a258   0x00000038   Code   RO          705    .text.SYSCTRL_GetCLK32k  peripheral_sysctrl.o
    0x0202a290   0x0202a290   0x000002a8   Code   RO          737    .text.SYSCTRL_GetClk  peripheral_sysctrl.o
    0x0202a538   0x0202a538   0x0000003a   Code   RO          729    .text.SYSCTRL_GetHClk  peripheral_sysctrl.o
    0x0202a572   0x0202a572   0x00000002   PAD
    0x0202a574   0x0202a574   0x00000020   Code   RO          735    .text.SYSCTRL_GetPClk  peripheral_sysctrl.o
    0x0202a594   0x0202a594   0x00000056   Code   RO          717    .text.SYSCTRL_GetPLLClk  peripheral_sysctrl.o
    0x0202a5ea   0x0202a5ea   0x00000002   PAD
    0x0202a5ec   0x0202a5ec   0x000000a4   Code   RO          701    .text.SYSCTRL_GetSlowClk  peripheral_sysctrl.o
    0x0202a690   0x0202a690   0x0000002a   Code   RO          793    .text.SYSCTRL_ICacheControl  peripheral_sysctrl.o
    0x0202a6ba   0x0202a6ba   0x00000002   PAD
    0x0202a6bc   0x0202a6bc   0x000000cc   Code   RO          799    .text.SYSCTRL_Init  peripheral_sysctrl.o
    0x0202a788   0x0202a788   0x00000040   Code   RO          689    .text.SYSCTRL_SelectUSBClk  peripheral_sysctrl.o
    0x0202a7c8   0x0202a7c8   0x0000001c   Code   RO          653    .text.SYSCTRL_SetClkGate  peripheral_sysctrl.o
    0x0202a7e4   0x0202a7e4   0x00000044   Code   RO          659    .text.SYSCTRL_SetClkGateMulti  peripheral_sysctrl.o
    0x0202a828   0x0202a828   0x00000036   Code   RO          765    .text.SYSCTRL_SetLDOOutput  peripheral_sysctrl.o
    0x0202a85e   0x0202a85e   0x00000002   PAD
    0x0202a860   0x0202a860   0x00000044   Code   RO          777    .text.SYSCTRL_USBPhyConfig  peripheral_sysctrl.o
    0x0202a8a4   0x0202a8a4   0x0000003a   Code   RO         1497    .text.TIMER1_IrqHandler  ctrl_emi.o
    0x0202a8de   0x0202a8de   0x00000002   PAD
    0x0202a8e0   0x0202a8e0   0x00000042   Code   RO          816    .text.TMR_Enable    peripheral_timer.o
    0x0202a922   0x0202a922   0x00000002   PAD
    0x0202a924   0x0202a924   0x0000006e   Code   RO          812    .text.TMR_GetClk    peripheral_timer.o
    0x0202a992   0x0202a992   0x00000002   PAD
    0x0202a994   0x0202a994   0x00000028   Code   RO          824    .text.TMR_IntClr    peripheral_timer.o
    0x0202a9bc   0x0202a9bc   0x00000042   Code   RO          818    .text.TMR_IntEnable  peripheral_timer.o
    0x0202a9fe   0x0202a9fe   0x00000002   PAD
    0x0202aa00   0x0202aa00   0x0000006c   Code   RO          828    .text.TMR_PauseEnable  peripheral_timer.o
    0x0202aa6c   0x0202aa6c   0x00000048   Code   RO          810    .text.TMR_SetOpMode  peripheral_timer.o
    0x0202aab4   0x0202aab4   0x0000001e   Code   RO          814    .text.TMR_SetReload  peripheral_timer.o
    0x0202aad2   0x0202aad2   0x00000002   PAD
    0x0202aad4   0x0202aad4   0x00000016   Code   RO          891    .text.UART_SendData  peripheral_uart.o
    0x0202aaea   0x0202aaea   0x00000002   PAD
    0x0202aaec   0x0202aaec   0x00000038   Code   RO         1646    .text.UCM_Command_Dispatch  ctrl.o
    0x0202ab24   0x0202ab24   0x00000072   Code   RO         1648    .text.UCM_Command_Dispatch_Modify_USB_Info  ctrl.o
    0x0202ab96   0x0202ab96   0x00000002   PAD
    0x0202ab98   0x0202ab98   0x0000004c   Code   RO         1636    .text.UCM_Dispatch  ctrl.o
    0x0202abe4   0x0202abe4   0x000001fe   Code   RO         1638    .text.UCM_Packaging_Dispatch  ctrl.o
    0x0202ade2   0x0202ade2   0x00000002   PAD
    0x0202ade4   0x0202ade4   0x00000016   Code   RO         1644    .text.UCM_Packaging_Set_Idle  ctrl.o
    0x0202adfa   0x0202adfa   0x00000002   PAD
    0x0202adfc   0x0202adfc   0x00000094   Code   RO         1267    .text.USB_CancelTransfert  peripheral_usb.o
    0x0202ae90   0x0202ae90   0x000000ea   Code   RO         1269    .text.USB_CheckTransferCondition  peripheral_usb.o
    0x0202af7a   0x0202af7a   0x00000002   PAD
    0x0202af7c   0x0202af7c   0x00000030   Code   RO         1321    .text.USB_Close     peripheral_usb.o
    0x0202afac   0x0202afac   0x000000a8   Code   RO         1263    .text.USB_ClrConfig  peripheral_usb.o
    0x0202b054   0x0202b054   0x000000b2   Code   RO         1293    .text.USB_ConfigureEp  peripheral_usb.o
    0x0202b106   0x0202b106   0x00000002   PAD
    0x0202b108   0x0202b108   0x00000138   Code   RO         1289    .text.USB_ContinueTransfer  peripheral_usb.o
    0x0202b240   0x0202b240   0x00000040   Code   RO         1243    .text.USB_CoreReset  peripheral_usb.o
    0x0202b280   0x0202b280   0x00000064   Code   RO         1253    .text.USB_DeviceInitialization  peripheral_usb.o
    0x0202b2e4   0x0202b2e4   0x000000a0   Code   RO         1255    .text.USB_DeviceSetThreshold  peripheral_usb.o
    0x0202b384   0x0202b384   0x000001d8   Code   RO         1273    .text.USB_DisableEp  peripheral_usb.o
    0x0202b55c   0x0202b55c   0x0000002e   Code   RO         1303    .text.USB_EP0StatusIn  peripheral_usb.o
    0x0202b58a   0x0202b58a   0x00000002   PAD
    0x0202b58c   0x0202b58c   0x00000028   Code   RO         1305    .text.USB_EP0StatusOut  peripheral_usb.o
    0x0202b5b4   0x0202b5b4   0x000001c0   Code   RO         1291    .text.USB_EnableEp  peripheral_usb.o
    0x0202b774   0x0202b774   0x0000005a   Code   RO         1251    .text.USB_FlushRXFifo  peripheral_usb.o
    0x0202b7ce   0x0202b7ce   0x00000002   PAD
    0x0202b7d0   0x0202b7d0   0x000000a2   Code   RO         1249    .text.USB_FlushTXFifo  peripheral_usb.o
    0x0202b872   0x0202b872   0x00000002   PAD
    0x0202b874   0x0202b874   0x0000000a   Code   RO         1307    .text.USB_GetEp0SetupData  peripheral_usb.o
    0x0202b87e   0x0202b87e   0x00000002   PAD
    0x0202b880   0x0202b880   0x00000018   Code   RO         1281    .text.USB_GetMaxPacketSize  peripheral_usb.o
    0x0202b898   0x0202b898   0x00000016   Code   RO         1279    .text.USB_GetMaxTransferSize  peripheral_usb.o
    0x0202b8ae   0x0202b8ae   0x00000002   PAD
    0x0202b8b0   0x0202b8b0   0x00000034   Code   RO         1277    .text.USB_GetSetupPacket  peripheral_usb.o
    0x0202b8e4   0x0202b8e4   0x000001be   Code   RO         1283    .text.USB_GetTransferSize  peripheral_usb.o
    0x0202baa2   0x0202baa2   0x00000002   PAD
    0x0202baa4   0x0202baa4   0x000001cc   Code   RO         1311    .text.USB_HandleEp0  peripheral_usb.o
    0x0202bc70   0x0202bc70   0x00000064   Code   RO         1265    .text.USB_InitConfig  peripheral_usb.o
    0x0202bcd4   0x0202bcd4   0x000004e8   Code   RO         1313    .text.USB_IrqHandler  peripheral_usb.o
    0x0202c1bc   0x0202c1bc   0x000000a2   Code   RO         1295    .text.USB_IsEpStall  peripheral_usb.o
    0x0202c25e   0x0202c25e   0x00000002   PAD
    0x0202c260   0x0202c260   0x00000170   Code   RO         1285    .text.USB_NewTransfer  peripheral_usb.o
    0x0202c3d0   0x0202c3d0   0x00000042   Code   RO         1297    .text.USB_PCStopPhyClcok  peripheral_usb.o
    0x0202c412   0x0202c412   0x00000002   PAD
    0x0202c414   0x0202c414   0x00000016   Code   RO         1261    .text.USB_ReInit    peripheral_usb.o
    0x0202c42a   0x0202c42a   0x00000002   PAD
    0x0202c42c   0x0202c42c   0x000000ae   Code   RO         1301    .text.USB_RecvData  peripheral_usb.o
    0x0202c4da   0x0202c4da   0x00000002   PAD
    0x0202c4dc   0x0202c4dc   0x00000084   Code   RO         1257    .text.USB_ResetAndConfig  peripheral_usb.o
    0x0202c560   0x0202c560   0x000000b2   Code   RO         1259    .text.USB_ResetTransfert  peripheral_usb.o
    0x0202c612   0x0202c612   0x00000002   PAD
    0x0202c614   0x0202c614   0x000000ae   Code   RO         1299    .text.USB_SendData  peripheral_usb.o
    0x0202c6c2   0x0202c6c2   0x00000002   PAD
    0x0202c6c4   0x0202c6c4   0x0000002e   Code   RO         1309    .text.USB_SetEp0Stall  peripheral_usb.o
    0x0202c6f2   0x0202c6f2   0x00000002   PAD
    0x0202c6f4   0x0202c6f4   0x000000e8   Code   RO         1275    .text.USB_SetStallEp  peripheral_usb.o
    0x0202c7dc   0x0202c7dc   0x00000052   Code   RO         1247    .text.USB_SetupDataFifo  peripheral_usb.o
    0x0202c82e   0x0202c82e   0x00000002   PAD
    0x0202c830   0x0202c830   0x00000100   Code   RO         1287    .text.USB_StartTransfer  peripheral_usb.o
    0x0202c930   0x0202c930   0x000000a2   Code   RO         1339    .text._DoInit       trace.o
    0x0202c9d2   0x0202c9d2   0x00000002   PAD
    0x0202c9d4   0x0202c9d4   0x0000003e   Code   RO         1351    .text._GetAvailWriteSpace  trace.o
    0x0202ca12   0x0202ca12   0x00000002   PAD
    0x0202ca14   0x0202ca14   0x000000e0   Code   RO         1355    .text._WriteBlocking  trace.o
    0x0202caf4   0x0202caf4   0x00000088   Code   RO         1353    .text._WriteNoCheck  trace.o
    0x0202cb7c   0x0202cb7c   0x00000078   Code   RO          845    .text.apUART_BaudRateSet  peripheral_uart.o
    0x0202cbf4   0x0202cbf4   0x00000010   Code   RO          857    .text.apUART_Check_TXFIFO_FULL  peripheral_uart.o
    0x0202cc04   0x0202cc04   0x0000009e   Code   RO          889    .text.apUART_Initialize  peripheral_uart.o
    0x0202cca2   0x0202cca2   0x00000002   PAD
    0x0202cca4   0x0202cca4   0x00000038   Code   RO           12    .text.app_main      main.o
    0x0202ccdc   0x0202ccdc   0x00000026   Code   RO          110    .text.att_read_callback  profile.o
    0x0202cd02   0x0202cd02   0x00000002   PAD
    0x0202cd04   0x0202cd04   0x0000002e   Code   RO          112    .text.att_write_callback  profile.o
    0x0202cd32   0x0202cd32   0x00000002   PAD
    0x0202cd34   0x0202cd34   0x00000026   Code   RO         1810    .text.bsp_usb_disable  bsp_usb_hid_iap.o
    0x0202cd5a   0x0202cd5a   0x00000002   PAD
    0x0202cd5c   0x0202cd5c   0x000008c6   Code   RO         1808    .text.bsp_usb_event_handler  bsp_usb_hid_iap.o
    0x0202d622   0x0202d622   0x00000002   PAD
    0x0202d624   0x0202d624   0x0000003c   Code   RO         1826    .text.bsp_usb_hid_iap_push_rx_data_to_user  bsp_usb_hid_iap.o
    0x0202d660   0x0202d660   0x00000046   Code   RO         1780    .text.bsp_usb_hid_iap_recv_callback  iap_transport.o
    0x0202d6a6   0x0202d6a6   0x00000002   PAD
    0x0202d6a8   0x0202d6a8   0x00000014   Code   RO         1822    .text.bsp_usb_hid_iap_recv_callback_register  bsp_usb_hid_iap.o
    0x0202d6bc   0x0202d6bc   0x000000cc   Code   RO         1814    .text.bsp_usb_hid_iap_send  bsp_usb_hid_iap.o
    0x0202d788   0x0202d788   0x0000003c   Code   RO         1830    .text.bsp_usb_hid_ucm_push_rx_data_to_user  bsp_usb_hid_iap.o
    0x0202d7c4   0x0202d7c4   0x0000006e   Code   RO         1630    .text.bsp_usb_hid_ucm_recv_callback  ctrl.o
    0x0202d832   0x0202d832   0x00000002   PAD
    0x0202d834   0x0202d834   0x00000014   Code   RO         1824    .text.bsp_usb_hid_ucm_recv_callback_register  bsp_usb_hid_iap.o
    0x0202d848   0x0202d848   0x000000cc   Code   RO         1818    .text.bsp_usb_hid_ucm_send  bsp_usb_hid_iap.o
    0x0202d914   0x0202d914   0x00000074   Code   RO         1806    .text.bsp_usb_init  bsp_usb_hid_iap.o
    0x0202d988   0x0202d988   0x0000004c   Code   RO         1543    .text.bsp_usb_send_failed  ctrl_emi.o
    0x0202d9d4   0x0202d9d4   0x0000005a   Code   RO         1539    .text.bsp_usb_send_success  ctrl_emi.o
    0x0202da2e   0x0202da2e   0x00000002   PAD
    0x0202da30   0x0202da30   0x00000064   Code   RO         1640    .text.bsp_usb_ucm_normal_send_result  ctrl.o
    0x0202da94   0x0202da94   0x0000003c   Code   RO         1828    .text.bsp_usp_hid_ctl_rx_data_trigger  bsp_usb_hid_iap.o
    0x0202dad0   0x0202dad0   0x0000005e   Code   RO         1816    .text.bsp_usp_hid_iap_tx_data_trigger  bsp_usb_hid_iap.o
    0x0202db2e   0x0202db2e   0x00000002   PAD
    0x0202db30   0x0202db30   0x0000003c   Code   RO         1832    .text.bsp_usp_hid_ucm_rx_data_trigger  bsp_usb_hid_iap.o
    0x0202db6c   0x0202db6c   0x00000050   Code   RO         1820    .text.bsp_usp_hid_ucm_tx_data_trigger  bsp_usb_hid_iap.o
    0x0202dbbc   0x0202dbbc   0x0000000c   Code   RO          118    .text.btstack_event_state_get_state  profile.o
    0x0202dbc8   0x0202dbc8   0x00000038   Code   RO         1541    .text.calc_sum_8    ctrl_emi.o
    0x0202dc00   0x0202dc00   0x00000036   Code   RO         1642    .text.calc_sum_8    ctrl.o
    0x0202dc36   0x0202dc36   0x00000002   PAD
    0x0202dc38   0x0202dc38   0x00000030   Code   RO           16    .text.cb_assertion  main.o
    0x0202dc68   0x0202dc68   0x00000050   Code   RO           14    .text.cb_hard_fault  main.o
    0x0202dcb8   0x0202dcb8   0x0000002c   Code   RO           18    .text.cb_heap_out_of_mem  main.o
    0x0202dce4   0x0202dce4   0x00000034   Code   RO            2    .text.cb_putc       main.o
    0x0202dd18   0x0202dd18   0x0000008c   Code   RO         1417    .text.cb_trace_rtt  trace.o
    0x0202dda4   0x0202dda4   0x00000056   Code   RO            6    .text.config_uart   main.o
    0x0202ddfa   0x0202ddfa   0x00000002   PAD
    0x0202ddfc   0x0202ddfc   0x00000056   Code   RO         1557    .text.convert_payload_model  ctrl_emi.o
    0x0202de52   0x0202de52   0x00000002   PAD
    0x0202de54   0x0202de54   0x000000c4   Code   RO         1563    .text.convert_tx_power  ctrl_emi.o
    0x0202df18   0x0202df18   0x0000007c   Code   RO          164    .text.copy_security_data  eflash.o
    0x0202df94   0x0202df94   0x00000020   Code   RO         1865    .text.custom_main_loop  cust_main.o
    0x0202dfb4   0x0202dfb4   0x0000004a   Code   RO         1583    .text.custom_sweep_24g_carrier_task  ctrl_emi.o
    0x0202dffe   0x0202dffe   0x00000002   PAD
    0x0202e000   0x0202e000   0x0000004a   Code   RO         1581    .text.custom_sweep_24g_tx_v4_task  ctrl_emi.o
    0x0202e04a   0x0202e04a   0x00000002   PAD
    0x0202e04c   0x0202e04c   0x0000004a   Code   RO         1579    .text.custom_sweep_tx_v4_task  ctrl_emi.o
    0x0202e096   0x0202e096   0x00000002   PAD
    0x0202e098   0x0202e098   0x0000005a   Code   RO         1523    .text.dequeue_request  ctrl_emi.o
    0x0202e0f2   0x0202e0f2   0x00000002   PAD
    0x0202e0f4   0x0202e0f4   0x00000012   Code   RO           86    .text.dummy_event_create  noos_impl.o
    0x0202e106   0x0202e106   0x00000002   PAD
    0x0202e108   0x0202e108   0x00000008   Code   RO           78    .text.dummy_event_set  noos_impl.o
    0x0202e110   0x0202e110   0x0000000a   Code   RO           76    .text.dummy_event_wait  noos_impl.o
    0x0202e11a   0x0202e11a   0x00000002   PAD
    0x0202e11c   0x0202e11c   0x0000001e   Code   RO         1519    .text.emi_enable    ctrl_emi.o
    0x0202e13a   0x0202e13a   0x00000002   PAD
    0x0202e13c   0x0202e13c   0x00000160   Code   RO         1545    .text.emi_forward_process  ctrl_emi.o
    0x0202e29c   0x0202e29c   0x00000036   Code   RO         1507    .text.emi_has_running_test_or_task  ctrl_emi.o
    0x0202e2d2   0x0202e2d2   0x00000002   PAD
    0x0202e2d4   0x0202e2d4   0x000000d0   Code   RO         1517    .text.emi_init      ctrl_emi.o
    0x0202e3a4   0x0202e3a4   0x00000272   Code   RO         1511    .text.emi_loop      ctrl_emi.o
    0x0202e616   0x0202e616   0x00000002   PAD
    0x0202e618   0x0202e618   0x00000138   Code   RO         1547    .text.emi_star_a_test  ctrl_emi.o
    0x0202e750   0x0202e750   0x0000025c   Code   RO         1587    .text.emi_start_process  ctrl_emi.o
    0x0202e9ac   0x0202e9ac   0x00000034   Code   RO         1505    .text.emi_state_busy  ctrl_emi.o
    0x0202e9e0   0x0202e9e0   0x00000128   Code   RO         1533    .text.emi_stop_a_test  ctrl_emi.o
    0x0202eb08   0x0202eb08   0x00000100   Code   RO         1531    .text.emi_stop_process  ctrl_emi.o
    0x0202ec08   0x0202ec08   0x0000002e   Code   RO         1493    .text.emi_test_set_timeout  ctrl_emi.o
    0x0202ec36   0x0202ec36   0x00000002   PAD
    0x0202ec38   0x0202ec38   0x0000008a   Code   RO         1537    .text.emi_test_stop_hci_test  ctrl_emi.o
    0x0202ecc2   0x0202ecc2   0x00000002   PAD
    0x0202ecc4   0x0202ecc4   0x0000004e   Code   RO         1495    .text.emi_test_wait_timeout  ctrl_emi.o
    0x0202ed12   0x0202ed12   0x00000002   PAD
    0x0202ed14   0x0202ed14   0x0000000e   Code   RO         1527    .text.emi_trigger_forward_process  ctrl_emi.o
    0x0202ed22   0x0202ed22   0x00000002   PAD
    0x0202ed24   0x0202ed24   0x0000000e   Code   RO         1529    .text.emi_trigger_start_process  ctrl_emi.o
    0x0202ed32   0x0202ed32   0x00000002   PAD
    0x0202ed34   0x0202ed34   0x0000000e   Code   RO         1525    .text.emi_trigger_stop_process  ctrl_emi.o
    0x0202ed42   0x0202ed42   0x00000002   PAD
    0x0202ed44   0x0202ed44   0x0000001c   Code   RO           80    .text.enter_critical  noos_impl.o
    0x0202ed60   0x0202ed60   0x0000001a   Code   RO          146    .text.erase_flash_sector  eflash.o
    0x0202ed7a   0x0202ed7a   0x00000002   PAD
    0x0202ed7c   0x0202ed7c   0x000000b2   Code   RO         1553    .text.find_tx_power_index_cw  ctrl_emi.o
    0x0202ee2e   0x0202ee2e   0x00000002   PAD
    0x0202ee30   0x0202ee30   0x000000b2   Code   RO         1559    .text.find_tx_power_index_rf_test  ctrl_emi.o
    0x0202eee2   0x0202eee2   0x00000002   PAD
    0x0202eee4   0x0202eee4   0x00000026   Code   RO          168    .text.flash_get_factory_calib_data  eflash.o
    0x0202ef0a   0x0202ef0a   0x00000002   PAD
    0x0202ef0c   0x0202ef0c   0x000000a2   Code   RO          160    .text.flash_prepare_factory_data  eflash.o
    0x0202efae   0x0202efae   0x00000002   PAD
    0x0202efb0   0x0202efb0   0x0000003a   Code   RO         1758    .text.flash_read_protection_status  iap_flash_wp.o
    0x0202efea   0x0202efea   0x00000002   PAD
    0x0202efec   0x0202efec   0x00000080   Code   RO         1754    .text.flash_write_protection_config  iap_flash_wp.o
    0x0202f06c   0x0202f06c   0x000000ca   Code   RO         1752    .text.flash_write_protection_set  iap_flash_wp.o
    0x0202f136   0x0202f136   0x00000002   PAD
    0x0202f138   0x0202f138   0x0000001a   Code   RO            4    .text.fputc         main.o
    0x0202f152   0x0202f152   0x00000002   PAD
    0x0202f154   0x0202f154   0x0000003a   Code   RO         1482    .text.getCRC16      crc16.o
    0x0202f18e   0x0202f18e   0x00000002   PAD
    0x0202f190   0x0202f190   0x00000034   Code   RO          721    .text.get_safe_divider  peripheral_sysctrl.o
    0x0202f1c4   0x0202f1c4   0x00000034   Code   RO          743    .text.get_safe_divider10  peripheral_sysctrl.o
    0x0202f1f8   0x0202f1f8   0x00000034   Code   RO          739    .text.get_safe_divider6  peripheral_sysctrl.o
    0x0202f22c   0x0202f22c   0x000000a2   Code   RO          104    .text.hci_cmd_cmpl_user_handler  profile.o
    0x0202f2ce   0x0202f2ce   0x00000002   PAD
    0x0202f2d0   0x0202f2d0   0x00000066   Code   RO          102    .text.hci_command_complete_user_handler_register  profile.o
    0x0202f336   0x0202f336   0x00000002   PAD
    0x0202f338   0x0202f338   0x0000000e   Code   RO          106    .text.hci_event_command_complete_get_command_opcode  profile.o
    0x0202f346   0x0202f346   0x00000002   PAD
    0x0202f348   0x0202f348   0x0000000c   Code   RO         1593    .text.hci_event_command_complete_get_return_parameters  ctrl_emi.o
    0x0202f354   0x0202f354   0x0000000c   Code   RO          120    .text.hci_event_le_meta_get_subevent_code  profile.o
    0x0202f360   0x0202f360   0x0000000c   Code   RO          116    .text.hci_event_packet_get_type  profile.o
    0x0202f36c   0x0202f36c   0x0000000c   Code   RO          122    .text.hci_event_packet_get_user_msg  profile.o
    0x0202f378   0x0202f378   0x000000b4   Code   RO         1455    .text.hex_dump      trace.o
    0x0202f42c   0x0202f42c   0x000000a6   Code   RO         1459    .text.hex_dump_line  trace.o
    0x0202f4d2   0x0202f4d2   0x00000002   PAD
    0x0202f4d4   0x0202f4d4   0x00000010   Code   RO           84    .text.idle_process  noos_impl.o
    0x0202f4e4   0x0202f4e4   0x0000006c   Code   RO         1881    .text.ing2p4g_rst   EMI_test.lib(test_emi.o)
    0x0202f550   0x0202f550   0x000000a4   Code   RO         1515    .text.inqueue_request  ctrl_emi.o
    0x0202f5f4   0x0202f5f4   0x00000066   Code   RO         1708    .text.isCheckHeaderValid  iap_application.o
    0x0202f65a   0x0202f65a   0x00000002   PAD
    0x0202f65c   0x0202f65c   0x00000042   Code   RO          162    .text.is_data_ready  eflash.o
    0x0202f69e   0x0202f69e   0x00000002   PAD
    0x0202f6a0   0x0202f6a0   0x000001fa   Code   RO         1585    .text.iteration_dif_case  ctrl_emi.o
    0x0202f89a   0x0202f89a   0x00000002   PAD
    0x0202f89c   0x0202f89c   0x0000001c   Code   RO           82    .text.leave_critical  noos_impl.o
    0x0202f8b8   0x0202f8b8   0x00000024   Code   RO         1461    .text.nibble_to_char  trace.o
    0x0202f8dc   0x0202f8dc   0x00000036   Code   RO           46    .text.noos_start    noos_impl.o
    0x0202f912   0x0202f912   0x00000002   PAD
    0x0202f914   0x0202f914   0x00000024   Code   RO         1245    .text.nop           peripheral_usb.o
    0x0202f938   0x0202f938   0x00000024   Code   RO         2020    .text.nop           EMI_test.lib(common.o)
    0x0202f95c   0x0202f95c   0x0000000c   Code   RO           10    .text.on_lle_init   main.o
    0x0202f968   0x0202f968   0x0000000a   Code   RO           54    .text.os_impl_get_driver  noos_impl.o
    0x0202f972   0x0202f972   0x00000002   PAD
    0x0202f974   0x0202f974   0x00000002   Code   RO           52    .text.pendsv_isr    noos_impl.o
    0x0202f976   0x0202f976   0x00000002   PAD
    0x0202f978   0x0202f978   0x0000001a   Code   RO          148    .text.program_flash  eflash.o
    0x0202f992   0x0202f992   0x00000002   PAD
    0x0202f994   0x0202f994   0x000000aa   Code   RO         1743    .text.program_fota_metadata  iap_bootloader.o
    0x0202fa3e   0x0202fa3e   0x00000002   PAD
    0x0202fa40   0x0202fa40   0x0000002e   Code   RO           70    .text.queue_create  noos_impl.o
    0x0202fa6e   0x0202fa6e   0x00000002   PAD
    0x0202fa70   0x0202fa70   0x0000001e   Code   RO         1521    .text.queue_is_empty  ctrl_emi.o
    0x0202fa8e   0x0202fa8e   0x00000002   PAD
    0x0202fa90   0x0202fa90   0x0000006c   Code   RO           74    .text.queue_recv_msg  noos_impl.o
    0x0202fafc   0x0202fafc   0x0000004c   Code   RO           72    .text.queue_send_msg  noos_impl.o
    0x0202fb48   0x0202fb48   0x00000048   Code   RO          156    .text.read_flash_security  eflash.o
    0x0202fb90   0x0202fb90   0x0000005a   Code   RO          158    .text.read_flash_security0  eflash.o
    0x0202fbea   0x0202fbea   0x00000002   PAD
    0x0202fbec   0x0202fbec   0x0000006c   Code   RO         1480    .text.rom_crc16_large  crc16.o
    0x0202fc58   0x0202fc58   0x00000006   Code   RO          176    .text.security_page_read  eflash.o
    0x0202fc5e   0x0202fc5e   0x00000002   PAD
    0x0202fc60   0x0202fc60   0x0000007e   Code   RO         1650    .text.send_modify_usb_info_result  ctrl.o
    0x0202fcde   0x0202fcde   0x00000002   PAD
    0x0202fce0   0x0202fce0   0x0000001a   Code   RO         1535    .text.setState      ctrl_emi.o
    0x0202fcfa   0x0202fcfa   0x00000002   PAD
    0x0202fcfc   0x0202fcfc   0x00000038   Code   RO          671    .text.set_reg_bit   peripheral_sysctrl.o
    0x0202fd34   0x0202fd34   0x0000004c   Code   RO          431    .text.set_reg_bits  peripheral_pinctrl.o
    0x0202fd80   0x0202fd80   0x00000042   Code   RO          673    .text.set_reg_bits  peripheral_sysctrl.o
    0x0202fdc2   0x0202fdc2   0x00000002   PAD
    0x0202fdc4   0x0202fdc4   0x00000014   Code   RO            8    .text.setup_peripherals  main.o
    0x0202fdd8   0x0202fdd8   0x0000005a   Code   RO          108    .text.setup_profile  profile.o
    0x0202fe32   0x0202fe32   0x00000002   PAD
    0x0202fe34   0x0202fe34   0x000000a8   Code   RO          429    .text.source_id_on_pin  peripheral_pinctrl.o
    0x0202fedc   0x0202fedc   0x0000005c   Code   RO         1571    .text.start_custom_sweep_24g_carrier  ctrl_emi.o
    0x0202ff38   0x0202ff38   0x00000088   Code   RO         1569    .text.start_custom_sweep_24g_tx_v4  ctrl_emi.o
    0x0202ffc0   0x0202ffc0   0x00000086   Code   RO         1567    .text.start_custom_sweep_tx_v4  ctrl_emi.o
    0x02030046   0x02030046   0x00000002   PAD
    0x02030048   0x02030048   0x0000004c   Code   RO         1551    .text.start_cw      ctrl_emi.o
    0x02030094   0x02030094   0x0000004c   Code   RO         1573    .text.start_rx_v2   ctrl_emi.o
    0x020300e0   0x020300e0   0x0000007c   Code   RO         1565    .text.start_sweep_carrier  ctrl_emi.o
    0x0203015c   0x0203015c   0x000000a8   Code   RO         1561    .text.start_sweep_tx_v4  ctrl_emi.o
    0x02030204   0x02030204   0x00000442   Code   RO         1549    .text.start_test_dif_case  ctrl_emi.o
    0x02030646   0x02030646   0x00000002   PAD
    0x02030648   0x02030648   0x00000062   Code   RO         1555    .text.start_tx_v4   ctrl_emi.o
    0x020306aa   0x020306aa   0x00000002   PAD
    0x020306ac   0x020306ac   0x00000002   Code   RO           50    .text.svc_isr       noos_impl.o
    0x020306ae   0x020306ae   0x00000002   PAD
    0x020306b0   0x020306b0   0x0000004a   Code   RO         1577    .text.sweep_carrier_task  ctrl_emi.o
    0x020306fa   0x020306fa   0x00000002   PAD
    0x020306fc   0x020306fc   0x0000004a   Code   RO         1575    .text.sweep_tx_v4_task  ctrl_emi.o
    0x02030746   0x02030746   0x00000002   PAD
    0x02030748   0x02030748   0x0000004a   Code   RO           68    .text.task_create   noos_impl.o
    0x02030792   0x02030792   0x00000002   PAD
    0x02030794   0x02030794   0x00000002   Code   RO           48    .text.tick_isr      noos_impl.o
    0x02030796   0x02030796   0x00000002   PAD
    0x02030798   0x02030798   0x00000050   Code   RO           58    .text.timer_cb      noos_impl.o
    0x020307e8   0x020307e8   0x0000000a   Code   RO           30    .text.timer_cb_0    noos_impl.o
    0x020307f2   0x020307f2   0x00000002   PAD
    0x020307f4   0x020307f4   0x0000000a   Code   RO           32    .text.timer_cb_1    noos_impl.o
    0x020307fe   0x020307fe   0x00000002   PAD
    0x02030800   0x02030800   0x0000000a   Code   RO           34    .text.timer_cb_2    noos_impl.o
    0x0203080a   0x0203080a   0x00000002   PAD
    0x0203080c   0x0203080c   0x0000000a   Code   RO           36    .text.timer_cb_3    noos_impl.o
    0x02030816   0x02030816   0x00000002   PAD
    0x02030818   0x02030818   0x0000000a   Code   RO           38    .text.timer_cb_4    noos_impl.o
    0x02030822   0x02030822   0x00000002   PAD
    0x02030824   0x02030824   0x0000000a   Code   RO           40    .text.timer_cb_5    noos_impl.o
    0x0203082e   0x0203082e   0x00000002   PAD
    0x02030830   0x02030830   0x0000000a   Code   RO           42    .text.timer_cb_6    noos_impl.o
    0x0203083a   0x0203083a   0x00000002   PAD
    0x0203083c   0x0203083c   0x0000000a   Code   RO           44    .text.timer_cb_7    noos_impl.o
    0x02030846   0x02030846   0x00000002   PAD
    0x02030848   0x02030848   0x000000c2   Code   RO           60    .text.timer_create  noos_impl.o
    0x0203090a   0x0203090a   0x00000002   PAD
    0x0203090c   0x0203090c   0x00000020   Code   RO           66    .text.timer_delete  noos_impl.o
    0x0203092c   0x0203092c   0x0000001e   Code   RO           62    .text.timer_start   noos_impl.o
    0x0203094a   0x0203094a   0x00000002   PAD
    0x0203094c   0x0203094c   0x00000018   Code   RO           64    .text.timer_stop    noos_impl.o
    0x02030964   0x02030964   0x000000fc   Code   RO         1453    .text.trace_full_dump2  trace.o
    0x02030a60   0x02030a60   0x0000000e   Code   RO         1431    .text.trace_rtt_init  trace.o
    0x02030a6e   0x02030a6e   0x00000002   PAD
    0x02030a70   0x02030a70   0x0000001c   Code   RO         1634    .text.ucm_emi_enable  ctrl.o
    0x02030a8c   0x02030a8c   0x0000001e   Code   RO         1628    .text.ucm_init      ctrl.o
    0x02030aaa   0x02030aaa   0x00000002   PAD
    0x02030aac   0x02030aac   0x00000020   Code   RO         1632    .text.ucm_loop      ctrl.o
    0x02030acc   0x02030acc   0x000000c8   Code   RO         1509    .text.update_running_task_flag  ctrl_emi.o
    0x02030b94   0x02030b94   0x00000012   Code   RO          124    .text.user_msg_handler  profile.o
    0x02030ba6   0x02030ba6   0x00000002   PAD
    0x02030ba8   0x02030ba8   0x000000e0   Code   RO          114    .text.user_packet_handler  profile.o
    0x02030c88   0x02030c88   0x00000046   Code   RO          152    .text.write_flash   eflash.o
    0x02030cce   0x02030cce   0x00000002   PAD
    0x02030cd0   0x02030cd0   0x000000d4   Code   RO          150    .text.write_flash0  eflash.o
    0x02030da4   0x02030da4   0x0000000a   Ven    RO         2345    Veneer$$Code        anon$$obj.o
    0x02030dae   0x02030dae   0x0000000a   Ven    RO         2346    Veneer$$Code        anon$$obj.o
    0x02030db8   0x02030db8   0x00000028   Code   RO         2238    i.__0sprintf        mc_w.l(printfa.o)
    0x02030de0   0x02030de0   0x0000000e   Code   RO         2339    i.__scatterload_copy  mc_w.l(handlers.o)
    0x02030dee   0x02030dee   0x00000002   Code   RO         2340    i.__scatterload_null  mc_w.l(handlers.o)
    0x02030df0   0x02030df0   0x0000000e   Code   RO         2341    i.__scatterload_zeroinit  mc_w.l(handlers.o)
    0x02030dfe   0x02030dfe   0x00000002   PAD
    0x02030e00   0x02030e00   0x00000184   Code   RO         2243    i._fp_digits        mc_w.l(printfa.o)
    0x02030f84   0x02030f84   0x000006dc   Code   RO         2244    i._printf_core      mc_w.l(printfa.o)
    0x02031660   0x02031660   0x00000024   Code   RO         2245    i._printf_post_padding  mc_w.l(printfa.o)
    0x02031684   0x02031684   0x0000002e   Code   RO         2246    i._printf_pre_padding  mc_w.l(printfa.o)
    0x020316b2   0x020316b2   0x0000000a   Code   RO         2248    i._sputc            mc_w.l(printfa.o)
    0x020316bc   0x020316bc   0x00000050   Code   RO         2263    i.free              mc_w.l(malloc.o)
    0x0203170c   0x0203170c   0x0000006c   Code   RO         2264    i.malloc            mc_w.l(malloc.o)
    0x02031778   0x02031778   0x00000024   Code   RO         2211    i.puts              mc_w.l(puts.o)
    0x0203179c   0x0203179c   0x00000062   Data   RO         1835    .rodata.ConfigDescriptor  bsp_usb_hid_iap.o
    0x020317fe   0x020317fe   0x00000002   PAD
    0x02031800   0x02031800   0x00000012   Data   RO         1834    .rodata.DeviceDescriptor  bsp_usb_hid_iap.o
    0x02031812   0x02031812   0x00000002   PAD
    0x02031814   0x02031814   0x000000d3   Data   RO         1841    .rodata.ReportCtlDescriptor  bsp_usb_hid_iap.o
    0x020318e7   0x020318e7   0x00000001   PAD
    0x020318e8   0x020318e8   0x00000044   Data   RO         1839    .rodata.ReportKeyDescriptor  bsp_usb_hid_iap.o
    0x0203192c   0x0203192c   0x00000022   Data   RO         1840    .rodata.ReportViaDescriptor  bsp_usb_hid_iap.o
    0x0203194e   0x0203194e   0x00000002   PAD
    0x02031950   0x02031950   0x00000004   Data   RO         1836    .rodata.StringDescriptor_0  bsp_usb_hid_iap.o
    0x02031954   0x02031954   0x00000012   Data   RO         1837    .rodata.StringDescriptor_1  bsp_usb_hid_iap.o
    0x02031966   0x02031966   0x00000002   PAD
    0x02031968   0x02031968   0x00000010   Data   RO         1838    .rodata.StringDescriptor_2  bsp_usb_hid_iap.o
    0x02031978   0x02031978   0x00000100   Data   RO         1484    .rodata.auchCRCHi   crc16.o
    0x02031a78   0x02031a78   0x00000100   Data   RO         1485    .rodata.auchCRCLo   crc16.o
    0x02031b78   0x02031b78   0x0000000d   Data   RO         1734    .rodata.bChipID     iap_application.o
    0x02031b85   0x02031b85   0x0000000d   Data   RO         1735    .rodata.bItemStr    iap_application.o
    0x02031b92   0x02031b92   0x00000009   Data   RO         1733    .rodata.bUpgradeFlag  iap_application.o
    0x02031b9b   0x02031b9b   0x00000001   PAD
    0x02031b9c   0x02031b9c   0x00000010   Data   RO         1745    .rodata.cst16       iap_bootloader.o
    0x02031bac   0x02031bac   0x0000004c   Data   RO           91    .rodata.driver      noos_impl.o
    0x02031bf8   0x02031bf8   0x00000060   Data   RO           21    .rodata.evt_cb_table  main.o
    0x02031c58   0x02031c58   0x0000031e   Data   RO          447    .rodata.io_output_source_map  peripheral_pinctrl.o
    0x02031f76   0x02031f76   0x00000002   PAD
    0x02031f78   0x02031f78   0x00000200   Data   RO         1891    .rodata.mem_ini_rtl_0dB  EMI_test.lib(test_emi.o)
    0x02032178   0x02032178   0x00000200   Data   RO         1892    .rodata.mem_ini_rtl_max  EMI_test.lib(test_emi.o)
    0x02032378   0x02032378   0x00000048   Data   RO          178    .rodata.prog_security_page_read  eflash.o
    0x020323c0   0x020323c0   0x0000008d   Data   RO           22    .rodata.str1.1      main.o
    0x0203244d   0x0203244d   0x0000000c   Data   RO           92    .rodata.str1.1      noos_impl.o
    0x02032459   0x02032459   0x0000000f   Data   RO          128    .rodata.str1.1      profile.o
    0x02032468   0x02032468   0x0000003c   Data   RO         1466    .rodata.str1.1      trace.o
    0x020324a4   0x020324a4   0x0000072d   Data   RO         1602    .rodata.str1.1      ctrl_emi.o
    0x02032bd1   0x02032bd1   0x00000142   Data   RO         1652    .rodata.str1.1      ctrl.o
    0x02032d13   0x02032d13   0x0000000f   Data   RO         1665    .rodata.str1.1      iap_916.o
    0x02032d22   0x02032d22   0x000006c6   Data   RO         1731    .rodata.str1.1      iap_application.o
    0x020333e8   0x020333e8   0x00000046   Data   RO         1762    .rodata.str1.1      iap_flash_wp.o
    0x0203342e   0x0203342e   0x000001b6   Data   RO         1798    .rodata.str1.1      iap_transport.o
    0x020335e4   0x020335e4   0x0000002e   Data   RO         1853    .rodata.str1.1      bsp_usb_hid_iap.o
    0x02033612   0x02033612   0x00000002   PAD
    0x02033614   0x02033614   0x00000020   Data   RO         2338    Region$$Table       anon$$obj.o


    Execution Region RW_IRAM1 (Exec base: 0x20004300, Load base: 0x02033638, Size: 0x00005110, Max: 0x00009d00, ABSOLUTE)

    Exec Addr    Load Addr    Size         Type   Attr      Idx    E Section Name        Object

    0x20004300   0x02033638   0x00000004   Data   RW         2315    .data               mc_w.l(stdout.o)
    0x20004304   0x0203363c   0x00000004   Data   RW         2324    .data               mc_w.l(mvars.o)
    0x20004308   0x02033640   0x00000004   Data   RW         2325    .data               mc_w.l(mvars.o)
    0x2000430c   0x02033644   0x00000046   Data   RW         1732    .data.cmdCtl        iap_application.o
    0x20004352   0x0203368a   0x00000002   PAD
    0x20004354   0x0203368c   0x00000028   Data   RW         1610    .data.emi_cmd_cmpl_handler_map  ctrl_emi.o
    0x2000437c   0x020336b4   0x00000002   Data   RW         1609    .data.emi_cmd_cmpl_handler_map_size  ctrl_emi.o
    0x2000437e   0x020336b6   0x00000002   PAD
    0x20004380   0x020336b8   0x000000a0   Data   RW           88    .data.sw_timers     noos_impl.o
    0x20004420        -       0x00000003   Zero   RW         1843    .bss.CtlReport      bsp_usb_hid_iap.o
    0x20004423   0x02033758   0x00000001   PAD
    0x20004424        -       0x00000040   Zero   RW         1849    .bss.DataRecvBuf    bsp_usb_hid_iap.o
    0x20004464        -       0x00000040   Zero   RW         1850    .bss.DataSendBuf    bsp_usb_hid_iap.o
    0x200044a4        -       0x00000040   Zero   RW         1851    .bss.DynamicDescriptor  bsp_usb_hid_iap.o
    0x200044e4        -       0x00000038   Zero   RW         1842    .bss.KeybReport     bsp_usb_hid_iap.o
    0x2000451c        -       0x00000003   Zero   RW         1796    .bss.TransportRecvCtl  iap_transport.o
    0x2000451f        -       0x00000006   Zero   RW         1797    .bss.TransportRecvData  iap_transport.o
    0x20004525   0x02033758   0x00000003   PAD
    0x20004528        -       0x00000003   Zero   RW         1844    .bss.UcmReport      bsp_usb_hid_iap.o
    0x2000452b   0x02033758   0x00000001   PAD
    0x2000452c        -       0x00000004   Zero   RW         1846    .bss.UsbVar         bsp_usb_hid_iap.o
    0x20004530        -       0x00000048   Zero   RW         1463    .bss._SEGGER_RTT    trace.o
    0x20004578        -       0x00000010   Zero   RW         1470    .bss._acDownBuffer  trace.o
    0x20004588        -       0x000001f4   Zero   RW         1469    .bss._acUpBuffer    trace.o
    0x2000477c        -       0x00001fa4   Zero   RW         1730    .bss.appBuffer      iap_application.o
    0x20006720        -       0x00000004   Zero   RW         1871    .bss.app_busy_flag  cust_main.o
    0x20006724        -       0x00000020   Zero   RW         1617    .bss.buffer         ctrl_emi.o
    0x20006744        -       0x00000020   Zero   RW         1655    .bss.buffer         ctrl.o
    0x20006764        -       0x00000001   Zero   RW         1616    .bss.command_completed  ctrl_emi.o
    0x20006765   0x02033758   0x00000003   PAD
    0x20006768        -       0x00000008   Zero   RW         1596    .bss.current_time   ctrl_emi.o
    0x20006770        -       0x00000008   Zero   RW         1619    .bss.custom_sweep_task_ctx  ctrl_emi.o
    0x20006778        -       0x00000004   Zero   RW         1597    .bss.emi_sweep_timer_cb  ctrl_emi.o
    0x2000677c        -       0x00000040   Zero   RW         1329    .bss.g_UsbBufferEp0In  peripheral_usb.o
    0x200067bc        -       0x00000040   Zero   RW         1328    .bss.g_UsbBufferEp0Out  peripheral_usb.o
    0x200067fc        -       0x00000108   Zero   RW         1327    .bss.g_UsbVar       peripheral_usb.o
    0x20006904        -       0x00000001   Zero   RW         1603    .bss.g_active_flag  ctrl_emi.o
    0x20006905        -       0x0000000d   Zero   RW         1605    .bss.g_cmd          ctrl_emi.o
    0x20006912        -       0x00000001   Zero   RW         1607    .bss.g_forward_process_state  ctrl_emi.o
    0x20006913   0x02033758   0x00000001   PAD
    0x20006914        -       0x00000004   Zero   RW         1600    .bss.g_req          ctrl_emi.o
    0x20006918        -       0x00000001   Zero   RW         1608    .bss.g_start_process_state  ctrl_emi.o
    0x20006919        -       0x00000001   Zero   RW         1599    .bss.g_state        ctrl_emi.o
    0x2000691a        -       0x00000001   Zero   RW         1604    .bss.g_state_request  ctrl_emi.o
    0x2000691b        -       0x00000001   Zero   RW         1606    .bss.g_stop_process_state  ctrl_emi.o
    0x2000691c        -       0x00000001   Zero   RW         1598    .bss.g_sweep_state  ctrl_emi.o
    0x2000691d   0x02033758   0x00000003   PAD
    0x20006920        -       0x00000004   Zero   RW           93    .bss.handle_cnt     noos_impl.o
    0x20006924        -       0x00000002   Zero   RW          127    .bss.hci_cmd_cmpl_user_handler_map_len  profile.o
    0x20006926   0x02033758   0x00000002   PAD
    0x20006928        -       0x00000050   Zero   RW          126    .bss.hci_cmd_complete_user_handler_map  profile.o
    0x20006978        -       0x00000008   Zero   RW          129    .bss.hci_event_callback_registration  profile.o
    0x20006980        -       0x00000004   Zero   RW           89    .bss.host_entry     noos_impl.o
    0x20006984        -       0x00000004   Zero   RW           90    .bss.host_param     noos_impl.o
    0x20006988        -       0x00000004   Zero   RW         1795    .bss.iap_transport_recv_cmd_callback  iap_transport.o
    0x2000698c        -       0x00000004   Zero   RW           94    .bss.int_lock_cnt   noos_impl.o
    0x20006990        -       0x00000003   Zero   RW         1852    .bss.interfaceAlternateSetting  bsp_usb_hid_iap.o
    0x20006993        -       0x00000001   Zero   RW         1653    .bss.is_command_process  ctrl.o
    0x20006994        -       0x00000130   Zero   RW         1654    .bss.package        ctrl.o
    0x20006ac4        -       0x000000a0   Zero   RW         1615    .bss.queue          ctrl_emi.o
    0x20006b64        -       0x00000004   Zero   RW         1614    .bss.queue_rp       ctrl_emi.o
    0x20006b68        -       0x00000004   Zero   RW         1613    .bss.queue_wp       ctrl_emi.o
    0x20006b6c        -       0x00000001   Zero   RW         1601    .bss.running_task   ctrl_emi.o
    0x20006b6d   0x02033758   0x00000003   PAD
    0x20006b70        -       0x00000004   Zero   RW         1618    .bss.rx_received_packet_num  ctrl_emi.o
    0x20006b74        -       0x0000004a   Zero   RW         1794    .bss.sendCtl        iap_transport.o
    0x20006bbe        -       0x00000008   Zero   RW         1611    .bss.sweep_carrier_task_ctx  ctrl_emi.o
    0x20006bc6        -       0x00000007   Zero   RW         1612    .bss.sweep_tx_v4_task_ctx  ctrl_emi.o
    0x20006bcd   0x02033758   0x00000003   PAD
    0x20006bd0        -       0x00000008   Zero   RW         1595    .bss.timeout_timepoint  ctrl_emi.o
    0x20006bd8        -       0x00000001   Zero   RW           20    .bss.trace_ctx      main.o
    0x20006bd9        -       0x00000014   Zero   RW         1468    .bss.trace_full_dump2.buf  trace.o
    0x20006bed        -       0x0000002e   Zero   RW         1467    .bss.trace_full_dump2.str  trace.o
    0x20006c1b   0x02033758   0x00000001   PAD
    0x20006c1c        -       0x00000004   Zero   RW         1847    .bss.usb_hid_iap_recv_callback  bsp_usb_hid_iap.o
    0x20006c20        -       0x00000004   Zero   RW         1848    .bss.usb_hid_ucm_recv_callback  bsp_usb_hid_iap.o
    0x20006c24   0x02033758   0x00000004   PAD
    0x20006c28        -       0x000023e8   Zero   RW          137    HEAP                startup_ing91600.o
    0x20009010        -       0x00000400   Zero   RW          136    STACK               startup_ing91600.o


==============================================================================

Image component sizes


      Code (inc. data)   RO Data    RW Data    ZI Data      Debug   Object Name

      3262         32        513          0        269      13745   bsp_usb_hid_iap.o
       166          0        512          0          0       1391   crc16.o
      1258          0        322          0        337       3921   ctrl.o
      9166        120       1837         42        273      17648   ctrl_emi.o
        32          0          0          0          4        955   cust_main.o
       892          0         72          0          0       6320   eflash.o
        32          0         15          0          0        330   iap_916.o
      4380          6       1769         70       8100      10761   iap_application.o
       170          0         16          0          0       1139   iap_bootloader.o
       474         16         70          0          0       2723   iap_flash_wp.o
      1596          0        438          0         87       4896   iap_transport.o
       424          0        237          0          1       5113   main.o
       922          0         88        160         16       5625   noos_impl.o
      1098          0        798          0          0      14436   peripheral_pinctrl.o
      3034        110          0          0          0      23555   peripheral_sysctrl.o
       492          0          0          0          0       4951   peripheral_timer.o
       316          0          0          0          0       5831   peripheral_uart.o
      6968          6          0          0        392      16035   peripheral_usb.o
       742          0         15          0         90       3965   profile.o
        40         12          8          0      10216        432   startup_ing91600.o
      1666          0         60          0        654      22447   trace.o

    ----------------------------------------------------------------------
     37428        302       6816        276      20464     166219   Object Totals
        20          0         32          0          0          0   (incl. Generated)
       278          0         14          4         25          0   (incl. Padding)

    ----------------------------------------------------------------------

      Code (inc. data)   RO Data    RW Data    ZI Data      Debug   Library Member Name

        36          0          0          0          0     151232   common.o
      1378          0       1024          0          0      59416   test_emi.o
         0          0          0          0          0          0   entry.o
         0          0          0          0          0          0   entry10a.o
         0          0          0          0          0          0   entry11a.o
         8          4          0          0          0          0   entry2.o
         4          0          0          0          0          0   entry5.o
         0          0          0          0          0          0   entry7b.o
         0          0          0          0          0          0   entry8b.o
         8          4          0          0          0          0   entry9a.o
        30          0          0          0          0          0   handlers.o
        36          8          0          0          0         68   init.o
         0          0          0          0          0          0   iusefp.o
        30          0          0          0          0         68   llshl.o
        36          0          0          0          0         68   llsshr.o
        32          0          0          0          0         68   llushr.o
       188         20          0          0          0        160   malloc.o
        26          0          0          0          0         80   memcmp.o
        64          0          0          0          0         76   memmovea.o
        36          0          0          0          0        108   memseta.o
         0          0          0          8          0          0   mvars.o
      2276         86          0          0          0        520   printfa.o
        36          6          0          0          0         80   puts.o
         0          0          0          4          0          0   stdout.o
        18          0          0          0          0         68   strcpy.o
        14          0          0          0          0         68   strlen.o
        44          0          0          0          0         80   uidiv.o
        98          0          0          0          0         92   uldiv.o
        48          0          0          0          0         68   cdrcmple.o
       334          0          0          0          0        148   dadd.o
       222          0          0          0          0        100   ddiv.o
       186          0          0          0          0        176   depilogue.o
        48          0          0          0          0         68   dfixul.o
       228          0          0          0          0         96   dmul.o

    ----------------------------------------------------------------------
      5472        128       1024         12          0     212908   Library Totals
         8          0          0          0          0          0   (incl. Padding)

    ----------------------------------------------------------------------

      Code (inc. data)   RO Data    RW Data    ZI Data      Debug   Library Name

      1414          0       1024          0          0     210648   EMI_test.lib
      2984        128          0         12          0       1604   mc_w.l
      1066          0          0          0          0        656   mf_w.l

    ----------------------------------------------------------------------
      5472        128       1024         12          0     212908   Library Totals

    ----------------------------------------------------------------------

==============================================================================


      Code (inc. data)   RO Data    RW Data    ZI Data      Debug   

     42900        430       7840        288      20464     377811   Grand Totals
     42900        430       7840        288      20464     377811   ELF Image Totals
     42900        430       7840        288          0          0   ROM Totals

==============================================================================

    Total RO  Size (Code + RO Data)                50740 (  49.55kB)
    Total RW  Size (RW Data + ZI Data)             20752 (  20.27kB)
    Total ROM Size (Code + RO Data + RW Data)      51028 (  49.83kB)

==============================================================================

