<html>
<body>
<pre>
<h1>µVision Build Log</h1>
<h2>Tool Versions:</h2>
IDE-Version: ¦ÌVision V5.30.0.0
Copyright (C) 2020 ARM Ltd and ARM Germany GmbH. All rights reserved.
License Information: ll ll, ll, LIC=9WSKC-74E88-013P1-C0D03-0GQ9R-8C7XG
 
Tool Versions:
Toolchain:       MDK-ARM Plus  Version: 5.30.0.0
Toolchain Path:  C:\Keil_v5\ARM\ARMCLANG\Bin
C Compiler:      ArmClang.exe V6.14
Assembler:       Armasm.exe V6.14
Linker/Locator:  ArmLink.exe V6.14
Library Manager: ArmAr.exe V6.14
Hex Converter:   FromElf.exe V6.14
CPU DLL:         SARMCM3.DLL V5.30.0.0
Dialog DLL:      DCM.DLL V1.17.3.0
Target DLL:      Segger\JL2CM3.dll V2.99.38.0
Dialog DLL:      TCM.DLL V1.42.0.0
 
<h2>Project:</h2>
C:\Users\rrr\Desktop\2.4G\emi_rx\emi_rx.uvprojx
Project File Date:  08/27/2024

<h2>Output:</h2>
*** Using Compiler 'V6.14', folder: 'C:\Keil_v5\ARM\ARMCLANG\Bin'
Rebuild target 'Target 1'
assembling startup_ing91600.s...
compiling peripheral_gpio.c...
compiling peripheral_uart.c...
compiling eflash.c...
compiling peripheral_pwm.c...
compiling main.c...
compiling profile.c...
compiling peripheral_i2c.c...
compiling peripheral_rtc.c...
compiling noos_impl.c...
compiling peripheral_adc.c...
compiling peripheral_pinctrl.c...
compiling peripheral_sysctrl.c...
compiling peripheral_ssp.c...
compiling peripheral_timer.c...
compiling peripheral_comparator.c...
compiling peripheral_ir.c...
compiling peripheral_i2s.c...
compiling peripheral_pdm.c...
compiling peripheral_dma.c...
compiling peripheral_keyscan.c...
compiling crc16.c...
compiling peripheral_pte.c...
compiling peripheral_qdec.c...
compiling peripheral_efuse.c...
compiling trace.c...
compiling ctrl_emi.c...
compiling peripheral_usb.c...
compiling IAP_916.c...
compiling IAP_Application.c...
compiling ctrl.c...
compiling IAP_Bootloader.c...
compiling IAP_Flash_WP.c...
compiling IAP_Transport.c...
compiling cust_main.c...
compiling bsp_usb_hid_iap.c...
linking...
Program Size: Code=42900 RO-data=7840 RW-data=288 ZI-data=20464  
FromELF: creating hex file...
After Build - User command #1: fromelf.exe --bin -o emi_rx.bin ./output/emi_rx.axf
".\output\emi_rx.axf" - 0 Error(s), 0 Warning(s).

<h2>Software Packages used:</h2>

Package Vendor: ARM
                http://www.keil.com/pack/ARM.CMSIS.5.7.0.pack
                ARM.CMSIS.5.7.0
                CMSIS (Cortex Microcontroller Software Interface Standard)
   * Component: CORE Version: 5.4.0

Package Vendor: INGChips
                http://www.ingchips.com/INGChips.INGCHIPS_DeviceFamilyPack.0.9.0.pack
                INGChips.INGCHIPS_DeviceFamilyPack.0.9.0
                INGChips ARM devices Device Family Pack with BSD license.

<h2>Collection of Component include folders:</h2>
  .\RTE\_Target_1
  C:\Users\rrr\AppData\Local\Arm\Packs\ARM\CMSIS\5.7.0\CMSIS\Core\Include

<h2>Collection of Component Files used:</h2>

   * Component: ARM::CMSIS:CORE:5.4.0
Build Time Elapsed:  00:00:06
</pre>
</body>
</html>
